******************************************************************************
                  TI ARM Linker Unix v5.1.5                    
******************************************************************************
>> Linked Tue Sep 20 06:15:30 2016

OUTPUT FILE NAME:   </home/travis/build/hello/kitsune/kitsune/main/ccs/exe/kitsune.out>
ENTRY POINT SYMBOL: "_c_int00"  address: 01012785


MEMORY CONFIGURATION

         name            origin    length      used     unused   attr    fill
----------------------  --------  ---------  --------  --------  ----  --------
  FLASH_CODE            0100a000   000f5fff  00054c74  000a138b  R  X
  SRAM_DATA             20000000   00040000  0003fc64  0000039c  RW X


SEGMENT ALLOCATION MAP

run origin  load origin   length   init length attrs members
----------  ----------- ---------- ----------- ----- -------
0100a000    0100a000    00000040   00000040    r--
  0100a000    0100a000    00000040   00000040    r-- .resetVecs
0100e010    0100e010    0003da88   0003da88    r-x
  0100e010    0100e010    0002a6e6   0002a6e6    r-x .text
  010386f8    010386f8    00013390   00013390    r-- .const
  0104ba88    0104ba88    00000010   00000010    r-- .binit
0104c000    0104c000    000131e0   000131e0    r--
  0104c000    0104c000    00011400   00011400    r-- .weights
  0105d400    0105d400    00001de0   00001de0    r-- .cinit
20000000    20000000    000389a2   00000000    rw-
  20000000    20000000    000389a2   00000000    rw- .bss
200389a4    0100a040    00003fce   00003fce    r-x
  200389a4    0100a040    00003fce   00003fce    r-x .ramcode
2003c978    2003c978    000028f4   00000000    rw-
  2003c978    2003c978    000028f4   00000000    rw- .data
2003f400    2003f400    00000400   00000000    rw-
  2003f400    2003f400    00000400   00000000    rw- .ramvecs
2003fa00    2003fa00    00000600   00000000    rw-
  2003fa00    2003fa00    00000600   00000000    rw- .stack


SECTION ALLOCATION MAP

 output                                  attributes/
section   page    origin      length       input sections
--------  ----  ----------  ----------   ----------------
.init_array 
*          0    0100a000    00000000     UNINITIALIZED

.resetVecs 
*          0    0100a000    00000040     
                  0100a000    00000040     startup_ccs.obj (.resetVecs)

.ramcode   0    0100a040    00003fce     RUN ADDR = 200389a4
                  0100a040    0000000c     FreeRTOS.a : tasks.obj (.ramcode:xTaskGetCurrentTaskHandle)
                  0100a04c    00000020                : tasks.obj (.ramcode:xTaskGetSchedulerState)
                  0100a06c    00000030                : tasks.obj (.ramcode:vTaskSetTimeOutState)
                  0100a09c    00000010                : tasks.obj (.ramcode:vTaskSuspendAll)
                  0100a0ac    00000088                : tasks.obj (.ramcode:xTaskCheckForTimeOut)
                  0100a134    00000026                : list.obj (.ramcode:uxListRemove)
                  0100a15a    00000018                : list.obj (.ramcode:vListInsertEnd)
                  0100a172    00000002     --HOLE-- [fill = 0]
                  0100a174    00000094                : tasks.obj (.ramcode:xTaskRemoveFromEventList)
                  0100a208    0000000c                : tasks.obj (.ramcode:vTaskMissedYield)
                  0100a214    00000062                : queue.obj (.ramcode:prvUnlockQueue)
                  0100a276    00000002     --HOLE-- [fill = 0]
                  0100a278    00000144                : tasks.obj (.ramcode:xTaskIncrementTick)
                  0100a3bc    000000fc                : tasks.obj (.ramcode:xTaskResumeAll)
                  0100a4b8    0000001a                : queue.obj (.ramcode:prvIsQueueEmpty)
                  0100a4d2    00000002     --HOLE-- [fill = 0]
                  0100a4d4    00000098                : tasks.obj (.ramcode:vTaskPriorityInherit)
                  0100a56c    00000032                : list.obj (.ramcode:vListInsert)
                  0100a59e    00000002     --HOLE-- [fill = 0]
                  0100a5a0    0000005c                : tasks.obj (.ramcode:prvAddCurrentTaskToDelayedList)
                  0100a5fc    00000078                : tasks.obj (.ramcode:vTaskPlaceOnEventList)
                  0100a674    00000024                : queue.obj (.ramcode:prvCopyDataFromQueue)
                  0100a698    00000018                : tasks.obj (.ramcode:pvTaskIncrementMutexHeldCount)
                  0100a6b0    0000023e                : queue.obj (.ramcode:xQueueGenericReceive)
                  0100a8ee    00000002     --HOLE-- [fill = 0]
                  0100a8f0    00000044                : queue.obj (.ramcode:xQueueTakeMutexRecursive)
                  0100a934    000000a0                : tasks.obj (.ramcode:ulTaskNotifyTake)
                  0100a9d4    00000018                : tasks.obj (.ramcode:xTaskGetTickCount)
                  0100a9ec    00000080                : tasks.obj (.ramcode:vTaskDelay)
                  0100aa6c    0000001e                : queue.obj (.ramcode:prvIsQueueFull)
                  0100aa8a    00000002     --HOLE-- [fill = 0]
                  0100aa8c    000000cc                : tasks.obj (.ramcode:xTaskPriorityDisinherit)
                  0100ab58    00000076                : queue.obj (.ramcode:prvCopyDataToQueue)
                  0100abce    00000002     --HOLE-- [fill = 0]
                  0100abd0    0000023a                : queue.obj (.ramcode:xQueueGenericSend)
                  0100ae0a    00000002     --HOLE-- [fill = 0]
                  0100ae0c    0000003c                : queue.obj (.ramcode:xQueueGiveMutexRecursive)
                  0100ae48    00000028                : queue.obj (.ramcode:uxQueueSpacesAvailable)
                  0100ae70    000000b4                : tasks.obj (.ramcode:xTaskRemoveFromUnorderedEventList)
                  0100af24    000000c5                : event_groups.obj (.ramcode:xEventGroupSetBits)
                  0100afe9    00000003     --HOLE-- [fill = 0]
                  0100afec    0000000c                : heap_6.obj (.ramcode:xPortGetFreeHeapSize)
                  0100aff8    00000104                : heap_6.obj (.ramcode:vPortFree)
                  0100b0fc    00000118                : heap_6.obj (.ramcode:vPortDefineHeapRegions)
                  0100b214    000000d0                : heap_6.obj (.ramcode:pvPortMalloc)
                  0100b2e4    00000016                : list.obj (.ramcode:vListInitialise)
                  0100b2fa    00000002     --HOLE-- [fill = 0]
                  0100b2fc    00000074                : queue.obj (.ramcode:xQueueGenericReset)
                  0100b370    0000008c                : queue.obj (.ramcode:xQueueGenericCreate)
                  0100b3fc    0000003c                : tasks.obj (.ramcode:prvAllocateTCBAndStack)
                  0100b438    00000006                : list.obj (.ramcode:vListInitialiseItem)
                  0100b43e    0000004c                : tasks.obj (.ramcode:prvInitialiseTCBVariables)
                  0100b48a    00000002     --HOLE-- [fill = 0]
                  0100b48c    00000020                : port.obj (.ramcode:pxPortInitialiseStack)
                  0100b4ac    00000064                : tasks.obj (.ramcode:prvInitialiseTaskLists)
                  0100b510    00000188                : tasks.obj (.ramcode:xTaskGenericCreate)
                  0100b698    00000034                : queue.obj (.ramcode:vQueueAddToRegistry)
                  0100b6cc    00000074                : timers.obj (.ramcode:prvCheckForValidListAndQueue)
                  0100b740    00000050                : timers.obj (.ramcode:xTimerCreateTimerTask)
                  0100b790    000000e8                : tasks.obj (.ramcode:vTaskSwitchContext)
                  0100b878    0000008c                : port.obj (.ramcode:xPortStartScheduler)
                  0100b904    00000074                : tasks.obj (.ramcode:vTaskStartScheduler)
                  0100b978    0000001a                : event_groups.obj (.ramcode:xEventGroupCreate)
                  0100b992    0000004c                : queue.obj (.ramcode:xQueueCreateMutex)
                  0100b9de    00000002     --HOLE-- [fill = 0]
                  0100b9e0    00000024                : queue.obj (.ramcode:vQueueUnregisterQueue)
                  0100ba04    00000030                : queue.obj (.ramcode:vQueueDelete)
                  0100ba34    0000014b                : queue.obj (.ramcode:xQueueGenericSendFromISR)
                  0100bb7f    00000001     --HOLE-- [fill = 0]
                  0100bb80    00000060                : timers.obj (.ramcode:xTimerCreate)
                  0100bbe0    00000073                : event_groups.obj (.ramcode:xEventGroupClearBits)
                  0100bc53    00000001     --HOLE-- [fill = 0]
                  0100bc54    00000078                : timers.obj (.ramcode:xTimerGenericCommand)
                  0100bccc    000000d4                : tasks.obj (.ramcode:vTaskDelete)
                  0100bda0    000000ac                : tasks.obj (.ramcode:vTaskPlaceOnUnorderedEventList)
                  0100be4c    00000018                : tasks.obj (.ramcode:uxTaskResetEventItemValue)
                  0100be64    00000186                : event_groups.obj (.ramcode:xEventGroupWaitBits)
                  0100bfea    00000012                : tasks.obj (.ramcode:prvDeleteTCB)
                  0100bffc    00000058                : tasks.obj (.ramcode:prvCheckTasksWaitingTermination)
                  0100c054    000000a6     led_cmd.obj (.ramcode:led_slow)
                  0100c0fa    0000001a     led_cmd.obj (.ramcode:set_low)
                  0100c114    00000113     FreeRTOS.a : queue.obj (.ramcode:xQueueGiveFromISR)
                  0100c227    00000001     --HOLE-- [fill = 0]
                  0100c228    00000024     fft.obj (.ramcode:bitexp)
                  0100c24c    000000d8     FreeRTOS.a : tasks.obj (.ramcode:vTaskDelayUntil)
                  0100c324    0000001c                : tasks.obj (.ramcode:xTaskGetTickCountFromISR)
                  0100c340    00000020                : timers.obj (.ramcode:prvGetNextExpireTime)
                  0100c360    00000078                : timers.obj (.ramcode:prvSwitchTimerLists)
                  0100c3d8    0000002c                : timers.obj (.ramcode:prvSampleTimeNow)
                  0100c404    00000044                : timers.obj (.ramcode:prvInsertTimerInActiveList)
                  0100c448    00000058                : timers.obj (.ramcode:prvProcessExpiredTimer)
                  0100c4a0    00000080                : tasks.obj (.ramcode:vTaskPlaceOnEventListRestricted)
                  0100c520    00000040                : queue.obj (.ramcode:vQueueWaitForMessageRestricted)
                  0100c560    00000060                : timers.obj (.ramcode:prvProcessTimerOrBlockTask)
                  0100c5c0    000000e4                : timers.obj (.ramcode:prvProcessReceivedCommands)
                  0100c6a4    00000014                : timers.obj (.ramcode:prvTimerTask)
                  0100c6b8    00000210                : heap_6.obj (.ramcode:pvPortRealloc)
                  0100c8c8    0000002c     fft.obj (.ramcode:bitlog)
                  0100c8f4    00000023     FreeRTOS.a : queue.obj (.ramcode:uxQueueMessagesWaiting)
                  0100c917    00000001     --HOLE-- [fill = 0]
                  0100c918    00000014                : tasks.obj (.ramcode:prvTaskCheckFreeStackSpace)
                  0100c92c    0000008c                : tasks.obj (.ramcode:prvListTaskWithinSingleList)
                  0100c9b8    0000009c                : tasks.obj (.ramcode:uxTaskGetSystemState)
                  0100ca54    000000c4                : tasks.obj (.ramcode:vTaskList)
                  0100cb18    0000004c     tinytensor_lstm_layer.obj (.ramcode:tinytensor_create_lstm_layer)
                  0100cb64    00000038     keyword_net.obj (.ramcode:keyword_net_initialize)
                  0100cb9c    00000024     keyword_net.obj (.ramcode:keyword_net_register_callback)
                  0100cbc0    00000010     keyword_net.obj (.ramcode:keyword_net_register_speech_callback)
                  0100cbd0    00000044     fft.obj (.ramcode:fxd_sin)
                  0100cc14    00000138     fft.obj (.ramcode:fft)
                  0100cd4c    000000c8     tinytensor_features.obj (.ramcode:tinytensor_features_get_mel_bank)
                  0100ce14    00000158     fft.obj (.ramcode:logpsdmel)
                  0100cf6c    00000234     tinytensor_features.obj (.ramcode:add_samples_and_get_mel)
                  0100d1a0    00000078     tinytensor_features.obj (.ramcode:tinytensor_features_add_samples)
                  0100d218    00000018     keyword_net.obj (.ramcode:keyword_net_deinitialize)
                  0100d230    00000104     FreeRTOS.a : tasks.obj (.ramcode:vTaskNotifyGiveFromISR)
                  0100d334    00000440     pcm_handler.obj (.ramcode:DMAPingPongCompleteAppCB_opt)
                  0100d774    0000000a     FreeRTOS.a : SEGGER_SYSVIEW.obj (.tramp.SEGGER_SYSVIEW_RecordEnterISR.1)
                  0100d77e    00000002     --HOLE-- [fill = 0]
                  0100d780    0000000a     driverlib.a : i2s.obj (.tramp.I2SIntStatus.1)
                  0100d78a    00000002     --HOLE-- [fill = 0]
                  0100d78c    0000000a                 : udma.obj (.tramp.uDMAIntStatus.1)
                  0100d796    00000002     --HOLE-- [fill = 0]
                  0100d798    0000000a     circ_buff.obj (.tramp.GetBufferSize.1)
                  0100d7a2    00000002     --HOLE-- [fill = 0]
                  0100d7a4    0000000a     circ_buff.obj (.tramp.FillBuffer.1)
                  0100d7ae    00000002     --HOLE-- [fill = 0]
                  0100d7b0    0000000a     circ_buff.obj (.tramp.GetReadPtr.1)
                  0100d7ba    00000002     --HOLE-- [fill = 0]
                  0100d7bc    0000000a     circ_buff.obj (.tramp.UpdateReadPtr.1)
                  0100d7c6    00000002     --HOLE-- [fill = 0]
                  0100d7c8    0000000a     FreeRTOS.a : SEGGER_SYSVIEW.obj (.tramp.SEGGER_SYSVIEW_RecordExitISR.1)
                  0100d7d2    00000002     --HOLE-- [fill = 0]
                  0100d7d4    0000000a                : SEGGER_SYSVIEW.obj (.tramp.SEGGER_SYSVIEW_RecordExitISRToScheduler.1)
                  0100d7de    00000002     --HOLE-- [fill = 0]
                  0100d7e0    0000000a     driverlib.a : udma.obj (.tramp.uDMAIntClear.1)
                  0100d7ea    00000002     --HOLE-- [fill = 0]
                  0100d7ec    0000000a                 : i2s.obj (.tramp.I2SIntClear.1)
                  0100d7f6    00000002     --HOLE-- [fill = 0]
                  0100d7f8    00000140     keyword_net.obj (.ramcode:feats_callback)
                  0100d938    0000000a     tinytensor_net.obj (.tramp.tinytensor_eval_stateful_net.1)
                  0100d942    00000002     --HOLE-- [fill = 0]
                  0100d944    0000000a     uart_logger.obj (.tramp.uart_logf.1)
                  0100d94e    0000007c     fft.obj (.ramcode:fix_window)
                  0100d9ca    00000002     --HOLE-- [fill = 0]
                  0100d9cc    00000038     tinytensor_lstm_layer.obj (.ramcode:hard_sigmoid)
                  0100da04    000001a8     tinytensor_lstm_layer.obj (.ramcode:lstm_time_step_forwards)
                  0100dbac    0000000a     hlo_m4.obj (.tramp.hlo_asm_accumulate.1)
                  0100dbb6    0000013a     tinytensor_lstm_layer.obj (.ramcode:eval_helper)
                  0100dcf0    0000005e     tinytensor_lstm_layer.obj (.ramcode:eval)
                  0100dd4e    00000002     --HOLE-- [fill = 0]
                  0100dd50    0000008c     tinytensor_math.obj (.ramcode:tinytensor_tanh)
                  0100dddc    0000000a     tinytensor_net.obj (.tramp.tinytensor_free_states.1)
                  0100dde6    00000002     --HOLE-- [fill = 0]
                  0100dde8    0000000a     tinytensor_features.obj (.tramp.tinytensor_features_deinitialize.1)
                  0100ddf2    00000002     --HOLE-- [fill = 0]
                  0100ddf4    0000000a     audiofeatures.obj (.tramp.set_background_energy.1)
                  0100ddfe    00000002     --HOLE-- [fill = 0]
                  0100de00    0000000a     tinytensor_features.obj (.tramp.do_voice_activity_detection.1)
                  0100de0a    00000002     --HOLE-- [fill = 0]
                  0100de0c    0000000a     rtsv7M4_T_le_eabi.lib : ll_mul_t2.obj (.tramp.__aeabi_lmul.1)
                  0100de16    00000002     --HOLE-- [fill = 0]
                  0100de18    0000000a     hellomath.obj (.tramp.FixedPointLog2Q10.1)
                  0100de22    00000002     --HOLE-- [fill = 0]
                  0100de24    0000000a     tinytensor_features.obj (.tramp.tinytensor_features_initialize.1)
                  0100de2e    00000002     --HOLE-- [fill = 0]
                  0100de30    0000000a     tinytensor_net.obj (.tramp.tinytensor_allocate_states.1)
                  0100de3a    00000002     --HOLE-- [fill = 0]
                  0100de3c    0000000a     keyword_net.obj (.tramp.initialize_network.1)
                  0100de46    00000002     --HOLE-- [fill = 0]
                  0100de48    0000000a     rtsv7M4_T_le_eabi.lib : strlen.obj (.tramp.strlen.1)
                  0100de52    00000002     --HOLE-- [fill = 0]
                  0100de54    0000000a     ustdlib.obj (.tramp.usprintf.1)
                  0100de5e    00000002     --HOLE-- [fill = 0]
                  0100de60    0000000a     FreeRTOS.a : tasks.obj (.tramp.prvWriteNameToBuffer.1)
                  0100de6a    00000002     --HOLE-- [fill = 0]
                  0100de6c    0000000a     rtsv7M4_T_le_eabi.lib : memmov.obj (.tramp.memmove.1)
                  0100de76    00000002     --HOLE-- [fill = 0]
                  0100de78    0000000a     FreeRTOS.a : SEGGER_SYSVIEW.obj (.tramp.SEGGER_SYSVIEW_RecordVoid.1)
                  0100de82    00000002     --HOLE-- [fill = 0]
                  0100de84    0000000a     driverlib.a : utils.obj (.tramp.UtilsDelay.1)
                  0100de8e    00000002     --HOLE-- [fill = 0]
                  0100de90    0000000a     FreeRTOS.a : event_groups.obj (.tramp.prvTestWaitCondition.1)
                  0100de9a    00000002     --HOLE-- [fill = 0]
                  0100de9c    0000000a                : SEGGER_SYSVIEW_FreeRTOS.obj (.tramp.SYSVIEW_DeleteTask.1)
                  0100dea6    00000002     --HOLE-- [fill = 0]
                  0100dea8    0000000a                : port.obj (.tramp.vPortClearInterruptMask.1)
                  0100deb2    00000002     --HOLE-- [fill = 0]
                  0100deb4    0000000a                : port.obj (.tramp.vPortValidateInterruptPriority.1)
                  0100debe    00000002     --HOLE-- [fill = 0]
                  0100dec0    0000000a                : port.obj (.tramp.ulPortSetInterruptMask.1)
                  0100deca    00000002     --HOLE-- [fill = 0]
                  0100decc    0000000a                : port.obj (.tramp.prvTaskExitError.1)
                  0100ded6    00000002     --HOLE-- [fill = 0]
                  0100ded8    0000000a                : portasm.obj (.tramp.prvPortStartFirstTask.1)
                  0100dee2    00000002     --HOLE-- [fill = 0]
                  0100dee4    0000000a                : port.obj (.tramp.vPortSetupTimerInterrupt.1)
                  0100deee    00000002     --HOLE-- [fill = 0]
                  0100def0    0000000a                : SEGGER_SYSVIEW.obj (.tramp.SEGGER_SYSVIEW_OnIdle.1)
                  0100defa    00000002     --HOLE-- [fill = 0]
                  0100defc    0000000a                : SEGGER_SYSVIEW.obj (.tramp.SEGGER_SYSVIEW_OnTaskStartExec.1)
                  0100df06    00000002     --HOLE-- [fill = 0]
                  0100df08    0000000a                : portasm.obj (.tramp.portCLZ.1)
                  0100df12    00000002     --HOLE-- [fill = 0]
                  0100df14    0000000a     main.obj (.tramp.vApplicationStackOverflowHook.1)
                  0100df1e    00000002     --HOLE-- [fill = 0]
                  0100df20    0000000a     FreeRTOS.a : SEGGER_SYSVIEW_FreeRTOS.obj (.tramp.SYSVIEW_AddTask.1)
                  0100df2a    00000002     --HOLE-- [fill = 0]
                  0100df2c    0000000a                : SEGGER_SYSVIEW.obj (.tramp.SEGGER_SYSVIEW_OnTaskCreate.1)
                  0100df36    00000002     --HOLE-- [fill = 0]
                  0100df38    0000000a     rtsv7M4_T_le_eabi.lib : memset_t2.obj (.tramp.memset.1)
                  0100df42    00000002     --HOLE-- [fill = 0]
                  0100df44    0000000a     FreeRTOS.a : SEGGER_SYSVIEW.obj (.tramp.SEGGER_SYSVIEW_RecordU32x3.1)
                  0100df4e    00000002     --HOLE-- [fill = 0]
                  0100df50    0000000a     commands.obj (.tramp.usertraceMALLOC.1)
                  0100df5a    00000002     --HOLE-- [fill = 0]
                  0100df5c    0000000a     FreeRTOS.a : heap_6.obj (.tramp.prvHeapInit.1)
                  0100df66    00000002     --HOLE-- [fill = 0]
                  0100df68    0000000a                : heap_6.obj (.tramp.prvInsertBlockIntoFreeList.1)
                  0100df72    00000002     --HOLE-- [fill = 0]
                  0100df74    0000000a     commands.obj (.tramp.usertraceFREE.1)
                  0100df7e    00000002     --HOLE-- [fill = 0]
                  0100df80    0000000a     FreeRTOS.a : SEGGER_SYSVIEW.obj (.tramp.SEGGER_SYSVIEW_RecordU32x2.1)
                  0100df8a    00000002     --HOLE-- [fill = 0]
                  0100df8c    0000000a                : SEGGER_SYSVIEW_FreeRTOS.obj (.tramp.SYSVIEW_RecordU32x4.1)
                  0100df96    00000002     --HOLE-- [fill = 0]
                  0100df98    0000000a                : SEGGER_SYSVIEW.obj (.tramp.SEGGER_SYSVIEW_ShrinkId.1)
                  0100dfa2    00000002     --HOLE-- [fill = 0]
                  0100dfa4    0000000a     rtsv7M4_T_le_eabi.lib : memcpy_t2.obj (.tramp.memcpy.1)
                  0100dfae    00000002     --HOLE-- [fill = 0]
                  0100dfb0    0000000a     FreeRTOS.a : SEGGER_SYSVIEW.obj (.tramp.SEGGER_SYSVIEW_OnTaskStopReady.1)
                  0100dfba    00000002     --HOLE-- [fill = 0]
                  0100dfbc    0000000a                : SEGGER_SYSVIEW.obj (.tramp.SEGGER_SYSVIEW_RecordU32.1)
                  0100dfc6    00000002     --HOLE-- [fill = 0]
                  0100dfc8    0000000a                : port.obj (.tramp.vPortYield.1)
                  0100dfd2    00000002     --HOLE-- [fill = 0]
                  0100dfd4    0000000a                : tasks.obj (.tramp.prvResetNextTaskUnblockTime.1)
                  0100dfde    00000002     --HOLE-- [fill = 0]
                  0100dfe0    0000000a                : SEGGER_SYSVIEW.obj (.tramp.SEGGER_SYSVIEW_OnTaskStartReady.1)
                  0100dfea    00000002     --HOLE-- [fill = 0]
                  0100dfec    0000000a                : port.obj (.tramp.vPortExitCritical.1)
                  0100dff6    00000002     --HOLE-- [fill = 0]
                  0100dff8    0000000a                : port.obj (.tramp.vPortEnterCritical.1)
                  0100e002    00000002     --HOLE-- [fill = 0]
                  0100e004    0000000a     main.obj (.tramp.vAssertCalled.1)

.text      0    0100e010    0002a6e6     
                  0100e010    0000009c     rtsv7M4_T_le_eabi.lib : memcpy_t2.obj (.text)
                  0100e0ac    00000044                           : cpy_tbl.obj (.text)
                  0100e0f0    00000094                           : auto_init.obj (.text)
                  0100e184    0000000c     driverlib.a : interrupt.obj (.text:IntVTableBaseSet)
                  0100e190    0000008c                 : interrupt.obj (.text:IntEnable)
                  0100e21c    00000006                 : utils.obj (.text:UtilsDelay)
                  0100e222    00000010                 : prcm.obj (.text:PRCMHIBRegRead)
                  0100e232    00000002     FreeRTOS.a : port.obj (.text:vPortValidateInterruptPriority)
                  0100e234    00000054     driverlib.a : prcm.obj (.text:PRCMSysResetCauseGet)
                  0100e288    0000000a                 : prcm.obj (.text:PRCMHIBRegWrite)
                  0100e292    00000002     main.obj (.text:vApplicationIdleHook)
                  0100e294    00000034     driverlib.a : prcm.obj (.text:PRCMPeripheralClkEnable)
                  0100e2c8    00000040                 : prcm.obj (.text:PRCMPeripheralReset)
                  0100e308    00000018                 : prcm.obj (.text:PRCMPeripheralClkDisable)
                  0100e320    00000244                 : prcm.obj (.text:PRCMCC3200MCUInit)
                  0100e564    00000034     main.obj (.text:BoardInit)
                  0100e598    00000028     driverlib.a : pin.obj (.text:PinModeSet)
                  0100e5c0    00000060                 : pin.obj (.text:PinConfigSet)
                  0100e620    00000284     pinmux.obj (.text:PinMuxConfig)
                  0100e8a4    00000028     FreeRTOS.a : osi_freertos.obj (.text:osi_InterruptRegister)
                  0100e8cc    00000078     rtsv7M4_T_le_eabi.lib : memset_t2.obj (.text)
                  0100e944    00000068     udma_if.obj (.text:UDMAInit)
                  0100e9ac    00000028     driverlib.a : timer.obj (.text:TimerConfigure)
                  0100e9d4    00000054     timer_if.obj (.text:simplelink_timerA2_start)
                  0100ea28    00000078     FreeRTOS.a : SEGGER_RTT.obj (.text:_DoInit)
                  0100eaa0    00000010                : SEGGER_RTT.obj (.text:SEGGER_RTT_Init)
                  0100eab0    00000070                : SEGGER_RTT.obj (.text:SEGGER_RTT_ConfigUpBuffer)
                  0100eb20    00000070                : SEGGER_RTT.obj (.text:SEGGER_RTT_ConfigDownBuffer)
                  0100eb90    00000070                : SEGGER_SYSVIEW.obj (.text:SEGGER_SYSVIEW_Init)
                  0100ec00    0000000c                : SEGGER_SYSVIEW.obj (.text:SEGGER_SYSVIEW_SetRAMBase)
                  0100ec0c    00000028                : SEGGER_SYSVIEW_Config_FreeRTOS.obj (.text:SEGGER_SYSVIEW_Conf)
                  0100ec34    00000042     rtsv7M4_T_le_eabi.lib : u_divt2.obj (.text)
                  0100ec76    00000002     pb_encode.obj (.text:remove_const)
                  0100ec78    000001fa     uart_logger.obj (.text:_va_printf)
                  0100ee72    00000002     tinytensor_features.obj (.text:tinytensor_features_deinitialize)
                  0100ee74    00000048     uart_logger.obj (.text:uart_logf)
                  0100eebc    00000010     FreeRTOS.a : port.obj (.text:vPortClearInterruptMask)
                  0100eecc    00000038                : port.obj (.text:vPortExitCritical)
                  0100ef04    00000010                : SEGGER_SYSVIEW.obj (.text:SEGGER_SYSVIEW_ShrinkId)
                  0100ef14    0000001c                : SEGGER_SYSVIEW.obj (.text:SEGGER_SYSVIEW_EncodeU32)
                  0100ef30    000000a4                : SEGGER_RTT.obj (.text:SEGGER_RTT_WriteSkipNoLock)
                  0100efd4    0000007c                : SEGGER_SYSVIEW.obj (.text:_TrySendOverflowPacket)
                  0100f050    0000007c                : SEGGER_RTT.obj (.text:SEGGER_RTT_ReadNoLock)
                  0100f0cc    00000004                : SEGGER_SYSVIEW.obj (.text:_PreparePacket)
                  0100f0d0    00000022                : SEGGER_SYSVIEW.obj (.text:_EncodeStr)
                  0100f0f2    00000002     main.obj (.text:SimpleLinkSocketTriggerEventHandler)
                  0100f0f4    00000078     FreeRTOS.a : SEGGER_SYSVIEW.obj (.text:SEGGER_SYSVIEW_SendModule)
                  0100f16c    0000001c                : SEGGER_SYSVIEW.obj (.text:SEGGER_SYSVIEW_SendModuleDescription)
                  0100f188    0000003c                : SEGGER_SYSVIEW.obj (.text:SEGGER_SYSVIEW_SendNumModules)
                  0100f1c4    0000008c                : SEGGER_SYSVIEW.obj (.text:SEGGER_SYSVIEW_GetSysDesc)
                  0100f250    00000014                : SEGGER_SYSVIEW.obj (.text:SEGGER_SYSVIEW_SendTaskList)
                  0100f264    00000050                : SEGGER_SYSVIEW.obj (.text:SEGGER_SYSVIEW_RecordU32x2)
                  0100f2b4    00000034                : SEGGER_SYSVIEW.obj (.text:SEGGER_SYSVIEW_RecordU32)
                  0100f2e8    00000034                : SEGGER_SYSVIEW.obj (.text:SEGGER_SYSVIEW_RecordSystime)
                  0100f31c    00000024                : SEGGER_SYSVIEW.obj (.text:SEGGER_SYSVIEW_Stop)
                  0100f340    00000012                : SEGGER_SYSVIEW.obj (.text:SEGGER_SYSVIEW_RecordVoid)
                  0100f352    00000002     startup_ccs.obj (.text:BusFaultHandler)
                  0100f354    000000a8     FreeRTOS.a : SEGGER_SYSVIEW.obj (.text:SEGGER_SYSVIEW_Start)
                  0100f3fc    0000008a                : SEGGER_SYSVIEW.obj (.text:_HandleIncomingPacket)
                  0100f486    00000002     driverlib.a : interrupt.obj (.text:IntDefaultHandler)
                  0100f488    000000f0     FreeRTOS.a : SEGGER_SYSVIEW.obj (.text:_SendPacket)
                  0100f578    0000000c                : SEGGER_SYSVIEW.obj (.text:SEGGER_SYSVIEW_SendPacket)
                  0100f584    00000032                : SEGGER_SYSVIEW_FreeRTOS.obj (.text:SYSVIEW_RecordU32x4)
                  0100f5b6    0000000e                : port.obj (.text:ulPortSetInterruptMask)
                  0100f5c4    0000001c                : port.obj (.text:vPortEnterCritical)
                  0100f5e0    0000003c                : SEGGER_SYSVIEW.obj (.text:SEGGER_SYSVIEW_OnTaskStartReady)
                  0100f61c    0000002c                : tasks.obj (.text:prvResetNextTaskUnblockTime)
                  0100f648    00000018                : port.obj (.text:vPortYield)
                  0100f660    0000005c                : SEGGER_SYSVIEW.obj (.text:SEGGER_SYSVIEW_OnTaskStopReady)
                  0100f6bc    00000008     driverlib.a : i2c.obj (.text:I2CMasterSlaveAddrSet)
                  0100f6c4    00000004                 : i2c.obj (.text:I2CMasterDataPut)
                  0100f6c8    00000004                 : i2c.obj (.text:I2CMasterIntClearEx)
                  0100f6cc    00000020                 : i2c.obj (.text:_I2CIntNumberGet)
                  0100f6ec    00000010                 : interrupt.obj (.text:IntRegister)
                  0100f6fc    00000018                 : i2c.obj (.text:I2CIntRegister)
                  0100f714    00000008                 : i2c.obj (.text:I2CMasterIntEnableEx)
                  0100f71c    00000004                 : i2c.obj (.text:I2CMasterTimeoutSet)
                  0100f720    00000004                 : i2c.obj (.text:I2CMasterControl)
                  0100f724    00000006                 : i2c.obj (.text:I2CMasterIntDisable)
                  0100f72a    00000002     startup_ccs.obj (.text:IntDefaultHandler)
                  0100f72c    0000008c     driverlib.a : interrupt.obj (.text:IntDisable)
                  0100f7b8    00000014                 : interrupt.obj (.text:IntUnregister)
                  0100f7cc    00000014                 : i2c.obj (.text:I2CIntUnregister)
                  0100f7e0    00000024                 : pin.obj (.text:PinTypeGPIO)
                  0100f804    0000001a                 : gpio.obj (.text:GPIODirModeSet)
                  0100f81e    00000006                 : gpio.obj (.text:GPIOPinWrite)
                  0100f824    00000006                 : gpio.obj (.text:GPIOPinRead)
                  0100f82a    00000016                 : pin.obj (.text:PinTypeI2C)
                  0100f840    00000016                 : i2c.obj (.text:I2CMasterErr)
                  0100f856    00000002     startup_ccs.obj (.text:NmiSR)
                  0100f858    000000fc     i2c_if.obj (.text:checki2c)
                  0100f954    0000006c     i2c_if.obj (.text:I2CTransact)
                  0100f9c0    00000068     i2c_if.obj (.text:I2C_IF_Write)
                  0100fa28    00000034     i2c_cmd.obj (.text:codec_set_page)
                  0100fa5c    00000038     i2c_cmd.obj (.text:codec_set_book)
                  0100fa94    00000060     i2c_cmd.obj (.text:set_volume)
                  0100faf4    00000040     i2c_cmd.obj (.text:codec_mute_spkr)
                  0100fb34    0000003e     fatfs.a : ff.obj (.text:get_ldnumber)
                  0100fb72    00000002     hlo_audio_tools.obj (.text:_begin_keyword)
                  0100fb74    00000010     diskio.obj (.text:disk_status)
                  0100fb84    00000018     driverlib.a : sdhost.obj (.text:SDHostIntStatus)
                  0100fb9c    00000050     diskio.obj (.text:CardSendCmd)
                  0100fbec    00000078     diskio.obj (.text:CardCapacityGet)
                  0100fc64    00000060     diskio.obj (.text:CardSelect)
                  0100fcc4    0000015c     diskio.obj (.text:disk_initialize)
                  0100fe20    0000000e     driverlib.a : sdhost.obj (.text:SDHostBlockCountSet)
                  0100fe2e    00000002     hlo_http.obj (.text:_response_header)
                  0100fe30    00000018     driverlib.a : sdhost.obj (.text:SDHostIntClear)
                  0100fe48    0000001c                 : sdhost.obj (.text:SDHostIntEnable)
                  0100fe64    0000004e     udma_if.obj (.text:UDMASetupTransfer)
                  0100feb2    00000002     --HOLE-- [fill = 0]
                  0100feb4    00000104     diskio.obj (.text:disk_write)
                  0100ffb8    0000004e     fatfs.a : ff.obj (.text:sync_window)
                  01010006    00000002     --HOLE-- [fill = 0]
                  01010008    000000e0     diskio.obj (.text:disk_read)
                  010100e8    00000034     fatfs.a : ff.obj (.text:move_window)
                  0101011c    0000000c             : ff.obj (.text:ld_word)
                  01010128    00000016             : ff.obj (.text:ld_dword)
                  0101013e    00000002     --HOLE-- [fill = 0]
                  01010140    00000060             : ff.obj (.text:check_fs)
                  010101a0    00000284             : ff.obj (.text:find_volume)
                  01010424    00000026             : ff.obj (.text:ld_clust)
                  0101044a    0000000a             : ff.obj (.text:mem_set)
                  01010454    00000010             : ff.obj (.text:chk_chr)
                  01010464    0000012b             : ff.obj (.text:create_name)
                  0101058f    00000001     --HOLE-- [fill = 0]
                  01010590    000000be             : ff.obj (.text:get_fat)
                  0101064e    00000018             : ff.obj (.text:clust2sect)
                  01010666    00000082             : ff.obj (.text:dir_sdi)
                  010106e8    0000001a             : ff.obj (.text:mem_cmp)
                  01010702    00000016             : ff.obj (.text:st_dword)
                  01010718    0000000c             : ff.obj (.text:st_word)
                  01010724    000000f8             : ff.obj (.text:put_fat)
                  0101081c    000000b2             : ff.obj (.text:create_chain)
                  010108ce    000000f2             : ff.obj (.text:dir_next)
                  010109c0    00000052             : ff.obj (.text:dir_find)
                  01010a12    00000076             : ff.obj (.text:follow_path)
                  01010a88    00000072             : ff.obj (.text:f_opendir)
                  01010afa    00000002     --HOLE-- [fill = 0]
                  01010afc    0000002c     hellofilesystem.obj (.text:hello_fs_opendir)
                  01010b28    00000032     fatfs.a : ff.obj (.text:validate)
                  01010b5a    0000005a             : ff.obj (.text:dir_read)
                  01010bb4    00000062             : ff.obj (.text:get_fileinfo)
                  01010c16    0000004a             : ff.obj (.text:f_readdir)
                  01010c60    0000002c     hellofilesystem.obj (.text:hello_fs_readdir)
                  01010c8c    00000074     uart_logger.obj (.text:_walk_log_dir)
                  01010d00    00000026     ustdlib.obj (.text:ustrncpy)
                  01010d26    00000002     --HOLE-- [fill = 0]
                  01010d28    0000026e     ustdlib.obj (.text:uvsnprintf)
                  01010f96    0000001a     ustdlib.obj (.text:usnprintf)
                  01010fb0    0000001d     uart_logger.obj (.text:_full_log_name)
                  01010fcd    00000001     --HOLE-- [fill = 0]
                  01010fce    00000044     fatfs.a : ff.obj (.text:dir_alloc)
                  01011012    00000010             : ff.obj (.text:mem_cpy)
                  01011022    00000038             : ff.obj (.text:dir_register)
                  0101105a    00000004     diskio.obj (.text:get_fattime)
                  0101105e    00000022     fatfs.a : ff.obj (.text:st_clust)
                  01011080    0000006c             : ff.obj (.text:remove_chain)
                  010110ec    00000152             : ff.obj (.text:f_open)
                  0101123e    00000002     --HOLE-- [fill = 0]
                  01011240    0000002c     diskio.obj (.text:disk_ioctl)
                  0101126c    0000008c     fatfs.a : ff.obj (.text:sync_fs)
                  010112f8    0000008e             : ff.obj (.text:f_sync)
                  01011386    00000002     --HOLE-- [fill = 0]
                  01011388    00000034     hellofilesystem.obj (.text:hello_fs_open)
                  010113bc    0000002c     uart_logger.obj (.text:_open_log)
                  010113e8    00000190     fatfs.a : ff.obj (.text:f_write)
                  01011578    00000058     filedownloadmanager.obj (.text:add_to_file_error_queue)
                  010115d0    00000094     hellofilesystem.obj (.text:hello_fs_write)
                  01011664    0000001a     fatfs.a : ff.obj (.text:f_close)
                  0101167e    00000002     --HOLE-- [fill = 0]
                  01011680    00000028     hellofilesystem.obj (.text:hello_fs_close)
                  010116a8    000000b3     uart_logger.obj (.text:_write_file)
                  0101175b    00000001     --HOLE-- [fill = 0]
                  0101175c    0000001c     fatfs.a : ff.obj (.text:dir_remove)
                  01011778    000000a6             : ff.obj (.text:f_unlink)
                  0101181e    00000002     --HOLE-- [fill = 0]
                  01011820    00000028     hellofilesystem.obj (.text:hello_fs_unlink)
                  01011848    00000022     uart_logger.obj (.text:_remove_file)
                  0101186a    00000002     --HOLE-- [fill = 0]
                  0101186c    00000088     uart_logger.obj (.text:_remove_oldest)
                  010118f4    000000cc     uart_logger.obj (.text:_save_newest)
                  010119c0    0000001a     uartstdio.obj (.text:IsBufferFull)
                  010119da    0000000e     uartstdio.obj (.text:IsBufferEmpty)
                  010119e8    00000080     uartstdio.obj (.text:UARTPrimeTransmit)
                  01011a68    000000a8     uartstdio.obj (.text:UARTwrite)
                  01011b10    0000021e     uartstdio.obj (.text:UARTprintf)
                  01011d2e    00000002     --HOLE-- [fill = 0]
                  01011d30    00000058     commands.obj (.text:usertraceFREE)
                  01011d88    00000058     FreeRTOS.a : heap_6.obj (.text:prvInsertBlockIntoFreeList)
                  01011de0    0000008c     uart_logger.obj (.text:_save_block_queue)
                  01011e6c    00000024     uart_logger.obj (.text:uart_logger_flush_err_shutdown)
                  01011e90    00000022     rtsv7M4_T_le_eabi.lib : memcmp.obj (.text)
                  01011eb2    0000000a     driverlib.a : uart.obj (.text:UARTCharPut)
                  01011ebc    000000a8     top_board.obj (.text:send_top)
                  01011f64    00000058     driverlib.a : prcm.obj (.text:PRCMHibernateIntervalSet)
                  01011fbc    00000038                 : prcm.obj (.text:PRCMHibernateWakeupSourceEnable)
                  01011ff4    00000014                 : prcm.obj (.text:PRCMHibernateEnter)
                  01012008    00000070     wifi_cmd.obj (.text:mcu_reset)
                  01012078    00000068     main.obj (.text:vAssertCalled)
                  010120e0    00000024     FreeRTOS.a : heap_6.obj (.text:prvHeapInit)
                  01012104    00000058     commands.obj (.text:usertraceMALLOC)
                  0101215c    0000006a     FreeRTOS.a : SEGGER_SYSVIEW.obj (.text:SEGGER_SYSVIEW_RecordU32x3)
                  010121c6    00000002     --HOLE-- [fill = 0]
                  010121c8    0000003c                : SEGGER_SYSVIEW.obj (.text:SEGGER_SYSVIEW_OnTaskCreate)
                  01012204    000000dc                : SEGGER_SYSVIEW.obj (.text:SEGGER_SYSVIEW_SendTaskInfo)
                  010122e0    0000002e                : SEGGER_SYSVIEW_FreeRTOS.obj (.text:SYSVIEW_SendTaskInfo)
                  0101230e    00000030                : SEGGER_SYSVIEW.obj (.text:SEGGER_SYSVIEW_Warn)
                  0101233e    00000002     --HOLE-- [fill = 0]
                  01012340    00000060                : SEGGER_SYSVIEW_FreeRTOS.obj (.text:SYSVIEW_AddTask)
                  010123a0    00000054                : osi_freertos.obj (.text:VStartSimpleLinkSpawnTask)
                  010123f4    0000000a     driverlib.a : i2c.obj (.text:I2CMasterEnable)
                  010123fe    00000002     --HOLE-- [fill = 0]
                  01012400    00000048                 : i2c.obj (.text:I2CMasterInitExpClk)
                  01012448    00000034     i2c_if.obj (.text:I2C_IF_Open)
                  0101247c    00000046     wdt_if.obj (.text:WDT_IF_Init)
                  010124c2    00000036     wdt_if.obj (.text:WDT_IF_DeInit)
                  010124f8    0000003c     main.obj (.text:start_wdt)
                  01012534    0000001c     FreeRTOS.a : port.obj (.text:vPortSetupTimerInterrupt)
                  01012550    00000026     main.obj (.text:vApplicationStackOverflowHook)
                  01012576    00000002     --HOLE-- [fill = 0]
                  01012578    0000003c     FreeRTOS.a : SEGGER_SYSVIEW.obj (.text:SEGGER_SYSVIEW_OnTaskStartExec)
                  010125b4    00000012                : SEGGER_SYSVIEW.obj (.text:SEGGER_SYSVIEW_OnIdle)
                  010125c6    00000002     --HOLE-- [fill = 0]
                  010125c8    00000096                : portasm.obj (.text)
                  0101265e    00000002     --HOLE-- [fill = 0]
                  01012660    00000038                : port.obj (.text:prvTaskExitError)
                  01012698    00000090     main.obj (.text:main)
                  01012728    00000018     rtsv7M4_T_le_eabi.lib : args_main.obj (.text)
                  01012740    00000044                           : exit.obj (.text)
                  01012784    00000034                           : boot.obj (.text)
                  010127b8    0000000e                           : copy_decompress_none.obj (.text:decompress:none)
                  010127c6    0000005e                           : copy_decompress_rle.obj (.text)
                  01012824    00000006                           : copy_decompress_rle.obj (.text:decompress:rle24)
                  0101282a    00000006     startup_ccs.obj (.text:ResetISR)
                  01012830    00000018     driverlib.a : prcm.obj (.text:PRCMMCUReset)
                  01012848    00000084     fault.obj (.text:FaultDecoder)
                  010128cc    0000000a     fault.obj (.text:FaultISR)
                  010128d6    00000002     --HOLE-- [fill = 0]
                  010128d8    0000003c     FreeRTOS.a : SEGGER_SYSVIEW.obj (.text:SEGGER_SYSVIEW_RecordEnterISR)
                  01012914    00000012                : SEGGER_SYSVIEW.obj (.text:SEGGER_SYSVIEW_RecordExitISR)
                  01012926    00000012                : SEGGER_SYSVIEW.obj (.text:SEGGER_SYSVIEW_RecordExitISRToScheduler)
                  01012938    00000030                : port.obj (.text:xPortSysTickHandler)
                  01012968    0000001c     led_cmd.obj (.text:led_init)
                  01012984    00000014     driverlib.a : pin.obj (.text:PinTypeUART)
                  01012998    00000028     uartstdio.obj (.text:UARTFlushRx)
                  010129c0    00000038     uartstdio.obj (.text:UARTFlushTx)
                  010129f8    000000e4     uartstdio.obj (.text:UARTStdioInitExpClk)
                  01012adc    00000008     uartstdio.obj (.text:UARTStdioInit)
                  01012ae4    00000024     driverlib.a : uart.obj (.text:UARTIntNumberGet)
                  01012b08    00000018                 : uart.obj (.text:UARTIntRegister)
                  01012b20    00000004     sl_sync.obj (.text:sl_sync_init)
                  01012b24    0000004c     wifi_cmd.obj (.text:wifi_status_init)
                  01012b70    0000000c     simplelink.a : cc_pal.obj (.text:NwpMaskInterrupt)
                  01012b7c    00000038                  : cc_pal.obj (.text:NwpPowerOff)
                  01012bb4    000000c4                  : cc_pal.obj (.text:NwpPowerOnPreamble)
                  01012c78    00000016                  : driver.obj (.text:_SlDrvMemZero)
                  01012c8e    0000000c     FreeRTOS.a : osi_freertos.obj (.text:osi_LockObjDelete)
                  01012c9a    0000001a                : osi_freertos.obj (.text:osi_SyncObjSignal)
                  01012cb4    0000001e     simplelink.a : driver.obj (.text:_SlDrvSyncObjSignal)
                  01012cd2    00000004     sl_sync.obj (.text:sl_enter_critical_region)
                  01012cd6    00000002     --HOLE-- [fill = 0]
                  01012cd8    0000008c     simplelink.a : driver.obj (.text:_SlDrvDriverIsApiAllowed)
                  01012d64    00000024     FreeRTOS.a : osi_freertos.obj (.text:osi_LockObjLock)
                  01012d88    00000024                : osi_freertos.obj (.text:osi_LockObjUnlock)
                  01012dac    00000028     simplelink.a : driver.obj (.text:_SlDrvProtectionObjLockWaitForever)
                  01012dd4    00000024                  : driver.obj (.text:_SlDrvProtectionObjUnLock)
                  01012df8    00000028                  : driver.obj (.text:_SlDrvUpdateApiInProgress)
                  01012e20    00000040                  : driver.obj (.text:_SlDrvGlobalObjUnLock)
                  01012e60    00000104                  : driver.obj (.text:_SlDrvObjGlobalLockWaitForever)
                  01012f64    0000005c                  : cc_pal.obj (.text:cc_SetupTransfer)
                  01012fc0    00000090                  : cc_pal.obj (.text:SetupDMASend)
                  01013050    0000002a     FreeRTOS.a : osi_freertos.obj (.text:osi_MsgQRead)
                  0101307a    00000002     --HOLE-- [fill = 0]
                  0101307c    0000008c     simplelink.a : cc_pal.obj (.text:spi_Write_CPU)
                  01013108    00000098                  : cc_pal.obj (.text:spi_Write)
                  010131a0    00000378                  : driver.obj (.text:_SlDrvMsgWrite)
                  01013518    0000000c     driverlib.a : timer.obj (.text:TimerValueGet)
                  01013524    00000018     timer_if.obj (.text:TimerGetCurrentTimestamp)
                  0101353c    00000024     simplelink.a : driver.obj (.text:_SlDrvStartMeasureTimeout)
                  01013560    00000090                  : cc_pal.obj (.text:SetupDMAReceive)
                  010135f0    0000008c                  : cc_pal.obj (.text:spi_Read_CPU)
                  0101367c    000000f0                  : cc_pal.obj (.text:spi_Read)
                  0101376c    0000008c                  : driver.obj (.text:_SlDrvIsTimeoutExpired)
                  010137f8    000002d0                  : driver.obj (.text:_SlDrvRxHdrRead)
                  01013ac8    00000100                  : driver.obj (.text:_SlDrvClassifyRxMsg)
                  01013bc8    00000174                  : driver.obj (.text:_SlDrvFindAndSetActiveObj)
                  01013d3c    0000000c                  : cc_pal.obj (.text:NwpUnMaskInterrupt)
                  01013d48    0000067c                  : driver.obj (.text:_SlDrvMsgRead)
                  010143c4    00000024     FreeRTOS.a : osi_freertos.obj (.text:osi_SyncObjWait)
                  010143e8    00000138     simplelink.a : driver.obj (.text:_SlDrvAsyncEventGenericHandler)
                  01014520    00000038     FreeRTOS.a : osi_freertos.obj (.text:osi_Spawn)
                  01014558    0000018c     simplelink.a : driver.obj (.text:_SlDrvMsgReadCmdCtx)
                  010146e4    00000104                  : driver.obj (.text:_SlDrvCmdOp)
                  010147e8    0000004c                  : wlan.obj (.text:sl_WlanSetMode)
                  01014834    0000002c                  : driver.obj (.text:_SlDrvSyncObjWaitForever)
                  01014860    00000198                  : driver.obj (.text:_SlDrvWaitForPoolObj)
                  010149f8    0000004c                  : driver.obj (.text:_SlDrvProtectAsyncRespSetting)
                  01014a44    00000048                  : driver.obj (.text:_SlDrvSyncObjWaitTimeout)
                  01014a8c    000000c4                  : driver.obj (.text:_SlDrvRemoveFromList)
                  01014b50    000001d8                  : driver.obj (.text:_SlDrvReleasePoolObj)
                  01014d28    00000016     FreeRTOS.a : osi_freertos.obj (.text:osi_InterruptDeRegister)
                  01014d3e    0000002c     simplelink.a : cc_pal.obj (.text:NwpRegisterInterruptHandler)
                  01014d6a    00000014     FreeRTOS.a : osi_freertos.obj (.text:osi_MsgQDelete)
                  01014d7e    0000000e     driverlib.a : spi.obj (.text:SPIDmaDisable)
                  01014d8c    00000098     simplelink.a : cc_pal.obj (.text:spi_Close)
                  01014e24    00000014     FreeRTOS.a : osi_freertos.obj (.text:osi_SyncObjDelete)
                  01014e38    00000110     simplelink.a : driver.obj (.text:_SlDrvDriverCBDeinit)
                  01014f48    00000144                  : device.obj (.text:sl_Stop)
                  0101508c    0000005c     wifi_cmd.obj (.text:wifi_status_set)
                  010150e8    00000004     sl_sync.obj (.text:sl_exit_critical_region)
                  010150ec    00000032     wifi_cmd.obj (.text:nwp_reset)
                  0101511e    00000002     --HOLE-- [fill = 0]
                  01015120    000001f1     wifi_cmd.obj (.text:SimpleLinkFatalErrorEventHandler)
                  01015311    00000003     --HOLE-- [fill = 0]
                  01015314    000000b0     simplelink.a : driver.obj (.text:_SlDrvHandleFatalError)
                  010153c4    00000024     FreeRTOS.a : osi_freertos.obj (.text:osi_SyncObjCreate)
                  010153e8    00000020                : osi_freertos.obj (.text:osi_LockObjCreate)
                  01015408    0000019c     simplelink.a : driver.obj (.text:_SlDrvDriverCBInit)
                  010155a4    00000060     driverlib.a : spi.obj (.text:SPIConfigSetExpClk)
                  01015604    0000001c                 : prcm.obj (.text:PRCMPeripheralStatusGet)
                  01015620    0000002a     simplelink.a : cc_pal.obj (.text:cc_UDMAChannelSelect)
                  0101564a    00000024     FreeRTOS.a : osi_freertos.obj (.text:osi_MsgQCreate)
                  0101566e    00000002     --HOLE-- [fill = 0]
                  01015670    0000018c     simplelink.a : cc_pal.obj (.text:spi_Open)
                  010157fc    0000002c                  : cc_pal.obj (.text:NwpPowerOn)
                  01015828    0000001c                  : device.obj (.text:_SlDeviceGetStartResponseConvert)
                  01015844    00000110                  : device.obj (.text:sl_Start)
                  01015954    0000000e                  : driver.obj (.text:_SlDrvResetCmdExt)
                  01015962    00000002     --HOLE-- [fill = 0]
                  01015964    0000007c                  : wlan.obj (.text:sl_WlanPolicySet)
                  010159e0    00000030                  : fs.obj (.text:_SlFsStrlen)
                  01015a10    000000a4                  : fs.obj (.text:FsGetCreateFsMode)
                  01015ab4    00000124                  : fs.obj (.text:sl_FsOpen)
                  01015bd8    00000104                  : fs.obj (.text:sl_FsRead)
                  01015cdc    000000a8                  : fs.obj (.text:sl_FsClose)
                  01015d84    0000009f     fs_utils.obj (.text:fs_get)
                  01015e23    00000001     --HOLE-- [fill = 0]
                  01015e24    00000033     wifi_cmd.obj (.text:get_default_antenna)
                  01015e57    00000001     --HOLE-- [fill = 0]
                  01015e58    0000000c     hw_ver.obj (.text:get_hw_ver)
                  01015e64    0000003c     wifi_cmd.obj (.text:antsel)
                  01015ea0    0000007c     wifi_cmd.obj (.text:load_device_id)
                  01015f1c    00000084     simplelink.a : netcfg.obj (.text:sl_NetCfgSet)
                  01015fa0    0000004c     wifi_cmd.obj (.text:set_mac_to_device_id)
                  01015fec    000000c0     simplelink.a : netcfg.obj (.text:sl_NetCfgGet)
                  010160ac    00000044                  : netapp.obj (.text:sl_NetAppStop)
                  010160f0    000000f8                  : fs.obj (.text:sl_FsGetInfo)
                  010161e8    00000014     rtsv7M4_T_le_eabi.lib : strlen.obj (.text)
                  010161fc    00000026                           : strncmp.obj (.text)
                  01016222    0000002a     hw_ver.obj (.text:check_ver_string)
                  0101624c    000000d8     hw_ver.obj (.text:check_hw_version)
                  01016324    0000003c     pinmux.obj (.text:ConfigCodecResetPin)
                  01016360    00000060     pinmux.obj (.text:SetAntennaSelectionGPIOs)
                  010163c0    0000001c     pinmux.obj (.text:PinMuxConfig_hw_dep)
                  010163dc    00000018     hellofilesystem.obj (.text:hello_fs_init)
                  010163f4    00000060     driverlib.a : sdhost.obj (.text:SDHostInit)
                  01016454    00000010                 : sdhost.obj (.text:SDHostIntRegister)
                  01016464    0000006c                 : prcm.obj (.text:PRCMPeripheralClockGet)
                  010164d0    0000003e                 : sdhost.obj (.text:SDHostSetExpClk)
                  0101650e    00000002     --HOLE-- [fill = 0]
                  01016510    00000050     fatfs.a : ff.obj (.text:f_mount)
                  01016560    0000002c     hellofilesystem.obj (.text:hello_fs_mount)
                  0101658c    0000003c     fatfs_cmd.obj (.text:Cmd_mnt)
                  010165c8    00000070     spi_cmd.obj (.text:CS_set)
                  01016638    00000074     spi_cmd.obj (.text:spi_init)
                  010166ac    00000018     sys_time.obj (.text:set_cached_time)
                  010166c4    00000024     sys_time.obj (.text:get_cached_time)
                  010166e8    000002a8     rtsv7M4_T_le_eabi.lib : mktime.obj (.text)
                  01016990    0000004c                           : localtim.obj (.text)
                  010169dc    00000080     simplelink.a : device.obj (.text:sl_DeviceSet)
                  01016a5c    000000b8                  : device.obj (.text:sl_DeviceGet)
                  01016b14    000000c0     sys_time.obj (.text:set_sl_time)
                  01016bd4    00000088     sys_time.obj (.text:init_time_module)
                  01016c5c    00000004     driverlib.a : i2c.obj (.text:I2CMasterDataGet)
                  01016c60    0000006c     i2c_if.obj (.text:I2C_IF_Read)
                  01016ccc    000001a8     i2c_cmd.obj (.text:init_tvoc)
                  01016e74    000001fc     i2c_cmd.obj (.text:init_temp_sensor)
                  01017070    00000094     i2c_cmd.obj (.text:haz_tmg4903)
                  01017104    00000108     i2c_cmd.obj (.text:init_light_sensor)
                  0101720c    00000018     led_animations.obj (.text:init_led_animation)
                  01017224    0000003a     gpio_if.obj (.text:GPIO_IF_ConfigureNIntEnable)
                  0101725e    00000002     --HOLE-- [fill = 0]
                  01017260    00000024     commands.obj (.text:SetupGPIOInterrupts)
                  01017284    00000046     fatfs.a : ff.obj (.text:f_stat)
                  010172ca    00000002     --HOLE-- [fill = 0]
                  010172cc    0000002c     hellofilesystem.obj (.text:hello_fs_stat)
                  010172f8    00000166     fatfs.a : ff.obj (.text:f_mkdir)
                  0101745e    00000002     --HOLE-- [fill = 0]
                  01017460    00000028     hellofilesystem.obj (.text:hello_fs_mkdir)
                  01017488    00000094     commands.obj (.text:CreateDirectoryIfNotExist)
                  0101751c    00000011     commands.obj (.text:CreateDefaultDirectories)
                  0101752d    00000003     --HOLE-- [fill = 0]
                  01017530    00000074     wifi_cmd.obj (.text:load_data_server)
                  010175a4    00000048     fatfs_cmd.obj (.text:init_download_task)
                  010175ec    0000002c     networktask.obj (.text:Init)
                  01017618    00000040     networktask.obj (.text:networktask_init)
                  01017658    0000002c     commands.obj (.text:load_serial)
                  01017684    00000060     wifi_cmd.obj (.text:load_aes)
                  010176e4    00000020     wifi_cmd.obj (.text:load_account_id)
                  01017704    00000024     commands.obj (.text:load_alarm)
                  01017728    00000034     pill_settings.obj (.text:pill_settings_init)
                  0101775c    0000007c     commands.obj (.text:check_provision)
                  010177d8    0000000a     driverlib.a : pin.obj (.text:PinTypeADC)
                  010177e2    00000024                 : adc.obj (.text:ADCChannelEnable)
                  01017806    0000000a                 : adc.obj (.text:ADCTimerConfig)
                  01017810    00000024     dust_cmd.obj (.text:init_dust)
                  01017834    00000078     uart_logger.obj (.text:analytics_event)
                  010178ac    00000040     ble_proto.obj (.text:set_ble_mode)
                  010178ec    00000078     ble_proto.obj (.text:ble_proto_init)
                  01017964    00000088     uart_logger.obj (.text:uart_logger_init)
                  010179ec    000000c8     fatfs_cmd.obj (.text:_ReadBootInfo)
                  01017ab4    00000034     fatfs_cmd.obj (.text:is_test_boot)
                  01017ae8    0000004c     top_board.obj (.text:start_top_boot_watcher)
                  01017b34    00000230     fault.obj (.text:faultPrinter)
                  01017d64    0000002c     commands.obj (.text:checkFaults)
                  01017d90    00000030     long_poll.obj (.text:long_poll_task_init)
                  01017dc0    000000cc     filedownloadmanager.obj (.text:downloadmanagertask_init)
                  01017e8c    00000046     hlo_stream.obj (.text:hlo_stream_init)
                  01017ed2    00000002     --HOLE-- [fill = 0]
                  01017ed4    0000002c     hlo_stream.obj (.text:hlo_stream_new)
                  01017f00    00000178     i2c_cmd.obj (.text:codec_init)
                  01018078    00000038     hlo_audio.obj (.text:_reset_codec)
                  010180b0    0000001c     i2c_cmd.obj (.text:get_system_volume)
                  010180cc    00000086     driverlib.a : i2s.obj (.text:I2SConfigSetExpClk)
                  01018152    00000002     --HOLE-- [fill = 0]
                  01018154    00000034     mcasp_if.obj (.text:McASPInit)
                  01018188    00000048     i2c_cmd.obj (.text:codec_unmute_spkr)
                  010181d0    00000024     audiohelper.obj (.text:InitAudioTxRx)
                  010181f4    00000014     audiohelper.obj (.text:InitAudioHelper_p)
                  01018208    00000014     audiohelper.obj (.text:InitAudioHelper)
                  0101821c    000000e4     hlo_audio.obj (.text:hlo_audio_init)
                  01018300    00000168     commands.obj (.text:launch_tasks)
                  01018468    00000024     rtsv7M4_T_le_eabi.lib : memmov.obj (.text)
                  0101848c    00000070     FreeRTOS.a : SEGGER_SYSVIEW_FreeRTOS.obj (.text:SYSVIEW_DeleteTask)
                  010184fc    00000018     led_cmd.obj (.text:led_from_rgb)
                  01018514    0000001c     led_cmd.obj (.text:led_to_rgb)
                  01018530    0000003e     led_cmd.obj (.text:led_from_brightness)
                  0101856e    00000002     --HOLE-- [fill = 0]
                  01018570    0000006c     led_cmd.obj (.text:_hist_push)
                  010185dc    00000016     FreeRTOS.a : event_groups.obj (.text:prvTestWaitCondition)
                  010185f2    0000001e     led_cmd.obj (.text:led_is_idle)
                  01018610    0000002c     led_cmd.obj (.text:_fade_out_for_new)
                  0101863c    0000002e     led_cmd.obj (.text:_start_animation)
                  0101866a    00000002     --HOLE-- [fill = 0]
                  0101866c    000000d2     led_cmd.obj (.text:led_transition_custom_animation)
                  0101873e    00000002     --HOLE-- [fill = 0]
                  01018740    0000004c     led_animations.obj (.text:push_memory_queue)
                  0101878c    000000dc     led_animations.obj (.text:play_led_wheel)
                  01018868    00000130     commands.obj (.text:print_nwp_version)
                  01018998    00000014     uartstdio.obj (.text:GetBufferCount)
                  010189ac    00000048     uartstdio.obj (.text:UARTPeek)
                  010189f4    00000054     uartstdio.obj (.text:UARTgets)
                  01018a48    00000010     ustdlib.obj (.text:ustrlen)
                  01018a58    00000610     commands.obj (.text:vUARTTask)
                  01019068    00000020     commands.obj (.text:check_button)
                  01019088    00000078     main.obj (.text:watchdog_thread)
                  01019100    00000024     FreeRTOS.a : SEGGER_SYSVIEW.obj (.text:SEGGER_SYSVIEW_SendSysDesc)
                  01019124    0000003d                : SEGGER_SYSVIEW_Config_FreeRTOS.obj (.text:_cbSendSystemDesc)
                  01019161    00000003     --HOLE-- [fill = 0]
                  01019164    00000024                : osi_freertos.obj (.text:vSimpleLinkSpawnTask)
                  01019188    00000011     main.obj (.text:WatchdogIntHandler)
                  01019199    00000001     --HOLE-- [fill = 0]
                  0101919a    0000000c     FreeRTOS.a : tasks.obj (.text:prvIdleTask)
                  010191a6    00000006     led_cmd.obj (.text:_reset_animation_priority)
                  010191ac    0000002c     led_cmd.obj (.text:_start_fade_out)
                  010191d8    00000018     led_cmd.obj (.text:ledcpy)
                  010191f0    00000028     led_cmd.obj (.text:get_cycle_time)
                  01019218    0000001e     led_cmd.obj (.text:led_brightness_all)
                  01019236    0000001e     led_cmd.obj (.text:_clamp)
                  01019254    0000004c     led_cmd.obj (.text:led_array)
                  010192a0    00000014     led_cmd.obj (.text:ledset)
                  010192b4    00000090     led_cmd.obj (.text:_hist_pop)
                  01019344    000003d9     led_cmd.obj (.text:led_task)
                  0101971d    00000001     --HOLE-- [fill = 0]
                  0101971e    00000054     led_cmd.obj (.text:led_idle_task)
                  01019772    00000002     --HOLE-- [fill = 0]
                  01019774    000003c4     uartstdio.obj (.text:UARTStdioIntHandler)
                  01019b38    00000020     driverlib.a : sdhost.obj (.text:SDHostIntDisable)
                  01019b58    00000044     diskio.obj (.text:SDHostIntHandler)
                  01019b9c    0000002c     slip_packet.obj (.text:slip_reset)
                  01019bc8    0000000c     top_hci.obj (.text:hci_init)
                  01019bd4    0000001c     driverlib.a : uart.obj (.text:UARTDisable)
                  01019bf0    00000014                 : uart.obj (.text:UARTEnable)
                  01019c04    00000048                 : uart.obj (.text:UARTConfigSetExpClk)
                  01019c4c    00000006                 : uart.obj (.text:UARTFIFOLevelSet)
                  01019c52    00000008                 : uart.obj (.text:UARTIntEnable)
                  01019c5a    00000010                 : uart.obj (.text:UARTCharGetNonBlocking)
                  01019c6a    00000002     --HOLE-- [fill = 0]
                  01019c6c    00000010     slip_packet.obj (.text:slip_handle_rx)
                  01019c7c    0000000c     driverlib.a : uart.obj (.text:UARTCharsAvail)
                  01019c88    000000d0     top_board.obj (.text:top_board_task)
                  01019d58    00000080     spi_cmd.obj (.text:spi_write_step)
                  01019dd8    00000068     spi_cmd.obj (.text:spi_read_step)
                  01019e40    000000c8     spi_cmd.obj (.text:spi_reset)
                  01019f08    00000108     spi_cmd.obj (.text:spi_read)
                  0101a010    0000002a     hlo_async.obj (.text:hlo_future_create)
                  0101a03a    00000014     hlo_async.obj (.text:hlo_future_free)
                  0101a04e    00000002     --HOLE-- [fill = 0]
                  0101a050    000000a4     hlo_async.obj (.text:hlo_future_create_task_bg)
                  0101a0f4    00000028     hlo_proto_tools.obj (.text:MorpheusCommand_from_buffer)
                  0101a11c    0000001c     hlo_async.obj (.text:do_read)
                  0101a138    00000040     hlo_async.obj (.text:hlo_future_read)
                  0101a178    00000140     fatfs.a : ff.obj (.text:f_lseek)
                  0101a2b8    0000002c     hellofilesystem.obj (.text:hello_fs_lseek)
                  0101a2e4    000000ac     hellofilesystem.obj (.text:fs_stream_open)
                  0101a390    00000098     audiotask.obj (.text:_queue_audio_playback_state)
                  0101a428    00000044     audiotask.obj (.text:AudioTask_StartPlayback)
                  0101a46c    0000006a     ble_proto.obj (.text:play_startup_sound)
                  0101a4d6    00000002     --HOLE-- [fill = 0]
                  0101a4d8    000000cc     led_animations.obj (.text:play_led_animation_solid)
                  0101a5a4    00000022     ble_proto.obj (.text:ble_proto_led_init)
                  0101a5c6    00000002     --HOLE-- [fill = 0]
                  0101a5c8    00000130     rtsv7M4_T_le_eabi.lib : strtol.obj (.text)
                  0101a6f8    00000100     simplelink.a : fs.obj (.text:sl_FsWrite)
                  0101a7f8    00000108     fs_utils.obj (.text:fs_save)
                  0101a900    00000020     wifi_cmd.obj (.text:save_device_id)
                  0101a920    00000010     hlo_proto_tools.obj (.text:buffer_from_MorpheusCommand)
                  0101a930    0000007c     spi_cmd.obj (.text:spi_write)
                  0101a9ac    00000018     hlo_async.obj (.text:hlo_future_destroy)
                  0101a9c4    00000055     ble_cmd.obj (.text:ble_send_protobuf)
                  0101aa19    00000003     --HOLE-- [fill = 0]
                  0101aa1c    0000003c     ble_proto.obj (.text:_ble_reply_command_with_type)
                  0101aa58    00000028     top_board.obj (.text:top_board_notify_boot_complete)
                  0101aa80    00000030     rtsv7M4_T_le_eabi.lib : strncpy.obj (.text)
                  0101aab0    00000034     sys_time.obj (.text:has_good_time)
                  0101aae4    00000048     sys_time.obj (.text:get_time)
                  0101ab2c    000000dc     ble_proto.obj (.text:_process_encrypted_pill_data)
                  0101ac08    00000030     ble_cmd.obj (.text:ble_reply_protobuf_error)
                  0101ac38    00000084     simplelink.a : wlan.obj (.text:sl_WlanSet)
                  0101acbc    00000030     sys_time.obj (.text:wait_for_time)
                  0101acec    000000a0     i2c_cmd.obj (.text:init_uv)
                  0101ad8c    000000a8     i2c_cmd.obj (.text:read_zopt)
                  0101ae34    0000000a     driverlib.a : adc.obj (.text:ADCEnable)
                  0101ae3e    0000000c                 : adc.obj (.text:ADCFIFOLvlGet)
                  0101ae4a    00000006                 : adc.obj (.text:ADCFIFORead)
                  0101ae50    0000000a                 : adc.obj (.text:ADCDisable)
                  0101ae5a    00000002     --HOLE-- [fill = 0]
                  0101ae5c    000000e4     dust_cmd.obj (.text:get_dust)
                  0101af40    0000006c     hlo_audio_tools.obj (.text:AudioTask_DumpOncePerMinuteStats)
                  0101afac    0000000a     i2c_cmd.obj (.text:get_le_short)
                  0101afb6    00000002     --HOLE-- [fill = 0]
                  0101afb8    000000d8     i2c_cmd.obj (.text:get_rgb_prox)
                  0101b090    000000b4     i2c_cmd.obj (.text:get_ir)
                  0101b144    00000018     rtsv7M4_T_le_eabi.lib : ll_mul_t2.obj (.text)
                  0101b15c    00000220                           : ll_div_t2.obj (.text)
                  0101b37c    00000168     i2c_cmd.obj (.text:BME280_compensate_P_int64)
                  0101b4e4    0000003c     i2c_cmd.obj (.text:BME280_compensate_T_int32)
                  0101b520    00000088     i2c_cmd.obj (.text:bme280_compensate_H_int32)
                  0101b5a8    00000190     i2c_cmd.obj (.text:get_temp_press_hum)
                  0101b738    000001cc     i2c_cmd.obj (.text:get_tvoc)
                  0101b904    00000030     gesture.obj (.text:gesture_get_wave_count)
                  0101b934    00000030     gesture.obj (.text:gesture_get_hold_count)
                  0101b964    0000002c     gesture.obj (.text:gesture_counter_reset)
                  0101b990    0000045c     commands.obj (.text:sample_sensor_data)
                  0101bdec    00000058     commands.obj (.text:force_data_push)
                  0101be44    00000018     rtsv7M4_T_le_eabi.lib : strcmp.obj (.text)
                  0101be5c    000000c4     pill_settings.obj (.text:pill_settings_get_color)
                  0101bf20    000000a4     commands.obj (.text:get_alpha_from_light)
                  0101bfc4    00000078     ble_proto.obj (.text:ble_proto_led_flash)
                  0101c03c    000000b8     simplelink.a : wlan.obj (.text:sl_WlanGet)
                  0101c0f4    00000010     hlo_net_tools.obj (.text:prescan_wifi)
                  0101c104    00000018     hlo_async.obj (.text:hlo_future_read_once)
                  0101c11c    000000d4     ble_proto.obj (.text:_reply_wifi_scan_result)
                  0101c1f0    00000028     ble_proto.obj (.text:get_ble_mode)
                  0101c218    0000003d     led_cmd.obj (.text:_hist_flush)
                  0101c255    00000001     --HOLE-- [fill = 0]
                  0101c256    00000020     led_cmd.obj (.text:flush_animation_history)
                  0101c276    00000002     --HOLE-- [fill = 0]
                  0101c278    00000088     led_animations.obj (.text:play_led_trippy)
                  0101c300    00000034     ble_proto.obj (.text:ble_proto_led_fade_in_trippy)
                  0101c334    00000023     wifi_cmd.obj (.text:save_default_antenna)
                  0101c357    00000001     --HOLE-- [fill = 0]
                  0101c358    000000f4     wifi_cmd.obj (.text:make_sec_params)
                  0101c44c    00000274     simplelink.a : wlan.obj (.text:sl_WlanConnect)
                  0101c6c0    000002b0                  : wlan.obj (.text:sl_WlanProfileAdd)
                  0101c970    00000038     ble_proto.obj (.text:ble_reply_wifi_status)
                  0101c9a8    000000c4     wifi_cmd.obj (.text:connect_wifi)
                  0101ca6c    00000038     wifi_cmd.obj (.text:wifi_status_get)
                  0101caa4    0000004c     simplelink.a : wlan.obj (.text:sl_WlanProfileDel)
                  0101caf0    00000118                  : wlan.obj (.text:sl_WlanProfileGet)
                  0101cc08    000002a0     ble_proto.obj (.text:_set_wifi)
                  0101cea8    00000042     led_cmd.obj (.text:led_fade_current_animation)
                  0101ceea    00000038     led_cmd.obj (.text:led_fade_all_animation)
                  0101cf22    0000002c     ble_proto.obj (.text:ble_proto_led_fade_out)
                  0101cf4e    00000002     --HOLE-- [fill = 0]
                  0101cf50    00000058     ble_proto.obj (.text:ble_proto_led_busy_mode)
                  0101cfa8    00000048     simplelink.a : driver.obj (.text:_SlDrvBasicCmd)
                  0101cff0    00000024                  : wlan.obj (.text:sl_WlanDisconnect)
                  0101d014    0000007c                  : fs.obj (.text:sl_FsDel)
                  0101d090    00000039     wifi_cmd.obj (.text:reset_default_antenna)
                  0101d0c9    00000003     --HOLE-- [fill = 0]
                  0101d0cc    0000010f     wifi_cmd.obj (.text:wifi_reset)
                  0101d1db    00000001     --HOLE-- [fill = 0]
                  0101d1dc    00000019     commands.obj (.text:delete_alarms)
                  0101d1f5    00000003     --HOLE-- [fill = 0]
                  0101d1f8    0000003c     pill_settings.obj (.text:pill_settings_reset_all)
                  0101d234    000000e4     hellofilesystem.obj (.text:deleteFilesInDir)
                  0101d318    00000035     ble_proto.obj (.text:_factory_reset)
                  0101d34d    00000003     --HOLE-- [fill = 0]
                  0101d350    000000f0     ble_proto.obj (.text:_process_pill_heartbeat)
                  0101d440    00000038     wifi_cmd.obj (.text:save_account_id)
                  0101d478    00000040     ble_cmd.obj (.text:ble_proto_assign_encode_funcs)
                  0101d4b8    00000038     wifi_cmd.obj (.text:get_server)
                  0101d4f0    000001c0     networktask.obj (.text:NetworkTask_SendProtobuf)
                  0101d6b0    000000ec     ble_proto.obj (.text:_pair_device)
                  0101d79c    00000028     wifi_cmd.obj (.text:wifi_get_connected_ssid)
                  0101d7c4    00000074     ble_proto.obj (.text:_ble_reply_wifi_info)
                  0101d838    00000072     ble_cmd.obj (.text:ble_proto_free_command)
                  0101d8aa    00000002     --HOLE-- [fill = 0]
                  0101d8ac    0000086a     ble_proto.obj (.text:on_ble_protobuf_command)
                  0101e116    00000002     --HOLE-- [fill = 0]
                  0101e118    0000004d     ble_cmd.obj (.text:on_morpheus_protobuf_arrival)
                  0101e165    00000003     --HOLE-- [fill = 0]
                  0101e168    00000098     spi_cmd.obj (.text:Cmd_spi_read)
                  0101e200    00000014     top_board.obj (.text:is_top_in_dfu)
                  0101e214    0000000c     driverlib.a : gpio.obj (.text:GPIOIntEnable)
                  0101e220    00000044     commands.obj (.text:thread_spi)
                  0101e264    00000040     uart_logger.obj (.text:send_log)
                  0101e2a4    0000014e     fatfs.a : ff.obj (.text:f_read)
                  0101e3f2    00000002     --HOLE-- [fill = 0]
                  0101e3f4    00000044     hellofilesystem.obj (.text:hello_fs_read)
                  0101e438    00000048     uart_logger.obj (.text:_read_file)
                  0101e480    00000088     uart_logger.obj (.text:_read_oldest)
                  0101e508    00000188     uart_logger.obj (.text:uart_logger_task)
                  0101e690    0000001a     rtsv7M4_T_le_eabi.lib : strcat.obj (.text)
                  0101e6aa    00000002     --HOLE-- [fill = 0]
                  0101e6ac    00000150     uart_logger.obj (.text:analytics_event_task)
                  0101e7fc    00000024     commands.obj (.text:_is_file_exists)
                  0101e820    0000001c     hellofilesystem.obj (.text:fs_stream_open_media)
                  0101e83c    0000030c     commands.obj (.text:thread_alarm)
                  0101eb48    00000104     cmdline.obj (.text:CmdLineProcess)
                  0101ec4c    0000002c     uart_logger.obj (.text:_swap_and_upload)
                  0101ec78    000000f4     uart_logger.obj (.text:_logstr)
                  0101ed6c    00000038     uart_logger.obj (.text:_logstr_wrapper)
                  0101eda4    00000014     FreeRTOS.a : SEGGER_SYSVIEW_FreeRTOS.obj (.text:_cbGetTime)
                  0101edb8    00000038                : SEGGER_SYSVIEW_FreeRTOS.obj (.text:_cbSendTaskList)
                  0101edf0    0000002c                : osi_freertos.obj (.text:osi_SyncObjSignalFromISR)
                  0101ee1c    00000050     simplelink.a : driver.obj (.text:_SlDrvRxIrqHandler)
                  0101ee6c    00000012     sys_time.obj (.text:bcd_to_int)
                  0101ee7e    00000002     --HOLE-- [fill = 0]
                  0101ee80    00000130     sys_time.obj (.text:get_rtc_time)
                  0101efb0    0000002c     sys_time.obj (.text:get_unix_time)
                  0101efdc    00000070     wifi_cmd.obj (.text:get_device_id)
                  0101f04c    00000018     wifi_cmd.obj (.text:set_backup_dns)
                  0101f064    00000078     simplelink.a : socket.obj (.text:sl_Socket)
                  0101f0dc    00000084                  : socket.obj (.text:sl_SetSockOpt)
                  0101f160    00000134                  : netapp.obj (.text:sl_NetAppDnsGetHostByName)
                  0101f294    000000c8                  : socket.obj (.text:sl_Close)
                  0101f35c    00000049     wifi_cmd.obj (.text:stop_connection)
                  0101f3a5    00000001     --HOLE-- [fill = 0]
                  0101f3a6    00000032     simplelink.a : socket.obj (.text:_SlSocketBuildAddress)
                  0101f3d8    00000170                  : socket.obj (.text:sl_Connect)
                  0101f548    00000040     ble_proto.obj (.text:ble_reply_socket_error)
                  0101f588    00000372     wifi_cmd.obj (.text:start_connection)
                  0101f8fa    00000022     simplelink.a : driver.obj (.text:_SlDrvObjLockWaitForever)
                  0101f91c    0000001e                  : driver.obj (.text:_SlDrvObjUnLock)
                  0101f93a    00000002     --HOLE-- [fill = 0]
                  0101f93c    000001f0                  : driver.obj (.text:_SlDrvDataReadOp)
                  0101fb2c    0000008c                  : socket.obj (.text:sl_Recv)
                  0101fbb8    00000008     ble_proto.obj (.text:get_top_version)
                  0101fbc0    0000017c     simplelink.a : driver.obj (.text:_SlDrvDataWriteOp)
                  0101fd3c    000000bc                  : socket.obj (.text:sl_Send)
                  0101fdf8    00000034     sha1.obj (.text:SHA1_Init)
                  0101fe2c    00000038     wifi_cmd.obj (.text:pb_ostream_from_sha_socket)
                  0101fe64    00000046     pb_common.obj (.text:pb_field_iter_begin)
                  0101feaa    00000002     --HOLE-- [fill = 0]
[...]
0101e215   GPIOIntEnable
0101e221   thread_spi
0101e2a5   f_read
0101e3f5   hello_fs_read
0101e509   uart_logger_task
0101e691   strcat
0101e6ad   analytics_event_task
0101e821   fs_stream_open_media
0101e83d   thread_alarm
0101eb49   CmdLineProcess
0101ed6d   _logstr_wrapper
0101edf1   osi_SyncObjSignalFromISR
0101ee1d   _SlDrvRxIrqHandler
0101efb1   get_unix_time
0101efdd   get_device_id
0101f04d   set_backup_dns
0101f065   sl_Socket
0101f0dd   sl_SetSockOpt
0101f161   sl_NetAppDnsGetHostByName
0101f295   sl_Close
0101f35d   stop_connection
0101f3d9   sl_Connect
0101f549   ble_reply_socket_error
0101f589   start_connection
0101f8fb   _SlDrvObjLockWaitForever
0101f91d   _SlDrvObjUnLock
0101f93d   _SlDrvDataReadOp
0101fb2d   sl_Recv
0101fbb9   get_top_version
0101fbc1   _SlDrvDataWriteOp
0101fd3d   sl_Send
0101fdf9   SHA1_Init
0101fe2d   pb_ostream_from_sha_socket
0101fe65   pb_field_iter_begin
0101fedd   pb_write
0101ff31   pb_encode_varint
0101ff9f   pb_encode_tag
0101ffb9   pb_encode_tag_for_field
010202e5   pb_field_iter_next
0102038f   pb_encode
01020545   SHA1_Update
01020581   send_chunk_len
01020777   SHA1_Final
010207b1   srand
010207c7   rand
010207fd   AES_set_key
0102090d   sl_Htonl
01020a85   AES_cbc_encrypt
01020b4d   WatchdogIntClear
01020b53   strstr
01020bd5   ble_reply_http_status
01020c29   matchstar
01020c5f   matchhere
01020cd1   match
01020d09   http_response_ok
01020e35   atoi
01020e81   AES_convert_key
01021081   AES_cbc_decrypt
01021159   pb_istream_from_buffer
01021321   pb_decode_tag
01021369   pb_field_iter_find
010213c5   pb_make_string_substream
01021415   pb_close_string_substream
01021549   pb_read
01021611   pb_skip_field
01021849   pb_decode_noinit
0102199d   pb_decode
01021cd5   send_data_pb
0102235d   fetch_ntp_time_from_ntp
010225b1   set_unix_time
01022719   GPIOIntStatus
01022727   GPIOIntClear
0102272d   GPIOIntDisable
0102273d   nordic_prox_int
010227bd   strncat
010227e5   open_serial_flash
01022985   hlo_stream_write
010229cf   hlo_stream_read
01022a25   hlo_stream_transfer_until
01022a8b   hlo_stream_transfer_all
01022a9b   hlo_stream_close
01022aed   sf_sha1_verify
01022cc9   set_top_update_sha
01022e35   free_download_info
01022e7d   strcpy
01022e8d   global_filename
01023255   hlo_sock_stream
010232c9   http_init
01023519   hlo_http_get_opt
010235c9   hlo_stream_transfer_between_until
010235f5   hlo_stream_transfer_between
01023605   hlo_filter_data_transfer
01023649   update_file_download_status
0102369d   strspn
010236c7   strcspn
010236e9   strtok
01023a19   update_sha_file
01023be5   cd
01023cd1   file_download_task
010242e9   networktask_enter_critical_region
01024315   networktask_exit_critical_region
01024639   pm_cancel
01024665   pb_encode_string
010246b9   encode_device_id_string
01024701   Cmd_SyncID
0102472d   gesture_init
01024745   led_get_animation_id
01024751   stop_led_animation
01024781   play_led_progress_bar
01024801   set_led_progress_bar
01024831   reset_to_factory_fw
01024855   Cmd_factory_reset
0102485f   median_filter
010248c1   AudioTask_StopPlayback
010248f9   cancel_alarm
010249a9   led_get_user_color
01024b3d   ble_proto_start_hold
01024bd1   ble_proto_end_hold
01024d7d   gesture_input
01024ec5   thread_fast_i2c_poll
010252ad   Cmd_free
01025335   usprintf
01025355   Cmd_tasks
01025455   thread_sensor_poll
010255f5   pack_batched_periodic_data
01025629   send_periodic_data
01025699   send_pill_data_generic
010257f9   thread_tx
01025a45   DestroyCircularBuffer
01025a49   CreateCircularBuffer
01025aa9   flush_audio_playback_buffer
01025add   set_isr_playback
01025ae9   UDMAChannelSelect
01025b21   AudioCapturerGetDMADataPtr
01025b2d   SetupPingPongDMATransferTx
01025bb5   InitAudioCapture
01025c4d   AudioRendererGetDMADataPtr
01025c55   SetupPingPongDMATransferRx
01025cdd   InitAudioPlayback
01025d87   I2SEnable
01025ded   Audio_Start
01025df9   hlo_audio_open_mono
01025fa5   AudioPlaybackTask
01026075   get_speech_server
010260ad   parse_url
0102612d   hlo_http_post_opt
010261ed   hlo_http_post
01026269   init_background_energy
01026289   tinytensor_create_fullyconnected_layer
01026309   tinytensor_allocate_states
01026375   tinytensor_features_initialize
010263a1   get_aes
010263b9   hlo_hmac_stream
01026459   CountHighestMsb
01026491   __aeabi_llsr
010264b1   FixedPointLog2Q10
01026779   set_background_energy
010267fd   adpcm_coder
010268e1   keyword_net_pause_net_operation
010268ed   set_modulation_intensity
010268f9   play_modulation
010269bd   hlo_light_stream
01026a59   hlo_stream_bw_limited
01026ad9   hlo_pb_encode
01026b75   keyword_net_resume_net_operation
01026b81   get_hmac
01026c01   tinytensor_free_states
01026c31   hlo_filter_voice_command
010270bd   AudioControlTask
01027391   hci_decode
01027459   verify_top_update
01027481   hci_crc16_compute_cont
010275d9   hci_encode
010276c1   slip_write
01027735   hci_free
01027771   top_board_dfu_begin
01027a39   UARTIntClear
01027a79   uart_block_saver_task
01027a81   _encode_string_fields
01027b39   osi_MsgQWrite
01027b65   DmaSpiSwIntHandler
01027b9d   _SlDrvMsgReadSpawnCtx
01027cdd   get_messeji_server
01027f5d   pb_encode_submessage
01028021   f_closedir
01028035   hello_fs_closedir
010282b1   f_getfree
01028389   hello_fs_getfree
010283b9   get_free_space
01028719   GetBufferSize
01028735   IsBufferSizeFilled
01028749   Audio_Stop
01028761   UpdateReadPtr
01028785   ReadBuffer
01028841   IsBufferVacant
01028855   is_playback_active
01028861   UpdateWritePtr
01028885   FillBuffer
01028b69   _encode_wrapper
01028d61   cmd_button
01028d7d   set_system_volume
01028db1   cmd_vol
01028dc9   cmd_confidence
01028ddd   cmd_codec
01028e31   codec_power_spkr
01028e85   cmd_pwr_speaker
01028ec5   Cmd_hwver
01028f09   cmd_ch
01028f25   Cmd_fault
01028f3d   Cmd_connect
01028fbd   Cmd_disconnect
01029009   sl_NetAppPing
010291e9   Cmd_ping
01029231   Cmd_time
010292b1   Cmd_status
010293d1   Cmd_readlight
01029439   Cmd_umnt
0102948d   Cmd_ls
0102962d   Cmd_cd
01029635   rm
01029651   Cmd_rm
01029659   Cmd_inttemp
01029755   Cmd_read_temp_hum_press
01029789   strtoul
01029899   Cmd_meas_TVOC
0102991d   Cmd_read_uv
01029ab1   Cmd_read_temp_humid_old
01029b51   Cmd_uvr
01029bfd   Cmd_uvw
01029c7d   Cmd_dusttest
01029ccd   bit_array_resize
01029d0d   bit_array_init
01029d17   ack_set_init
01029d3f   bit_array_clz
01029d9d   bit_array_get
01029e01   bit_array_count
01029eab   bit_array_put
01029f09   bit_array_rshift_bytes
01029f35   ack_set_remove
01029fc9   ack_set_update
0102a091   hlo_output_pb_wto
0102a121   hlo_output_pb
0102a129   Cmd_pbstr
0102a221   fifo_stream_open
0102a251   Cmd_testhmac
0102a2a1   Cmd_audio_stop
0102a339   ustrtoul
0102a3d9   random_stream_open
0102a3f9   uart_stream
0102a419   mic_test_stream_open
0102a441   strchr
0102a457   strsep
0102a499   hlo_stream_en
0102a50d   hlo_http_get
0102a565   hlo_stream_sr_cnv
0102a5dd   open_stream_from_path
0102a851   Cmd_stream_transfer
0102a939   Cmd_AudioPlayback
0102a98d   Cmd_get_octogram
0102aa1d   mic_test_deviation
0102aaed   Cmd_mic_test
0102ab69   Cmd_antsel
0102abc1   factory_led_test_pattern
0102ac05   Cmd_led
0102ade9   Cmd_send_top
0102ae49   Cmd_topdfu
0102ae91   slip_dtm_mode
0102aead   Cmd_top_dtm
0102af55   Cmd_led_animate
0102b201   Cmd_log_setview
0102b225   Cmd_version
0102b265   RNG_custom_init
0102b285   RC4_setup
0102b2c7   RC4_crypt
0102b305   get_random
0102b3a5   get_random_NZ
0102b3cd   save_aes_in_memory
0102b3e5   save_aes
0102b40d   bi_depermanent
0102b425   bi_free
0102b451   bi_free_mod
0102b47d   bi_clear_cache
0102b4a5   bi_terminate
0102b4cf   RSA_free
0102b5b1   bi_permanent
0102b5c9   bi_initialize
0102b61b   bi_import
0102b679   __aeabi_uldivmod
0102b8c5   bi_set_mod
0102b911   RSA_pub_key_new
0102b9a5   int_to_bi
0102b9b5   bi_clone
0102ba0d   bi_copy
0102bac7   bi_multiply
0102bad3   bi_compare
0102bb0d   bi_subtract
0102bb79   bi_add
0102bc39   bi_divide
0102beb9   bi_mod_power
0102bff5   RSA_private
0102c005   RSA_public
0102c017   bi_export
0102c069   RSA_encrypt
0102c0f9   Cmd_generate_factory_data
0102c271   Cmd_test_key
0102c339   Cmd_test_3200_rtc
0102c399   Cmd_country
0102c42d   Cmd_uptime
0102c451   Cmd_sync
0102c45f   Cmd_led_clr
0102c475   Cmd_boot
0102c495   Cmd_get_gesture_count
0102c4bd   set_alarm
0102c6b5   set_test_alarm
0102c749   cmd_set_time
0102c7b9   sl_WlanGetNetworkList
0102c84d   get_wifi_scan_result
0102c989   Cmd_rssi
0102ca35   Cmd_setDev
0102cb35   Cmd_scan_wifi
0102cc31   Cmd_nwpinfo
0102cc41   Cmd_gesture
0102cc89   cmd_file_sync_upload
0102ccc5   cmd_test_neural_net
0102cd4d   pn_init_with_state
0102cd6d   pn_init_with_mask_10
0102cd7d   pn_stream_init
0102ce19   pcm_set_ping_pong_incoming_stream_mode
0102ce25   pn_read_stream_open
0102ce39   pn_write_stream_open
0102ce4d   cmd_audio_self_test
0102d2b1   I2CMasterIntStatusEx
0102d393   http_free
0102d5ad   _encode_read_id
0102d74d   encode_file_info
0102d781   I2SIntStatus
0102d7a1   uDMAIntStatus
0102d7ad   GetReadPtr
0102d7b1   uDMAIntClear
0102d7bd   I2SIntClear
0102d8c1   pb_encode_delimited
0102d8c5   encode_all_periodic_data
0102da1d   wait_for_top_boot
0102da4d   boot_commit_ota
0102dbcd   set_loglevel
0102dbd9   led_set_user_color
0102df51   encode_all_pills
0102df57   encode_all_prox
0102df8d   hlo_future_write
0102e1ad   is_alarm_ringing
0102e1e1   tinytensor_features_force_voice_activity_detection
0102e28d   get_audio_state
0102e32f   mad_decoder_init
0102e35b   mad_bit_init
0102e367   mad_stream_init
0102e39d   mad_header_init
0102e3c5   mad_frame_mute
0102e41d   mad_frame_init
0102e437   mad_synth_mute
0102e46f   mad_synth_init
0102e48f   mad_bit_nextbyte
0102e49f   mad_stream_sync
0102e4e1   mad_bit_skip
0102e513   mad_bit_read
0102e591   mad_bit_crc
0102e919   mad_timer_set
0102eb25   mad_header_decode
0102ecd9   mad_bit_length
0102eced   mad_frame_decode
0102ed6d   mad_synth_frame
0102eddd   mad_frame_finish
0102edf3   mad_stream_finish
0102ef39   mad_decoder_run
0102ef6d   mad_decoder_finish
0102ef71   hlo_filter_mp3_decoder
0102f039   unblock_sync
0102f061   pingRes
0102f0d9   ack_set_yield
0102f0f9   get_ws_server
0102f129   hlo_ws_stream
0102f5bd   hlo_pb_decode
0102f7c1   ble_proto_assign_decode_funcs
0102f7e1   ble_proto_get_morpheus_command
0102f821   ble_proto_free_morpheus_command
0102f885   pn_read_task
0102f8e1   pn_get_next_bit
0102f8fd   get_pn_sequence
0102fabf   pn_correlate_1x_soft
0102facd   correlate
0102fd81   pn_write_task
01030065   _SlDeviceHandleAsync_InitComplete
01030111   _SlDeviceHandleAsync_Stop
01030179   SimpleLinkGeneralEventHandler
01030185   _SlDrvIsApiInProgress
010301a5   _SlDeviceHandleResetRequestInternally
01030211   _SlFlowContSet
01030239   _SlDeviceEventHandler
01030339   SimpleLinkWlanEventHandler
0103045d   SimpleLinkSockEventHandler
0103055d   PRCMSlowClkCtrGet
0103058d   SimpleLinkNetAppEventHandler
01030641   _SlNetUtilHandleAsync_Cmd
010306fd   pb_ostream_from_buffer
010309a5   send_to_download_queue
010309c9   _on_file_update
01030b15   _decode_string_field
01030c39   hold_animate_progress_task
01030cb9   on_pill_settings
01030e2d   _on_file_download
01030f15   itohexstring
0103107d   http_parse_chunked
0103111d   http_parse_header_char
010311d9   tolower
010311e9   http_data
01031425   http_iserror
010315b5   tinytensor_create_new_tensor
010316e5   tinytensor_linear
01031709   DmaSwIntHandler
01031729   tinytensor_eval_stateful_net
01031789   fxd_sqrt
01031bed   mad_stream_errorstr
01031f11   mad_stream_buffer
010320b9   hlo_stream_end
010320e5   frame_pipe_encode
0103229d   thread_frame_pipe_encode
010322b9   hlo_prep_for_pb
010322ed   frame_pipe_decode
010324a1   thread_frame_pipe_decode
010324c5   hlo_filter_throughput_test
01032551   hlo_filter_modulate_led_with_sound
01032631   adpcm_decoder
010326e5   hlo_filter_adpcm_decoder
010327a9   hlo_filter_adpcm_encoder
01032839   hlo_filter_nn_keyword_recognition
010328f9   Octogram_Init
010329a1   Octogram_Update
010329ed   __aeabi_llsl
01032a5f   Octogram_GetResult
01032ac5   hlo_filter_octogram
01032ca5   get_unique_wifi_list
01032e45   _SlNetAppHandleAsync_DnsGetHostByName
01032ed1   _SlNetAppHandleAsync_DnsGetHostByService
01032fb9   _SlNetAppHandleAsync_PingResponse
01033045   SimpleLinkHttpServerCallback
01033051   _SlDrvDispatchHttpServerEvents
01033061   _SlDrvCmdSend_noLock
010330cd   _SlNetAppSendTokenValue
01033139   _SlNetAppSendResponse
010331f5   _SlNetAppEventHandler
010338dd   _SlSocketHandleAsync_Accept
01033945   _SlSocketHandleAsync_Connect
010339c9   _SlSocketHandleAsync_Select
01033a4d   _SlNetAppHandleAsync_NetAppReceive
01033b25   _SlSocketHandleAsync_Close
01033d91   hlo_asm_accumulate
01033ea7   tiny_tensor_get_descaling
01034003   FixedPointExp2Q10
0103408f   tinytensor_vec_softmax_in_place
010343b9   sl_Htons
0103464d   UARTTxBytesFree
01035833   pb_encode_svarint
01035893   pb_encode_fixed32
0103589f   pb_encode_fixed64
01035983   delete_tensor
010359d5   mad_layer_I
01035c79   mad_layer_II
01037d25   mad_layer_III
01037fe5   pb_decode_varint
01038113   pb_decode_svarint
010383dd   DmaErrorIntHandler
010383f5   _register_unlock
010383fb   _register_lock
01038403   _nop
01038409   __TI_zero_init
0103843b   Cmd_fault_slow
01038465   _SlDeviceResetRequestInitCompletedCB
01038489   pb_decode_fixed32
01038495   pb_decode_fixed64
0104810a   MorpheusCommand_fields
01048254   periodic_data_fields
010484cc   _ctypes_
010489d0   mad_huff_pair_table
01049170   SyncResponse_fields
01049718   SyncResponse_FileDownload_fields
01049928   FileManifest_fields
01049b00   AudioControl_fields
01049cb8   batched_periodic_data_fields
01049fbc   mad_huff_quad_table
01049fc4   Message_fields
0104a0b4   periodic_data_light_data_fields
0104a12c   pill_data_fields
0104a3d0   PlayAudio_fields
0104a439   SyncResponse_Alarm_fields
0104a80c   OpcodeTranslateTable
0104a8cc   FileManifest_FileDownload_fields
0104aa44   FlagsTranslate
0104aa68   _SlFsFileSysControlCmdCtrl
0104aa6c   _SlFsProgrammingCmdCtrl
0104aa70   _SlFsGetFileListCmdCtrl
0104aad8   _SlActionLookupTable
0104ab28   hello_NTPDataPacket_fields
0104abc0   sense_log_fields
0104ac0c   AudioState_fields
0104ac57   wifi_endpoint_fields
0104ae44   AudioClassifierMessage_fields
0104ae80   FileManifest_FileOperationError_fields
0104aebc   FileManifest_File_fields
0104aef8   FileManifest_MemoryInfo_fields
0104af34   Preamble_fields
0104af70   SyncResponse_WhiteNoise_fields
0104afac   StopAudio_fields
0104afca   Volume_fields
0104afe8   batched_periodic_data_wifi_access_point_fields
0104b024   batched_pill_data_fields
0104b200   _SlNetAppSendTokenValueCmdCtrl
0104b204   _SlNetAppSendResponseCmdCtrl
0104b208   _SlNetAppReceiveCmdCtrl
0104b20c   _SlNetAppSendCmdCtrl
0104b264   _SlProvisioningCmdCtrl
0104b3a0   Ack_fields
0104b3ce   SenseState_fields
0104b3fc   speech_data_fields
0104b42a   FileManifest_LinkHealth_fields
0104b457   ReceiveMessageRequest_fields
0104b484   SyncResponse_PillSettings_fields
0104b860   SyncResponse_Alarm_ringtone_id_default
0104b864   BatchedPillSettings_fields
0104b902   BatchMessage_fields
0104ba5c   SYSVIEW_X_OS_TraceAPI
0104ba6c   mad_timer_zero
0104ba88   __TI_table_binit
0104ba88   __binit__
0104ba88   binit
0105d400   __TI_static_base__
0105f1a8   __TI_Handler_Table_Base
0105f1b4   __TI_Handler_Table_Limit
0105f1c8   __TI_CINIT_Base
0105f1e0   __TI_CINIT_Limit
20035ffc   BME_i2c
20036000   gpCtlTbl
20036400   ping
20036800   ping_p
20036c00   pong
20037000   pong_p
200377c0   fsobj
20037da8   gfpAppCallbackHndl
200381f0   _SEGGER_RTT
200383d0   g_ucDinDout
20038470   xQueueRegistry
2003860c   bme280_cal
20038630   fsdirobj
20038730   file_info
20038834   DeviceCB
2003886c   top_device_id
2003887c   DMAMsgQ
20038884   GlobalLockObj
200388e4   dust_smphr
200388ec   g_cDummy
20038904   g_xRxLineSemaphore
2003890c   hlo_ack_queue
20038914   i2c_smphr
2003892c   led_smphr
20038948   p1
2003894c   p2
20038958   playback_isr_sem
20038970   record_isr_sem
2003898c   spi_smphr
20038994   t_fine
2003899c   RxIrqCnt
200389a0   iDone
200389a5   xTaskGetCurrentTaskHandle
200389b1   xTaskGetSchedulerState
200389d1   vTaskSetTimeOutState
20038a01   vTaskSuspendAll
20038a11   xTaskCheckForTimeOut
20038a99   uxListRemove
20038abf   vListInsertEnd
20038ad9   xTaskRemoveFromEventList
20038b6d   vTaskMissedYield
20038bdd   xTaskIncrementTick
20038d21   xTaskResumeAll
20038e39   vTaskPriorityInherit
20038ed1   vListInsert
20038f61   vTaskPlaceOnEventList
20038ffd   pvTaskIncrementMutexHeldCount
20039015   xQueueGenericReceive
20039255   xQueueTakeMutexRecursive
20039299   ulTaskNotifyTake
20039339   xTaskGetTickCount
20039351   vTaskDelay
200393f1   xTaskPriorityDisinherit
20039535   xQueueGenericSend
20039771   xQueueGiveMutexRecursive
200397ad   uxQueueSpacesAvailable
200397d5   xTaskRemoveFromUnorderedEventList
20039889   xEventGroupSetBits
20039951   xPortGetFreeHeapSize
2003995d   mem_Free
2003995d   vPortFree
20039a61   vPortDefineHeapRegions
20039b79   pvPortMalloc
20039c49   vListInitialise
20039c61   xQueueGenericReset
20039cd5   xQueueGenericCreate
20039d9d   vListInitialiseItem
20039df1   pxPortInitialiseStack
20039e75   xTaskGenericCreate
20039ffd   vQueueAddToRegistry
2003a0a5   xTimerCreateTimerTask
2003a0f5   vTaskSwitchContext
2003a1dd   xPortStartScheduler
2003a269   osi_start
2003a269   vTaskStartScheduler
2003a2dd   xEventGroupCreate
2003a2f7   xQueueCreateMutex
2003a345   vQueueUnregisterQueue
2003a369   vQueueDelete
2003a399   xQueueGenericSendFromISR
2003a4e5   xTimerCreate
2003a545   xEventGroupClearBits
2003a5b9   xTimerGenericCommand
2003a631   vTaskDelete
2003a705   vTaskPlaceOnUnorderedEventList
2003a7b1   uxTaskResetEventItemValue
2003a7c9   xEventGroupWaitBits
2003aa79   xQueueGiveFromISR
2003ab8d   bitexp
2003abb1   vTaskDelayUntil
2003ac89   xTaskGetTickCountFromISR
2003ae05   vTaskPlaceOnEventListRestricted
2003ae85   vQueueWaitForMessageRestricted
2003b01d   pvPortRealloc
2003b22d   bitlog
2003b259   uxQueueMessagesWaiting
2003b31d   uxTaskGetSystemState
2003b3b9   vTaskList
2003b47d   tinytensor_create_lstm_layer
2003b4c9   keyword_net_initialize
2003b501   keyword_net_register_callback
2003b525   keyword_net_register_speech_callback
2003b535   fxd_sin
2003b579   fft
2003b6b1   tinytensor_features_get_mel_bank
2003b779   logpsdmel
2003bb05   keyword_net_add_audio_samples
2003bb05   tinytensor_features_add_samples
2003bb7d   keyword_net_deinitialize
2003bb95   vTaskNotifyGiveFromISR
2003bc99   DMAPingPongCompleteAppCB_opt
2003c2b3   fix_window
2003c6b5   tinytensor_tanh
2003e70c   g_sCmdTable
2003ee88   pTxBuffer
2003ee8c   pRxBuffer
2003ee90   booted
2003ee91   use_dev_server
2003eea4   provisioning_mode
2003eea8   data_queue
2003eeac   force_data_queue
2003eeb0   pill_queue
2003eeb4   pill_prox_queue
2003eeb8   data_queue_batch_size
2003eebc   pill_queue_batch_size
2003eec0   top_got_device_id
2003ef6c   folders
2003efa0   query_delay_ticks
2003efa4   pxCurrentTCB
2003efd8   sl_mode
2003efdc   aes_key
2003f05c   subscriptions
2003f0c9   top_version
2003f13c   tvoc_wa
2003f140   sys_volume
2003f16c   guiDMATransferCountTx
2003f170   guiDMATransferCountRx
2003f174   _pcm_ping_pong_incoming_stream_mode
2003f17c   ch
2003f194   led_duration
2003f1a0   _tz
2003f1b4   audio_sig_stop
2003f1c0   xHigherPriorityTaskWoken
2003f1c4   xSimpleLinkSpawnQueue
2003f1c8   xSimpleLinkSpawnTaskHndl
2003f1e4   gGlobalLockCntRequested
2003f1e5   gGlobalLockCntReleased
2003f1e6   g_SlDeviceStatus
2003f1e8   g_pCB
2003f1ec   pPingCallBackFunc
2003f1fc   g_SpiFd
2003f200   g_pHostIntHdl
2003f204   g_ucDMAEnabled
2003f220   sync_fnc
2003f224   last_upload_time
2003f230   _lock
2003f234   _unlock
2003f238   __TI_cleanup_ptr
2003f23c   __TI_dtors_ptr
2003f240   download_queue
2003f24c   hw_ver
2003f250   _rx_queue
2003f258   _Errno
2003f260   main_func_sp
2003f400   ulRAMVectorTable
2003fa00   __stack
20040000   __STACK_END
ffffffff   __c_args__
UNDEFED    SHT$$INIT_ARRAY$$Base
UNDEFED    SHT$$INIT_ARRAY$$Limit

[1149 symbols]
