******************************************************************************
                  TI ARM Linker Unix v5.1.5                    
******************************************************************************
>> Linked Tue Oct 18 17:20:41 2016

OUTPUT FILE NAME:   </home/travis/build/hello/kitsune/kitsune/main/ccs/exe/kitsune.out>
ENTRY POINT SYMBOL: "_c_int00"  address: 01012719


MEMORY CONFIGURATION

         name            origin    length      used     unused   attr    fill
----------------------  --------  ---------  --------  --------  ----  --------
  FLASH_CODE            0100a000   000f5fff  00056f1e  0009f0e1  R  X
  SRAM_DATA             20000000   00040000  0003fc2c  000003d4  RW X


SEGMENT ALLOCATION MAP

run origin  load origin   length   init length attrs members
----------  ----------- ---------- ----------- ----- -------
0100a000    0100a000    00000040   00000040    r--
  0100a000    0100a000    00000040   00000040    r-- .resetVecs
0100df98    0100df98    0003fd80   0003fd80    r-x
  0100df98    0100df98    0002a90a   0002a90a    r-x .text
  010388a8    010388a8    0001545e   0001545e    r-- .const
  0104dd08    0104dd08    00000010   00000010    r-- .binit
0104e000    0104e000    00013210   00013210    r--
  0104e000    0104e000    00011400   00011400    r-- .weights
  0105f400    0105f400    00001e10   00001e10    r-- .cinit
20000000    20000000    000389aa   00000000    rw-
  20000000    20000000    000389aa   00000000    rw- .bss
200389ac    0100a040    00003f56   00003f56    r-x
  200389ac    0100a040    00003f56   00003f56    r-x .ramcode
2003c908    2003c908    0000292c   00000000    rw-
  2003c908    2003c908    0000292c   00000000    rw- .data
2003f400    2003f400    00000400   00000000    rw-
  2003f400    2003f400    00000400   00000000    rw- .ramvecs
2003fa00    2003fa00    00000600   00000000    rw-
  2003fa00    2003fa00    00000600   00000000    rw- .stack


SECTION ALLOCATION MAP

 output                                  attributes/
section   page    origin      length       input sections
--------  ----  ----------  ----------   ----------------
.init_array 
*          0    0100a000    00000000     UNINITIALIZED

.resetVecs 
*          0    0100a000    00000040     
                  0100a000    00000040     startup_ccs.obj (.resetVecs)

.ramcode   0    0100a040    00003f56     RUN ADDR = 200389ac
                  0100a040    0000000c     FreeRTOS.a : tasks.obj (.ramcode:xTaskGetCurrentTaskHandle)
                  0100a04c    00000020                : tasks.obj (.ramcode:xTaskGetSchedulerState)
                  0100a06c    00000030                : tasks.obj (.ramcode:vTaskSetTimeOutState)
                  0100a09c    00000010                : tasks.obj (.ramcode:vTaskSuspendAll)
                  0100a0ac    00000088                : tasks.obj (.ramcode:xTaskCheckForTimeOut)
                  0100a134    00000026                : list.obj (.ramcode:uxListRemove)
                  0100a15a    00000018                : list.obj (.ramcode:vListInsertEnd)
                  0100a172    00000002     --HOLE-- [fill = 0]
                  0100a174    00000094                : tasks.obj (.ramcode:xTaskRemoveFromEventList)
                  0100a208    0000000c                : tasks.obj (.ramcode:vTaskMissedYield)
                  0100a214    00000062                : queue.obj (.ramcode:prvUnlockQueue)
                  0100a276    00000002     --HOLE-- [fill = 0]
                  0100a278    00000144                : tasks.obj (.ramcode:xTaskIncrementTick)
                  0100a3bc    000000fc                : tasks.obj (.ramcode:xTaskResumeAll)
                  0100a4b8    0000001a                : queue.obj (.ramcode:prvIsQueueEmpty)
                  0100a4d2    00000002     --HOLE-- [fill = 0]
                  0100a4d4    00000098                : tasks.obj (.ramcode:vTaskPriorityInherit)
                  0100a56c    00000032                : list.obj (.ramcode:vListInsert)
                  0100a59e    00000002     --HOLE-- [fill = 0]
                  0100a5a0    0000005c                : tasks.obj (.ramcode:prvAddCurrentTaskToDelayedList)
                  0100a5fc    00000078                : tasks.obj (.ramcode:vTaskPlaceOnEventList)
                  0100a674    00000024                : queue.obj (.ramcode:prvCopyDataFromQueue)
                  0100a698    00000018                : tasks.obj (.ramcode:pvTaskIncrementMutexHeldCount)
                  0100a6b0    0000023e                : queue.obj (.ramcode:xQueueGenericReceive)
                  0100a8ee    00000002     --HOLE-- [fill = 0]
                  0100a8f0    00000044                : queue.obj (.ramcode:xQueueTakeMutexRecursive)
                  0100a934    000000a0                : tasks.obj (.ramcode:ulTaskNotifyTake)
                  0100a9d4    00000018                : tasks.obj (.ramcode:xTaskGetTickCount)
                  0100a9ec    00000080                : tasks.obj (.ramcode:vTaskDelay)
                  0100aa6c    0000001e                : queue.obj (.ramcode:prvIsQueueFull)
                  0100aa8a    00000002     --HOLE-- [fill = 0]
                  0100aa8c    000000cc                : tasks.obj (.ramcode:xTaskPriorityDisinherit)
                  0100ab58    00000076                : queue.obj (.ramcode:prvCopyDataToQueue)
                  0100abce    00000002     --HOLE-- [fill = 0]
                  0100abd0    0000023a                : queue.obj (.ramcode:xQueueGenericSend)
                  0100ae0a    00000002     --HOLE-- [fill = 0]
                  0100ae0c    0000003c                : queue.obj (.ramcode:xQueueGiveMutexRecursive)
                  0100ae48    00000028                : queue.obj (.ramcode:uxQueueSpacesAvailable)
                  0100ae70    000000b4                : tasks.obj (.ramcode:xTaskRemoveFromUnorderedEventList)
                  0100af24    000000c5                : event_groups.obj (.ramcode:xEventGroupSetBits)
                  0100afe9    00000003     --HOLE-- [fill = 0]
                  0100afec    0000000c                : heap_6.obj (.ramcode:xPortGetFreeHeapSize)
                  0100aff8    00000104                : heap_6.obj (.ramcode:vPortFree)
                  0100b0fc    00000118                : heap_6.obj (.ramcode:vPortDefineHeapRegions)
                  0100b214    000000d0                : heap_6.obj (.ramcode:pvPortMalloc)
                  0100b2e4    00000016                : list.obj (.ramcode:vListInitialise)
                  0100b2fa    00000002     --HOLE-- [fill = 0]
                  0100b2fc    00000074                : queue.obj (.ramcode:xQueueGenericReset)
                  0100b370    0000008c                : queue.obj (.ramcode:xQueueGenericCreate)
                  0100b3fc    0000003c                : tasks.obj (.ramcode:prvAllocateTCBAndStack)
                  0100b438    00000006                : list.obj (.ramcode:vListInitialiseItem)
                  0100b43e    0000004c                : tasks.obj (.ramcode:prvInitialiseTCBVariables)
                  0100b48a    00000002     --HOLE-- [fill = 0]
                  0100b48c    00000020                : port.obj (.ramcode:pxPortInitialiseStack)
                  0100b4ac    00000064                : tasks.obj (.ramcode:prvInitialiseTaskLists)
                  0100b510    00000188                : tasks.obj (.ramcode:xTaskGenericCreate)
                  0100b698    00000034                : queue.obj (.ramcode:vQueueAddToRegistry)
                  0100b6cc    00000074                : timers.obj (.ramcode:prvCheckForValidListAndQueue)
                  0100b740    00000050                : timers.obj (.ramcode:xTimerCreateTimerTask)
                  0100b790    000000e8                : tasks.obj (.ramcode:vTaskSwitchContext)
                  0100b878    0000008c                : port.obj (.ramcode:xPortStartScheduler)
                  0100b904    00000074                : tasks.obj (.ramcode:vTaskStartScheduler)
                  0100b978    0000001a                : event_groups.obj (.ramcode:xEventGroupCreate)
                  0100b992    0000004c                : queue.obj (.ramcode:xQueueCreateMutex)
                  0100b9de    00000002     --HOLE-- [fill = 0]
                  0100b9e0    00000024                : queue.obj (.ramcode:vQueueUnregisterQueue)
                  0100ba04    00000030                : queue.obj (.ramcode:vQueueDelete)
                  0100ba34    0000014b                : queue.obj (.ramcode:xQueueGenericSendFromISR)
                  0100bb7f    00000001     --HOLE-- [fill = 0]
                  0100bb80    00000060                : timers.obj (.ramcode:xTimerCreate)
                  0100bbe0    00000073                : event_groups.obj (.ramcode:xEventGroupClearBits)
                  0100bc53    00000001     --HOLE-- [fill = 0]
                  0100bc54    00000078                : timers.obj (.ramcode:xTimerGenericCommand)
                  0100bccc    000000ac                : tasks.obj (.ramcode:vTaskPlaceOnUnorderedEventList)
                  0100bd78    00000018                : tasks.obj (.ramcode:uxTaskResetEventItemValue)
                  0100bd90    00000186                : event_groups.obj (.ramcode:xEventGroupWaitBits)
                  0100bf16    00000002     --HOLE-- [fill = 0]
                  0100bf18    000000d4                : tasks.obj (.ramcode:vTaskDelete)
                  0100bfec    00000012                : tasks.obj (.ramcode:prvDeleteTCB)
                  0100bffe    00000002     --HOLE-- [fill = 0]
                  0100c000    00000058                : tasks.obj (.ramcode:prvCheckTasksWaitingTermination)
                  0100c058    000000a6     led_cmd.obj (.ramcode:led_slow)
                  0100c0fe    0000001a     led_cmd.obj (.ramcode:set_low)
                  0100c118    00000113     FreeRTOS.a : queue.obj (.ramcode:xQueueGiveFromISR)
                  0100c22b    00000001     --HOLE-- [fill = 0]
                  0100c22c    00000024     fft.obj (.ramcode:bitexp)
                  0100c250    000000d8     FreeRTOS.a : tasks.obj (.ramcode:vTaskDelayUntil)
                  0100c328    0000001c                : tasks.obj (.ramcode:xTaskGetTickCountFromISR)
                  0100c344    00000020                : timers.obj (.ramcode:prvGetNextExpireTime)
                  0100c364    00000078                : timers.obj (.ramcode:prvSwitchTimerLists)
                  0100c3dc    0000002c                : timers.obj (.ramcode:prvSampleTimeNow)
                  0100c408    00000044                : timers.obj (.ramcode:prvInsertTimerInActiveList)
                  0100c44c    00000058                : timers.obj (.ramcode:prvProcessExpiredTimer)
                  0100c4a4    00000080                : tasks.obj (.ramcode:vTaskPlaceOnEventListRestricted)
                  0100c524    00000040                : queue.obj (.ramcode:vQueueWaitForMessageRestricted)
                  0100c564    00000060                : timers.obj (.ramcode:prvProcessTimerOrBlockTask)
                  0100c5c4    000000e4                : timers.obj (.ramcode:prvProcessReceivedCommands)
                  0100c6a8    00000014                : timers.obj (.ramcode:prvTimerTask)
                  0100c6bc    00000210                : heap_6.obj (.ramcode:pvPortRealloc)
                  0100c8cc    0000002c     fft.obj (.ramcode:bitlog)
                  0100c8f8    00000023     FreeRTOS.a : queue.obj (.ramcode:uxQueueMessagesWaiting)
                  0100c91b    00000001     --HOLE-- [fill = 0]
                  0100c91c    00000014                : tasks.obj (.ramcode:prvTaskCheckFreeStackSpace)
                  0100c930    0000008c                : tasks.obj (.ramcode:prvListTaskWithinSingleList)
                  0100c9bc    0000009c                : tasks.obj (.ramcode:uxTaskGetSystemState)
                  0100ca58    000000c4                : tasks.obj (.ramcode:vTaskList)
                  0100cb1c    0000004c     tinytensor_lstm_layer.obj (.ramcode:tinytensor_create_lstm_layer)
                  0100cb68    00000038     keyword_net.obj (.ramcode:keyword_net_initialize)
                  0100cba0    00000024     keyword_net.obj (.ramcode:keyword_net_register_callback)
                  0100cbc4    00000010     keyword_net.obj (.ramcode:keyword_net_register_speech_callback)
                  0100cbd4    00000044     fft.obj (.ramcode:fxd_sin)
                  0100cc18    00000138     fft.obj (.ramcode:fft)
                  0100cd50    000000c8     tinytensor_features.obj (.ramcode:tinytensor_features_get_mel_bank)
                  0100ce18    000000c0     audiofeatures.obj (.ramcode:getvolume)
                  0100ced8    0000022c     tinytensor_features.obj (.ramcode:add_samples_and_get_mel)
                  0100d104    00000078     tinytensor_features.obj (.ramcode:tinytensor_features_add_samples)
                  0100d17c    00000018     keyword_net.obj (.ramcode:keyword_net_deinitialize)
                  0100d194    00000104     FreeRTOS.a : tasks.obj (.ramcode:vTaskNotifyGiveFromISR)
                  0100d298    0000047a     pcm_handler.obj (.ramcode:DMAPingPongCompleteAppCB_opt)
                  0100d712    00000002     --HOLE-- [fill = 0]
                  0100d714    0000000a     FreeRTOS.a : SEGGER_SYSVIEW.obj (.tramp.SEGGER_SYSVIEW_RecordEnterISR.1)
                  0100d71e    00000002     --HOLE-- [fill = 0]
                  0100d720    0000000a     circ_buff.obj (.tramp.GetBufferSize.1)
                  0100d72a    00000002     --HOLE-- [fill = 0]
                  0100d72c    0000000a     circ_buff.obj (.tramp.FillBuffer.1)
                  0100d736    00000002     --HOLE-- [fill = 0]
                  0100d738    0000000a     circ_buff.obj (.tramp.ReadBuffer.1)
                  0100d742    00000002     --HOLE-- [fill = 0]
                  0100d744    0000000a     FreeRTOS.a : SEGGER_SYSVIEW.obj (.tramp.SEGGER_SYSVIEW_RecordExitISR.1)
                  0100d74e    00000002     --HOLE-- [fill = 0]
                  0100d750    0000000a                : SEGGER_SYSVIEW.obj (.tramp.SEGGER_SYSVIEW_RecordExitISRToScheduler.1)
                  0100d75a    00000002     --HOLE-- [fill = 0]
                  0100d75c    00000150     keyword_net.obj (.ramcode:feats_callback)
                  0100d8ac    0000000a     tinytensor_net.obj (.tramp.tinytensor_eval_stateful_net.1)
                  0100d8b6    00000002     --HOLE-- [fill = 0]
                  0100d8b8    0000000a     uart_logger.obj (.tramp.uart_logf.1)
                  0100d8c2    0000007c     fft.obj (.ramcode:fix_window)
                  0100d93e    00000002     --HOLE-- [fill = 0]
                  0100d940    00000038     tinytensor_lstm_layer.obj (.ramcode:hard_sigmoid)
                  0100d978    000001a4     tinytensor_lstm_layer.obj (.ramcode:lstm_time_step_forwards)
                  0100db1c    0000000a     hlo_m4.obj (.tramp.hlo_asm_accumulate.1)
                  0100db26    00000152     tinytensor_lstm_layer.obj (.ramcode:eval_helper)
                  0100dc78    0000005e     tinytensor_lstm_layer.obj (.ramcode:eval)
                  0100dcd6    00000002     --HOLE-- [fill = 0]
                  0100dcd8    0000008c     tinytensor_math.obj (.ramcode:tinytensor_tanh)
                  0100dd64    0000000a     tinytensor_net.obj (.tramp.tinytensor_free_states.1)
                  0100dd6e    00000002     --HOLE-- [fill = 0]
                  0100dd70    0000000a     tinytensor_features.obj (.tramp.tinytensor_features_deinitialize.1)
                  0100dd7a    00000002     --HOLE-- [fill = 0]
                  0100dd7c    0000000a     audiofeatures.obj (.tramp.set_background_energy.1)
                  0100dd86    00000002     --HOLE-- [fill = 0]
                  0100dd88    0000000a     tinytensor_features.obj (.tramp.do_voice_activity_detection.1)
                  0100dd92    00000002     --HOLE-- [fill = 0]
                  0100dd94    0000000a     rtsv7M4_T_le_eabi.lib : ll_mul_t2.obj (.tramp.__aeabi_lmul.1)
                  0100dd9e    00000002     --HOLE-- [fill = 0]
                  0100dda0    0000000a     hellomath.obj (.tramp.FixedPointLog2Q10.1)
                  0100ddaa    00000002     --HOLE-- [fill = 0]
                  0100ddac    0000000a     tinytensor_features.obj (.tramp.tinytensor_features_initialize.1)
                  0100ddb6    00000002     --HOLE-- [fill = 0]
                  0100ddb8    0000000a     tinytensor_net.obj (.tramp.tinytensor_allocate_states.1)
                  0100ddc2    00000002     --HOLE-- [fill = 0]
                  0100ddc4    0000000a     keyword_net.obj (.tramp.initialize_network.1)
                  0100ddce    00000002     --HOLE-- [fill = 0]
                  0100ddd0    0000000a     rtsv7M4_T_le_eabi.lib : strlen.obj (.tramp.strlen.1)
                  0100ddda    00000002     --HOLE-- [fill = 0]
                  0100dddc    0000000a     ustdlib.obj (.tramp.usprintf.1)
                  0100dde6    00000002     --HOLE-- [fill = 0]
                  0100dde8    0000000a     FreeRTOS.a : tasks.obj (.tramp.prvWriteNameToBuffer.1)
                  0100ddf2    00000002     --HOLE-- [fill = 0]
                  0100ddf4    0000000a     rtsv7M4_T_le_eabi.lib : memmov.obj (.tramp.memmove.1)
                  0100ddfe    00000002     --HOLE-- [fill = 0]
                  0100de00    0000000a     FreeRTOS.a : SEGGER_SYSVIEW.obj (.tramp.SEGGER_SYSVIEW_RecordVoid.1)
                  0100de0a    00000002     --HOLE-- [fill = 0]
                  0100de0c    0000000a     driverlib.a : utils.obj (.tramp.UtilsDelay.1)
                  0100de16    00000002     --HOLE-- [fill = 0]
                  0100de18    0000000a     FreeRTOS.a : SEGGER_SYSVIEW_FreeRTOS.obj (.tramp.SYSVIEW_DeleteTask.1)
                  0100de22    00000002     --HOLE-- [fill = 0]
                  0100de24    0000000a                : event_groups.obj (.tramp.prvTestWaitCondition.1)
                  0100de2e    00000002     --HOLE-- [fill = 0]
                  0100de30    0000000a                : port.obj (.tramp.vPortClearInterruptMask.1)
                  0100de3a    00000002     --HOLE-- [fill = 0]
                  0100de3c    0000000a                : port.obj (.tramp.vPortValidateInterruptPriority.1)
                  0100de46    00000002     --HOLE-- [fill = 0]
                  0100de48    0000000a                : port.obj (.tramp.ulPortSetInterruptMask.1)
                  0100de52    00000002     --HOLE-- [fill = 0]
                  0100de54    0000000a                : port.obj (.tramp.prvTaskExitError.1)
                  0100de5e    00000002     --HOLE-- [fill = 0]
                  0100de60    0000000a                : portasm.obj (.tramp.prvPortStartFirstTask.1)
                  0100de6a    00000002     --HOLE-- [fill = 0]
                  0100de6c    0000000a                : port.obj (.tramp.vPortSetupTimerInterrupt.1)
                  0100de76    00000002     --HOLE-- [fill = 0]
                  0100de78    0000000a                : SEGGER_SYSVIEW.obj (.tramp.SEGGER_SYSVIEW_OnIdle.1)
                  0100de82    00000002     --HOLE-- [fill = 0]
                  0100de84    0000000a                : SEGGER_SYSVIEW.obj (.tramp.SEGGER_SYSVIEW_OnTaskStartExec.1)
                  0100de8e    00000002     --HOLE-- [fill = 0]
                  0100de90    0000000a                : portasm.obj (.tramp.portCLZ.1)
                  0100de9a    00000002     --HOLE-- [fill = 0]
                  0100de9c    0000000a     main.obj (.tramp.vApplicationStackOverflowHook.1)
                  0100dea6    00000002     --HOLE-- [fill = 0]
                  0100dea8    0000000a     FreeRTOS.a : SEGGER_SYSVIEW_FreeRTOS.obj (.tramp.SYSVIEW_AddTask.1)
                  0100deb2    00000002     --HOLE-- [fill = 0]
                  0100deb4    0000000a                : SEGGER_SYSVIEW.obj (.tramp.SEGGER_SYSVIEW_OnTaskCreate.1)
                  0100debe    00000002     --HOLE-- [fill = 0]
                  0100dec0    0000000a     rtsv7M4_T_le_eabi.lib : memset_t2.obj (.tramp.memset.1)
                  0100deca    00000002     --HOLE-- [fill = 0]
                  0100decc    0000000a     FreeRTOS.a : SEGGER_SYSVIEW.obj (.tramp.SEGGER_SYSVIEW_RecordU32x3.1)
                  0100ded6    00000002     --HOLE-- [fill = 0]
                  0100ded8    0000000a     commands.obj (.tramp.usertraceMALLOC.1)
                  0100dee2    00000002     --HOLE-- [fill = 0]
                  0100dee4    0000000a     FreeRTOS.a : heap_6.obj (.tramp.prvHeapInit.1)
                  0100deee    00000002     --HOLE-- [fill = 0]
                  0100def0    0000000a                : heap_6.obj (.tramp.prvInsertBlockIntoFreeList.1)
                  0100defa    00000002     --HOLE-- [fill = 0]
                  0100defc    0000000a     commands.obj (.tramp.usertraceFREE.1)
                  0100df06    00000002     --HOLE-- [fill = 0]
                  0100df08    0000000a     FreeRTOS.a : SEGGER_SYSVIEW.obj (.tramp.SEGGER_SYSVIEW_RecordU32x2.1)
                  0100df12    00000002     --HOLE-- [fill = 0]
                  0100df14    0000000a                : SEGGER_SYSVIEW_FreeRTOS.obj (.tramp.SYSVIEW_RecordU32x4.1)
                  0100df1e    00000002     --HOLE-- [fill = 0]
                  0100df20    0000000a                : SEGGER_SYSVIEW.obj (.tramp.SEGGER_SYSVIEW_ShrinkId.1)
                  0100df2a    00000002     --HOLE-- [fill = 0]
                  0100df2c    0000000a     rtsv7M4_T_le_eabi.lib : memcpy_t2.obj (.tramp.memcpy.1)
                  0100df36    00000002     --HOLE-- [fill = 0]
                  0100df38    0000000a     FreeRTOS.a : SEGGER_SYSVIEW.obj (.tramp.SEGGER_SYSVIEW_OnTaskStopReady.1)
                  0100df42    00000002     --HOLE-- [fill = 0]
                  0100df44    0000000a                : SEGGER_SYSVIEW.obj (.tramp.SEGGER_SYSVIEW_RecordU32.1)
                  0100df4e    00000002     --HOLE-- [fill = 0]
                  0100df50    0000000a                : port.obj (.tramp.vPortYield.1)
                  0100df5a    00000002     --HOLE-- [fill = 0]
                  0100df5c    0000000a                : tasks.obj (.tramp.prvResetNextTaskUnblockTime.1)
                  0100df66    00000002     --HOLE-- [fill = 0]
                  0100df68    0000000a                : SEGGER_SYSVIEW.obj (.tramp.SEGGER_SYSVIEW_OnTaskStartReady.1)
                  0100df72    00000002     --HOLE-- [fill = 0]
                  0100df74    0000000a                : port.obj (.tramp.vPortExitCritical.1)
                  0100df7e    00000002     --HOLE-- [fill = 0]
                  0100df80    0000000a                : port.obj (.tramp.vPortEnterCritical.1)
                  0100df8a    00000002     --HOLE-- [fill = 0]
                  0100df8c    0000000a     main.obj (.tramp.vAssertCalled.1)

.text      0    0100df98    0002a90a     
                  0100df98    0000009c     rtsv7M4_T_le_eabi.lib : memcpy_t2.obj (.text)
                  0100e034    00000044                           : cpy_tbl.obj (.text)
                  0100e078    00000094                           : auto_init.obj (.text)
                  0100e10c    0000000c     driverlib.a : interrupt.obj (.text:IntVTableBaseSet)
                  0100e118    0000008c                 : interrupt.obj (.text:IntEnable)
                  0100e1a4    00000006                 : utils.obj (.text:UtilsDelay)
                  0100e1aa    00000010                 : prcm.obj (.text:PRCMHIBRegRead)
                  0100e1ba    00000002     FreeRTOS.a : port.obj (.text:vPortValidateInterruptPriority)
                  0100e1bc    00000054     driverlib.a : prcm.obj (.text:PRCMSysResetCauseGet)
                  0100e210    0000000a                 : prcm.obj (.text:PRCMHIBRegWrite)
                  0100e21a    00000002     pb_encode.obj (.text:remove_const)
                  0100e21c    00000034     driverlib.a : prcm.obj (.text:PRCMPeripheralClkEnable)
                  0100e250    00000040                 : prcm.obj (.text:PRCMPeripheralReset)
                  0100e290    00000018                 : prcm.obj (.text:PRCMPeripheralClkDisable)
                  0100e2a8    00000244                 : prcm.obj (.text:PRCMCC3200MCUInit)
                  0100e4ec    00000034     main.obj (.text:BoardInit)
                  0100e520    00000028     driverlib.a : pin.obj (.text:PinModeSet)
                  0100e548    00000060                 : pin.obj (.text:PinConfigSet)
                  0100e5a8    00000284     pinmux.obj (.text:PinMuxConfig)
                  0100e82c    00000028     FreeRTOS.a : osi_freertos.obj (.text:osi_InterruptRegister)
                  0100e854    00000078     rtsv7M4_T_le_eabi.lib : memset_t2.obj (.text)
                  0100e8cc    00000068     udma_if.obj (.text:UDMAInit)
                  0100e934    00000028     driverlib.a : timer.obj (.text:TimerConfigure)
                  0100e95c    00000054     timer_if.obj (.text:simplelink_timerA2_start)
                  0100e9b0    00000078     FreeRTOS.a : SEGGER_RTT.obj (.text:_DoInit)
                  0100ea28    00000010                : SEGGER_RTT.obj (.text:SEGGER_RTT_Init)
                  0100ea38    00000070                : SEGGER_RTT.obj (.text:SEGGER_RTT_ConfigUpBuffer)
                  0100eaa8    00000070                : SEGGER_RTT.obj (.text:SEGGER_RTT_ConfigDownBuffer)
                  0100eb18    00000070                : SEGGER_SYSVIEW.obj (.text:SEGGER_SYSVIEW_Init)
                  0100eb88    0000000c                : SEGGER_SYSVIEW.obj (.text:SEGGER_SYSVIEW_SetRAMBase)
                  0100eb94    00000028                : SEGGER_SYSVIEW_Config_FreeRTOS.obj (.text:SEGGER_SYSVIEW_Conf)
                  0100ebbc    00000042     rtsv7M4_T_le_eabi.lib : u_divt2.obj (.text)
                  0100ebfe    00000002     tinytensor_features.obj (.text:tinytensor_features_deinitialize)
                  0100ec00    000001fa     uart_logger.obj (.text:_va_printf)
                  0100edfa    00000002     main.obj (.text:SimpleLinkSocketTriggerEventHandler)
                  0100edfc    00000048     uart_logger.obj (.text:uart_logf)
                  0100ee44    00000010     FreeRTOS.a : port.obj (.text:vPortClearInterruptMask)
                  0100ee54    00000038                : port.obj (.text:vPortExitCritical)
                  0100ee8c    00000010                : SEGGER_SYSVIEW.obj (.text:SEGGER_SYSVIEW_ShrinkId)
                  0100ee9c    0000001c                : SEGGER_SYSVIEW.obj (.text:SEGGER_SYSVIEW_EncodeU32)
                  0100eeb8    000000a4                : SEGGER_RTT.obj (.text:SEGGER_RTT_WriteSkipNoLock)
                  0100ef5c    0000007c                : SEGGER_SYSVIEW.obj (.text:_TrySendOverflowPacket)
                  0100efd8    0000007c                : SEGGER_RTT.obj (.text:SEGGER_RTT_ReadNoLock)
                  0100f054    00000004                : SEGGER_SYSVIEW.obj (.text:_PreparePacket)
                  0100f058    00000022                : SEGGER_SYSVIEW.obj (.text:_EncodeStr)
                  0100f07a    00000002     startup_ccs.obj (.text:BusFaultHandler)
                  0100f07c    00000078     FreeRTOS.a : SEGGER_SYSVIEW.obj (.text:SEGGER_SYSVIEW_SendModule)
                  0100f0f4    0000001c                : SEGGER_SYSVIEW.obj (.text:SEGGER_SYSVIEW_SendModuleDescription)
                  0100f110    0000003c                : SEGGER_SYSVIEW.obj (.text:SEGGER_SYSVIEW_SendNumModules)
                  0100f14c    0000008c                : SEGGER_SYSVIEW.obj (.text:SEGGER_SYSVIEW_GetSysDesc)
                  0100f1d8    00000014                : SEGGER_SYSVIEW.obj (.text:SEGGER_SYSVIEW_SendTaskList)
                  0100f1ec    00000050                : SEGGER_SYSVIEW.obj (.text:SEGGER_SYSVIEW_RecordU32x2)
                  0100f23c    00000034                : SEGGER_SYSVIEW.obj (.text:SEGGER_SYSVIEW_RecordU32)
                  0100f270    00000034                : SEGGER_SYSVIEW.obj (.text:SEGGER_SYSVIEW_RecordSystime)
                  0100f2a4    00000024                : SEGGER_SYSVIEW.obj (.text:SEGGER_SYSVIEW_Stop)
                  0100f2c8    00000012                : SEGGER_SYSVIEW.obj (.text:SEGGER_SYSVIEW_RecordVoid)
                  0100f2da    00000002     driverlib.a : interrupt.obj (.text:IntDefaultHandler)
                  0100f2dc    000000a8     FreeRTOS.a : SEGGER_SYSVIEW.obj (.text:SEGGER_SYSVIEW_Start)
                  0100f384    0000008a                : SEGGER_SYSVIEW.obj (.text:_HandleIncomingPacket)
                  0100f40e    00000002     startup_ccs.obj (.text:IntDefaultHandler)
                  0100f410    000000f0     FreeRTOS.a : SEGGER_SYSVIEW.obj (.text:_SendPacket)
                  0100f500    0000000c                : SEGGER_SYSVIEW.obj (.text:SEGGER_SYSVIEW_SendPacket)
                  0100f50c    00000032                : SEGGER_SYSVIEW_FreeRTOS.obj (.text:SYSVIEW_RecordU32x4)
                  0100f53e    0000000e                : port.obj (.text:ulPortSetInterruptMask)
                  0100f54c    0000001c                : port.obj (.text:vPortEnterCritical)
                  0100f568    0000003c                : SEGGER_SYSVIEW.obj (.text:SEGGER_SYSVIEW_OnTaskStartReady)
                  0100f5a4    0000002c                : tasks.obj (.text:prvResetNextTaskUnblockTime)
                  0100f5d0    00000018                : port.obj (.text:vPortYield)
                  0100f5e8    0000005c                : SEGGER_SYSVIEW.obj (.text:SEGGER_SYSVIEW_OnTaskStopReady)
                  0100f644    00000008     driverlib.a : i2c.obj (.text:I2CMasterSlaveAddrSet)
                  0100f64c    00000004                 : i2c.obj (.text:I2CMasterDataPut)
                  0100f650    00000004                 : i2c.obj (.text:I2CMasterIntClearEx)
                  0100f654    00000020                 : i2c.obj (.text:_I2CIntNumberGet)
                  0100f674    00000010                 : interrupt.obj (.text:IntRegister)
                  0100f684    00000018                 : i2c.obj (.text:I2CIntRegister)
                  0100f69c    00000008                 : i2c.obj (.text:I2CMasterIntEnableEx)
                  0100f6a4    00000004                 : i2c.obj (.text:I2CMasterTimeoutSet)
                  0100f6a8    00000004                 : i2c.obj (.text:I2CMasterControl)
                  0100f6ac    00000006                 : i2c.obj (.text:I2CMasterIntDisable)
                  0100f6b2    00000002     startup_ccs.obj (.text:NmiSR)
                  0100f6b4    0000008c     driverlib.a : interrupt.obj (.text:IntDisable)
                  0100f740    00000014                 : interrupt.obj (.text:IntUnregister)
                  0100f754    00000014                 : i2c.obj (.text:I2CIntUnregister)
                  0100f768    00000024                 : pin.obj (.text:PinTypeGPIO)
                  0100f78c    0000001a                 : gpio.obj (.text:GPIODirModeSet)
                  0100f7a6    00000006                 : gpio.obj (.text:GPIOPinWrite)
                  0100f7ac    00000006                 : gpio.obj (.text:GPIOPinRead)
                  0100f7b2    00000016                 : pin.obj (.text:PinTypeI2C)
                  0100f7c8    00000016                 : i2c.obj (.text:I2CMasterErr)
                  0100f7de    00000002     hlo_audio_tools.obj (.text:_begin_keyword)
                  0100f7e0    000000fc     i2c_if.obj (.text:checki2c)
                  0100f8dc    0000006c     i2c_if.obj (.text:I2CTransact)
                  0100f948    00000068     i2c_if.obj (.text:I2C_IF_Write)
                  0100f9b0    00000034     i2c_cmd.obj (.text:codec_set_page)
                  0100f9e4    00000038     i2c_cmd.obj (.text:codec_set_book)
                  0100fa1c    00000060     i2c_cmd.obj (.text:set_volume)
                  0100fa7c    00000040     i2c_cmd.obj (.text:codec_mute_spkr)
                  0100fabc    0000003e     fatfs.a : ff.obj (.text:get_ldnumber)
                  0100fafa    00000002     hlo_http.obj (.text:_response_header)
                  0100fafc    00000010     diskio.obj (.text:disk_status)
                  0100fb0c    00000018     driverlib.a : sdhost.obj (.text:SDHostIntStatus)
                  0100fb24    00000050     diskio.obj (.text:CardSendCmd)
                  0100fb74    00000078     diskio.obj (.text:CardCapacityGet)
                  0100fbec    00000060     diskio.obj (.text:CardSelect)
                  0100fc4c    0000015c     diskio.obj (.text:disk_initialize)
                  0100fda8    0000000e     driverlib.a : sdhost.obj (.text:SDHostBlockCountSet)
                  0100fdb6    00000002     --HOLE-- [fill = 0]
                  0100fdb8    00000018                 : sdhost.obj (.text:SDHostIntClear)
                  0100fdd0    0000001c                 : sdhost.obj (.text:SDHostIntEnable)
                  0100fdec    0000004e     udma_if.obj (.text:UDMASetupTransfer)
                  0100fe3a    00000002     --HOLE-- [fill = 0]
                  0100fe3c    00000104     diskio.obj (.text:disk_write)
                  0100ff40    0000004e     fatfs.a : ff.obj (.text:sync_window)
                  0100ff8e    00000002     --HOLE-- [fill = 0]
                  0100ff90    000000e0     diskio.obj (.text:disk_read)
                  01010070    00000034     fatfs.a : ff.obj (.text:move_window)
                  010100a4    0000000c             : ff.obj (.text:ld_word)
                  010100b0    00000016             : ff.obj (.text:ld_dword)
                  010100c6    00000002     --HOLE-- [fill = 0]
                  010100c8    00000060             : ff.obj (.text:check_fs)
                  01010128    00000284             : ff.obj (.text:find_volume)
                  010103ac    00000026             : ff.obj (.text:ld_clust)
                  010103d2    0000000a             : ff.obj (.text:mem_set)
                  010103dc    00000010             : ff.obj (.text:chk_chr)
                  010103ec    0000012b             : ff.obj (.text:create_name)
                  01010517    00000001     --HOLE-- [fill = 0]
                  01010518    000000be             : ff.obj (.text:get_fat)
                  010105d6    00000018             : ff.obj (.text:clust2sect)
                  010105ee    00000082             : ff.obj (.text:dir_sdi)
                  01010670    0000001a             : ff.obj (.text:mem_cmp)
                  0101068a    00000016             : ff.obj (.text:st_dword)
                  010106a0    0000000c             : ff.obj (.text:st_word)
                  010106ac    000000f8             : ff.obj (.text:put_fat)
                  010107a4    000000b2             : ff.obj (.text:create_chain)
                  01010856    000000f2             : ff.obj (.text:dir_next)
                  01010948    00000052             : ff.obj (.text:dir_find)
                  0101099a    00000076             : ff.obj (.text:follow_path)
                  01010a10    00000072             : ff.obj (.text:f_opendir)
                  01010a82    00000002     --HOLE-- [fill = 0]
                  01010a84    0000002c     hellofilesystem.obj (.text:hello_fs_opendir)
                  01010ab0    00000032     fatfs.a : ff.obj (.text:validate)
                  01010ae2    0000005a             : ff.obj (.text:dir_read)
                  01010b3c    00000062             : ff.obj (.text:get_fileinfo)
                  01010b9e    0000004a             : ff.obj (.text:f_readdir)
                  01010be8    0000002c     hellofilesystem.obj (.text:hello_fs_readdir)
                  01010c14    00000074     uart_logger.obj (.text:_walk_log_dir)
                  01010c88    00000026     ustdlib.obj (.text:ustrncpy)
                  01010cae    00000002     --HOLE-- [fill = 0]
                  01010cb0    0000026e     ustdlib.obj (.text:uvsnprintf)
                  01010f1e    0000001a     ustdlib.obj (.text:usnprintf)
                  01010f38    0000001d     uart_logger.obj (.text:_full_log_name)
                  01010f55    00000001     --HOLE-- [fill = 0]
                  01010f56    00000044     fatfs.a : ff.obj (.text:dir_alloc)
                  01010f9a    00000010             : ff.obj (.text:mem_cpy)
                  01010faa    00000038             : ff.obj (.text:dir_register)
                  01010fe2    00000004     diskio.obj (.text:get_fattime)
                  01010fe6    00000022     fatfs.a : ff.obj (.text:st_clust)
                  01011008    0000006c             : ff.obj (.text:remove_chain)
                  01011074    00000152             : ff.obj (.text:f_open)
                  010111c6    00000002     --HOLE-- [fill = 0]
                  010111c8    0000002c     diskio.obj (.text:disk_ioctl)
                  010111f4    0000008c     fatfs.a : ff.obj (.text:sync_fs)
                  01011280    0000008e             : ff.obj (.text:f_sync)
                  0101130e    00000002     --HOLE-- [fill = 0]
                  01011310    00000034     hellofilesystem.obj (.text:hello_fs_open)
                  01011344    0000002c     uart_logger.obj (.text:_open_log)
                  01011370    00000190     fatfs.a : ff.obj (.text:f_write)
                  01011500    00000058     filedownloadmanager.obj (.text:add_to_file_error_queue)
                  01011558    00000094     hellofilesystem.obj (.text:hello_fs_write)
                  010115ec    0000001a     fatfs.a : ff.obj (.text:f_close)
                  01011606    00000002     --HOLE-- [fill = 0]
                  01011608    00000028     hellofilesystem.obj (.text:hello_fs_close)
                  01011630    000000b3     uart_logger.obj (.text:_write_file)
                  010116e3    00000001     --HOLE-- [fill = 0]
                  010116e4    0000001c     fatfs.a : ff.obj (.text:dir_remove)
                  01011700    000000a6             : ff.obj (.text:f_unlink)
                  010117a6    00000002     --HOLE-- [fill = 0]
                  010117a8    00000028     hellofilesystem.obj (.text:hello_fs_unlink)
                  010117d0    00000022     uart_logger.obj (.text:_remove_file)
                  010117f2    00000002     --HOLE-- [fill = 0]
                  010117f4    00000088     uart_logger.obj (.text:_remove_oldest)
                  0101187c    000000cc     uart_logger.obj (.text:_save_newest)
                  01011948    0000001a     uartstdio.obj (.text:IsBufferFull)
                  01011962    0000000e     uartstdio.obj (.text:IsBufferEmpty)
                  01011970    00000080     uartstdio.obj (.text:UARTPrimeTransmit)
                  010119f0    000000a8     uartstdio.obj (.text:UARTwrite)
                  01011a98    0000021e     uartstdio.obj (.text:UARTprintf)
                  01011cb6    00000002     --HOLE-- [fill = 0]
                  01011cb8    00000058     commands.obj (.text:usertraceFREE)
                  01011d10    00000058     FreeRTOS.a : heap_6.obj (.text:prvInsertBlockIntoFreeList)
                  01011d68    0000008c     uart_logger.obj (.text:_save_block_queue)
                  01011df4    00000024     uart_logger.obj (.text:uart_logger_flush_err_shutdown)
                  01011e18    00000022     rtsv7M4_T_le_eabi.lib : memcmp.obj (.text)
                  01011e3a    0000000a     driverlib.a : uart.obj (.text:UARTCharPut)
                  01011e44    0000009c     top_board.obj (.text:send_top_command)
                  01011ee0    00000018     top_board.obj (.text:send_top)
                  01011ef8    00000058     driverlib.a : prcm.obj (.text:PRCMHibernateIntervalSet)
                  01011f50    00000038                 : prcm.obj (.text:PRCMHibernateWakeupSourceEnable)
                  01011f88    00000014                 : prcm.obj (.text:PRCMHibernateEnter)
                  01011f9c    00000070     wifi_cmd.obj (.text:mcu_reset)
                  0101200c    00000068     main.obj (.text:vAssertCalled)
                  01012074    00000024     FreeRTOS.a : heap_6.obj (.text:prvHeapInit)
                  01012098    00000058     commands.obj (.text:usertraceMALLOC)
                  010120f0    0000006a     FreeRTOS.a : SEGGER_SYSVIEW.obj (.text:SEGGER_SYSVIEW_RecordU32x3)
                  0101215a    00000002     --HOLE-- [fill = 0]
                  0101215c    0000003c                : SEGGER_SYSVIEW.obj (.text:SEGGER_SYSVIEW_OnTaskCreate)
                  01012198    000000dc                : SEGGER_SYSVIEW.obj (.text:SEGGER_SYSVIEW_SendTaskInfo)
                  01012274    0000002e                : SEGGER_SYSVIEW_FreeRTOS.obj (.text:SYSVIEW_SendTaskInfo)
                  010122a2    00000030                : SEGGER_SYSVIEW.obj (.text:SEGGER_SYSVIEW_Warn)
                  010122d2    00000002     --HOLE-- [fill = 0]
                  010122d4    00000060                : SEGGER_SYSVIEW_FreeRTOS.obj (.text:SYSVIEW_AddTask)
                  01012334    00000054                : osi_freertos.obj (.text:VStartSimpleLinkSpawnTask)
                  01012388    0000000a     driverlib.a : i2c.obj (.text:I2CMasterEnable)
                  01012392    00000002     --HOLE-- [fill = 0]
                  01012394    00000048                 : i2c.obj (.text:I2CMasterInitExpClk)
                  010123dc    00000034     i2c_if.obj (.text:I2C_IF_Open)
                  01012410    00000046     wdt_if.obj (.text:WDT_IF_Init)
                  01012456    00000036     wdt_if.obj (.text:WDT_IF_DeInit)
                  0101248c    0000003c     main.obj (.text:start_wdt)
                  010124c8    0000001c     FreeRTOS.a : port.obj (.text:vPortSetupTimerInterrupt)
                  010124e4    00000026     main.obj (.text:vApplicationStackOverflowHook)
                  0101250a    00000002     --HOLE-- [fill = 0]
                  0101250c    0000003c     FreeRTOS.a : SEGGER_SYSVIEW.obj (.text:SEGGER_SYSVIEW_OnTaskStartExec)
                  01012548    00000012                : SEGGER_SYSVIEW.obj (.text:SEGGER_SYSVIEW_OnIdle)
                  0101255a    00000002     --HOLE-- [fill = 0]
                  0101255c    00000096                : portasm.obj (.text)
                  010125f2    00000002     --HOLE-- [fill = 0]
                  010125f4    00000038                : port.obj (.text:prvTaskExitError)
                  0101262c    00000090     main.obj (.text:main)
                  010126bc    00000018     rtsv7M4_T_le_eabi.lib : args_main.obj (.text)
                  010126d4    00000044                           : exit.obj (.text)
                  01012718    00000034                           : boot.obj (.text)
                  0101274c    0000000e                           : copy_decompress_none.obj (.text:decompress:none)
                  0101275a    0000005e                           : copy_decompress_rle.obj (.text)
                  010127b8    00000006                           : copy_decompress_rle.obj (.text:decompress:rle24)
                  010127be    00000006     startup_ccs.obj (.text:ResetISR)
                  010127c4    00000018     driverlib.a : prcm.obj (.text:PRCMMCUReset)
                  010127dc    00000084     fault.obj (.text:FaultDecoder)
                  01012860    0000000a     fault.obj (.text:FaultISR)
                  0101286a    00000002     --HOLE-- [fill = 0]
                  0101286c    0000003c     FreeRTOS.a : SEGGER_SYSVIEW.obj (.text:SEGGER_SYSVIEW_RecordEnterISR)
                  010128a8    00000012                : SEGGER_SYSVIEW.obj (.text:SEGGER_SYSVIEW_RecordExitISR)
                  010128ba    00000012                : SEGGER_SYSVIEW.obj (.text:SEGGER_SYSVIEW_RecordExitISRToScheduler)
                  010128cc    00000030                : port.obj (.text:xPortSysTickHandler)
                  010128fc    0000001c     led_cmd.obj (.text:led_init)
                  01012918    00000014     driverlib.a : pin.obj (.text:PinTypeUART)
                  0101292c    00000028     uartstdio.obj (.text:UARTFlushRx)
                  01012954    00000038     uartstdio.obj (.text:UARTFlushTx)
                  0101298c    000000e4     uartstdio.obj (.text:UARTStdioInitExpClk)
                  01012a70    00000008     uartstdio.obj (.text:UARTStdioInit)
                  01012a78    00000024     driverlib.a : uart.obj (.text:UARTIntNumberGet)
                  01012a9c    00000018                 : uart.obj (.text:UARTIntRegister)
                  01012ab4    00000004     sl_sync.obj (.text:sl_sync_init)
                  01012ab8    0000004c     wifi_cmd.obj (.text:wifi_status_init)
                  01012b04    0000000c     simplelink.a : cc_pal.obj (.text:NwpMaskInterrupt)
                  01012b10    00000038                  : cc_pal.obj (.text:NwpPowerOff)
                  01012b48    000000c4                  : cc_pal.obj (.text:NwpPowerOnPreamble)
                  01012c0c    0000008c                  : driver.obj (.text:_SlDrvDriverIsApiAllowed)
                  01012c98    00000028                  : driver.obj (.text:_SlDrvProtectionObjLockWaitForever)
                  01012cc0    00000028                  : driver.obj (.text:_SlDrvUpdateApiInProgress)
                  01012ce8    00000040                  : driver.obj (.text:_SlDrvGlobalObjUnLock)
                  01012d28    00000104                  : driver.obj (.text:_SlDrvObjGlobalLockWaitForever)
                  01012e2c    0000005c                  : cc_pal.obj (.text:cc_SetupTransfer)
                  01012e88    00000090                  : cc_pal.obj (.text:SetupDMASend)
                  01012f18    0000002a     FreeRTOS.a : osi_freertos.obj (.text:osi_MsgQRead)
                  01012f42    00000002     --HOLE-- [fill = 0]
                  01012f44    0000008c     simplelink.a : cc_pal.obj (.text:spi_Write_CPU)
                  01012fd0    00000098                  : cc_pal.obj (.text:spi_Write)
                  01013068    00000378                  : driver.obj (.text:_SlDrvMsgWrite)
                  010133e0    00000090                  : cc_pal.obj (.text:SetupDMAReceive)
                  01013470    0000008c                  : cc_pal.obj (.text:spi_Read_CPU)
                  010134fc    000000f0                  : cc_pal.obj (.text:spi_Read)
                  010135ec    0000008c                  : driver.obj (.text:_SlDrvIsTimeoutExpired)
                  01013678    000002d0                  : driver.obj (.text:_SlDrvRxHdrRead)
                  01013948    00000100                  : driver.obj (.text:_SlDrvClassifyRxMsg)
                  01013a48    00000174                  : driver.obj (.text:_SlDrvFindAndSetActiveObj)
                  01013bbc    0000067c                  : driver.obj (.text:_SlDrvMsgRead)
                  01014238    00000138                  : driver.obj (.text:_SlDrvAsyncEventGenericHandler)
                  01014370    00000038     FreeRTOS.a : osi_freertos.obj (.text:osi_Spawn)
                  010143a8    0000018c     simplelink.a : driver.obj (.text:_SlDrvMsgReadCmdCtx)
                  01014534    00000104                  : driver.obj (.text:_SlDrvCmdOp)
                  01014638    0000004c                  : wlan.obj (.text:sl_WlanSetMode)
                  01014684    0000002c                  : driver.obj (.text:_SlDrvSyncObjWaitForever)
                  010146b0    00000198                  : driver.obj (.text:_SlDrvWaitForPoolObj)
                  01014848    0000004c                  : driver.obj (.text:_SlDrvProtectAsyncRespSetting)
                  01014894    00000048                  : driver.obj (.text:_SlDrvSyncObjWaitTimeout)
                  010148dc    000000c4                  : driver.obj (.text:_SlDrvRemoveFromList)
                  010149a0    000001d8                  : driver.obj (.text:_SlDrvReleasePoolObj)
                  01014b78    0000002c                  : cc_pal.obj (.text:NwpRegisterInterruptHandler)
                  01014ba4    00000098                  : cc_pal.obj (.text:spi_Close)
                  01014c3c    00000110                  : driver.obj (.text:_SlDrvDriverCBDeinit)
                  01014d4c    00000144                  : device.obj (.text:sl_Stop)
                  01014e90    0000005c     wifi_cmd.obj (.text:wifi_status_set)
                  01014eec    00000032     wifi_cmd.obj (.text:nwp_reset)
                  01014f1e    00000002     --HOLE-- [fill = 0]
                  01014f20    000001f1     wifi_cmd.obj (.text:SimpleLinkFatalErrorEventHandler)
                  01015111    00000003     --HOLE-- [fill = 0]
                  01015114    000000b0     simplelink.a : driver.obj (.text:_SlDrvHandleFatalError)
                  010151c4    0000019c                  : driver.obj (.text:_SlDrvDriverCBInit)
                  01015360    00000060     driverlib.a : spi.obj (.text:SPIConfigSetExpClk)
                  010153c0    0000002a     simplelink.a : cc_pal.obj (.text:cc_UDMAChannelSelect)
                  010153ea    00000002     --HOLE-- [fill = 0]
                  010153ec    0000018c                  : cc_pal.obj (.text:spi_Open)
                  01015578    0000002c                  : cc_pal.obj (.text:NwpPowerOn)
                  010155a4    00000110                  : device.obj (.text:sl_Start)
                  010156b4    0000007c                  : wlan.obj (.text:sl_WlanPolicySet)
                  01015730    00000030                  : fs.obj (.text:_SlFsStrlen)
                  01015760    000000a4                  : fs.obj (.text:FsGetCreateFsMode)
                  01015804    00000124                  : fs.obj (.text:sl_FsOpen)
                  01015928    00000104                  : fs.obj (.text:sl_FsRead)
                  01015a2c    000000a8                  : fs.obj (.text:sl_FsClose)
                  01015ad4    0000009f     fs_utils.obj (.text:fs_get)
                  01015b73    00000001     --HOLE-- [fill = 0]
                  01015b74    00000033     wifi_cmd.obj (.text:get_default_antenna)
                  01015ba7    00000001     --HOLE-- [fill = 0]
                  01015ba8    0000003c     wifi_cmd.obj (.text:antsel)
                  01015be4    0000007c     wifi_cmd.obj (.text:load_device_id)
                  01015c60    00000084     simplelink.a : netcfg.obj (.text:sl_NetCfgSet)
                  01015ce4    0000004c     wifi_cmd.obj (.text:set_mac_to_device_id)
                  01015d30    000000c0     simplelink.a : netcfg.obj (.text:sl_NetCfgGet)
                  01015df0    00000044                  : netapp.obj (.text:sl_NetAppStop)
                  01015e34    000000f8                  : fs.obj (.text:sl_FsGetInfo)
                  01015f2c    0000002a     hw_ver.obj (.text:check_ver_string)
                  01015f56    00000002     --HOLE-- [fill = 0]
                  01015f58    000000d8     hw_ver.obj (.text:check_hw_version)
                  01016030    0000003c     pinmux.obj (.text:ConfigCodecResetPin)
                  0101606c    00000060     pinmux.obj (.text:SetAntennaSelectionGPIOs)
                  010160cc    00000060     driverlib.a : sdhost.obj (.text:SDHostInit)
                  0101612c    0000006c                 : prcm.obj (.text:PRCMPeripheralClockGet)
                  01016198    0000003e                 : sdhost.obj (.text:SDHostSetExpClk)
                  010161d6    00000002     --HOLE-- [fill = 0]
                  010161d8    00000050     fatfs.a : ff.obj (.text:f_mount)
                  01016228    0000002c     hellofilesystem.obj (.text:hello_fs_mount)
                  01016254    0000003c     fatfs_cmd.obj (.text:Cmd_mnt)
                  01016290    00000070     spi_cmd.obj (.text:CS_set)
                  01016300    00000074     spi_cmd.obj (.text:spi_init)
                  01016374    000002a8     rtsv7M4_T_le_eabi.lib : mktime.obj (.text)
                  0101661c    0000004c                           : localtim.obj (.text)
                  01016668    00000080     simplelink.a : device.obj (.text:sl_DeviceSet)
                  010166e8    000000b8                  : device.obj (.text:sl_DeviceGet)
                  010167a0    000000c0     sys_time.obj (.text:set_sl_time)
                  01016860    00000088     sys_time.obj (.text:init_time_module)
                  010168e8    0000006c     i2c_if.obj (.text:I2C_IF_Read)
                  01016954    000001a8     i2c_cmd.obj (.text:init_tvoc)
                  01016afc    000001fc     i2c_cmd.obj (.text:init_temp_sensor)
                  01016cf8    00000094     i2c_cmd.obj (.text:haz_tmg4903)
                  01016d8c    00000108     i2c_cmd.obj (.text:init_light_sensor)
                  01016e94    000000a0     i2c_cmd.obj (.text:init_uv)
                  01016f34    000000a8     i2c_cmd.obj (.text:read_zopt)
                  01016fdc    0000003a     gpio_if.obj (.text:GPIO_IF_ConfigureNIntEnable)
                  01017016    00000046     fatfs.a : ff.obj (.text:f_stat)
                  0101705c    0000002c     hellofilesystem.obj (.text:hello_fs_stat)
                  01017088    00000166     fatfs.a : ff.obj (.text:f_mkdir)
                  010171ee    00000002     --HOLE-- [fill = 0]
                  010171f0    00000094     commands.obj (.text:CreateDirectoryIfNotExist)
                  01017284    00000074     wifi_cmd.obj (.text:load_data_server)
                  010172f8    00000048     fatfs_cmd.obj (.text:init_download_task)
                  01017340    0000002c     networktask.obj (.text:Init)
                  0101736c    00000040     networktask.obj (.text:networktask_init)
                  010173ac    0000002c     commands.obj (.text:load_serial)
                  010173d8    00000060     wifi_cmd.obj (.text:load_aes)
                  01017438    00000034     pill_settings.obj (.text:pill_settings_init)
                  0101746c    0000007c     commands.obj (.text:check_provision)
                  010174e8    00000028     slip_packet.obj (.text:_handle_rx_byte_dtm)
                  01017510    00000022     tinytensor_math.obj (.text:tinytensor_linear)
                  01017532    00000002     --HOLE-- [fill = 0]
                  01017534    00000020     udma_if.obj (.text:DmaSwIntHandler)
                  01017554    00000020     pb_decode.obj (.text:buf_read)
                  01017574    0000001c     pb_encode.obj (.text:buf_write)
                  01017590    0000001a     tinytensor_fullyconnected_layer.obj (.text:get_fullyconnectged_output_size)
                  010175aa    00000016     udma_if.obj (.text:DmaErrorIntHandler)
                  010175c0    00000016     simplelink.a : driver.obj (.text:_SlDrvMemZero)
                  010175d6    00000002     --HOLE-- [fill = 0]
                  010175d8    00000014     rtsv7M4_T_le_eabi.lib : _lock.obj (.text)
                  010175ec    00000012                           : copy_zero_init.obj (.text:decompress:ZI)
                  010175fe    00000010     tinytensor_lstm_layer.obj (.text:get_output_size)
                  0101760e    00000010     keyword_net.obj (.text:speech_detect_callback)
                  0101761e    0000000e     commands.obj (.text:Cmd_fault_slow)
                  0101762c    0000000e     led_animations.obj (.text:_reinit_animate_solid)
                  0101763a    0000000e     led_animations.obj (.text:_reinit_animate_wheel)
                  01017648    0000000c     FreeRTOS.a : osi_freertos.obj (.text:osi_LockObjDelete)
                  01017654    0000001a                : osi_freertos.obj (.text:osi_SyncObjSignal)
                  0101766e    0000001e     simplelink.a : driver.obj (.text:_SlDrvSyncObjSignal)
                  0101768c    00000004     sl_sync.obj (.text:sl_enter_critical_region)
                  01017690    00000024     FreeRTOS.a : osi_freertos.obj (.text:osi_LockObjLock)
                  010176b4    00000024                : osi_freertos.obj (.text:osi_LockObjUnlock)
                  010176d8    00000024     simplelink.a : driver.obj (.text:_SlDrvProtectionObjUnLock)
                  010176fc    0000000c     driverlib.a : timer.obj (.text:TimerValueGet)
                  01017708    00000018     timer_if.obj (.text:TimerGetCurrentTimestamp)
                  01017720    00000024     simplelink.a : driver.obj (.text:_SlDrvStartMeasureTimeout)
                  01017744    0000000c                  : cc_pal.obj (.text:NwpUnMaskInterrupt)
                  01017750    00000024     FreeRTOS.a : osi_freertos.obj (.text:osi_SyncObjWait)
                  01017774    00000016                : osi_freertos.obj (.text:osi_InterruptDeRegister)
                  0101778a    00000014                : osi_freertos.obj (.text:osi_MsgQDelete)
                  0101779e    0000000e     driverlib.a : spi.obj (.text:SPIDmaDisable)
                  010177ac    00000014     FreeRTOS.a : osi_freertos.obj (.text:osi_SyncObjDelete)
                  010177c0    00000004     sl_sync.obj (.text:sl_exit_critical_region)
                  010177c4    00000024     FreeRTOS.a : osi_freertos.obj (.text:osi_SyncObjCreate)
                  010177e8    00000020                : osi_freertos.obj (.text:osi_LockObjCreate)
                  01017808    0000001c     driverlib.a : prcm.obj (.text:PRCMPeripheralStatusGet)
                  01017824    00000024     FreeRTOS.a : osi_freertos.obj (.text:osi_MsgQCreate)
                  01017848    0000001c     simplelink.a : device.obj (.text:_SlDeviceGetStartResponseConvert)
                  01017864    0000000e                  : driver.obj (.text:_SlDrvResetCmdExt)
                  01017872    00000002     --HOLE-- [fill = 0]
                  01017874    0000000c     hw_ver.obj (.text:get_hw_ver)
                  01017880    00000014     rtsv7M4_T_le_eabi.lib : strlen.obj (.text)
                  01017894    00000026                           : strncmp.obj (.text)
                  010178ba    0000001c     pinmux.obj (.text:PinMuxConfig_hw_dep)
                  010178d6    00000002     --HOLE-- [fill = 0]
                  010178d8    00000018     hellofilesystem.obj (.text:hello_fs_init)
                  010178f0    00000010     driverlib.a : sdhost.obj (.text:SDHostIntRegister)
                  01017900    00000018     sys_time.obj (.text:set_cached_time)
                  01017918    00000024     sys_time.obj (.text:get_cached_time)
                  0101793c    00000004     driverlib.a : i2c.obj (.text:I2CMasterDataGet)
                  01017940    00000018     led_animations.obj (.text:init_led_animation)
                  01017958    00000024     commands.obj (.text:SetupGPIOInterrupts)
                  0101797c    00000028     hellofilesystem.obj (.text:hello_fs_mkdir)
                  010179a4    00000011     commands.obj (.text:CreateDefaultDirectories)
                  010179b5    00000003     --HOLE-- [fill = 0]
                  010179b8    00000020     wifi_cmd.obj (.text:load_account_id)
                  010179d8    00000024     commands.obj (.text:load_alarm)
                  010179fc    0000000a     driverlib.a : pin.obj (.text:PinTypeADC)
                  01017a06    00000024                 : adc.obj (.text:ADCChannelEnable)
                  01017a2a    0000000a                 : adc.obj (.text:ADCTimerConfig)
                  01017a34    00000024     dust_cmd.obj (.text:init_dust)
                  01017a58    00000078     uart_logger.obj (.text:analytics_event)
                  01017ad0    00000040     ble_proto.obj (.text:set_ble_mode)
                  01017b10    00000078     ble_proto.obj (.text:ble_proto_init)
                  01017b88    00000088     uart_logger.obj (.text:uart_logger_init)
                  01017c10    000000c8     fatfs_cmd.obj (.text:_ReadBootInfo)
                  01017cd8    00000034     fatfs_cmd.obj (.text:is_test_boot)
                  01017d0c    0000004c     top_board.obj (.text:start_top_boot_watcher)
                  01017d58    00000230     fault.obj (.text:faultPrinter)
                  01017f88    0000002c     commands.obj (.text:checkFaults)
                  01017fb4    00000030     long_poll.obj (.text:long_poll_task_init)
                  01017fe4    000000cc     filedownloadmanager.obj (.text:downloadmanagertask_init)
                  010180b0    00000046     hlo_stream.obj (.text:hlo_stream_init)
                  010180f6    00000002     --HOLE-- [fill = 0]
                  010180f8    0000002c     hlo_stream.obj (.text:hlo_stream_new)
                  01018124    00000178     i2c_cmd.obj (.text:codec_init)
                  0101829c    00000038     hlo_audio.obj (.text:_reset_codec)
                  010182d4    0000002c     i2c_cmd.obj (.text:get_system_volume)
                  01018300    00000086     driverlib.a : i2s.obj (.text:I2SConfigSetExpClk)
                  01018386    00000002     --HOLE-- [fill = 0]
                  01018388    00000034     mcasp_if.obj (.text:McASPInit)
                  010183bc    00000048     i2c_cmd.obj (.text:codec_unmute_spkr)
                  01018404    00000024     audiohelper.obj (.text:InitAudioTxRx)
                  01018428    00000014     audiohelper.obj (.text:InitAudioHelper_p)
                  0101843c    00000014     audiohelper.obj (.text:InitAudioHelper)
                  01018450    000000e4     hlo_audio.obj (.text:hlo_audio_init)
                  01018534    00000140     fatfs.a : ff.obj (.text:f_lseek)
                  01018674    0000002c     hellofilesystem.obj (.text:hello_fs_lseek)
                  010186a0    000000ac     hellofilesystem.obj (.text:fs_stream_open)
                  0101874c    00000098     audiotask.obj (.text:_queue_audio_playback_state)
                  010187e4    00000044     audiotask.obj (.text:AudioTask_StartPlayback)
                  01018828    00000018     led_cmd.obj (.text:led_from_rgb)
                  01018840    0000006c     led_cmd.obj (.text:_hist_push)
                  010188ac    00000016     FreeRTOS.a : event_groups.obj (.text:prvTestWaitCondition)
                  010188c2    0000001e     led_cmd.obj (.text:led_is_idle)
                  010188e0    0000002c     led_cmd.obj (.text:_fade_out_for_new)
                  0101890c    0000002e     led_cmd.obj (.text:_start_animation)
                  0101893a    00000002     --HOLE-- [fill = 0]
                  0101893c    000000d2     led_cmd.obj (.text:led_transition_custom_animation)
                  01018a0e    00000002     --HOLE-- [fill = 0]
                  01018a10    0000004c     led_animations.obj (.text:push_memory_queue)
                  01018a5c    000000cc     led_animations.obj (.text:play_led_animation_solid)
                  01018b28    00000022     ble_proto.obj (.text:ble_proto_led_init)
                  01018b4a    00000002     --HOLE-- [fill = 0]
                  01018b4c    0000008c     ble_proto.obj (.text:play_startup_sound)
                  01018bd8    00000090     led_animations.obj (.text:play_pairing_glow)
                  01018c68    00000018     ble_proto.obj (.text:display_pairing_animation)
                  01018c80    00000170     commands.obj (.text:launch_tasks)
                  01018df0    00000024     rtsv7M4_T_le_eabi.lib : memmov.obj (.text)
                  01018e14    00000070     FreeRTOS.a : SEGGER_SYSVIEW_FreeRTOS.obj (.text:SYSVIEW_DeleteTask)
                  01018e84    0000001c     led_cmd.obj (.text:led_to_rgb)
                  01018ea0    0000003e     led_cmd.obj (.text:led_from_brightness)
                  01018ede    00000002     --HOLE-- [fill = 0]
                  01018ee0    000000dc     led_animations.obj (.text:play_led_wheel)
                  01018fbc    00000130     commands.obj (.text:print_nwp_version)
                  010190ec    00000014     uartstdio.obj (.text:GetBufferCount)
                  01019100    00000048     uartstdio.obj (.text:UARTPeek)
                  01019148    00000054     uartstdio.obj (.text:UARTgets)
                  0101919c    00000010     ustdlib.obj (.text:ustrlen)
                  010191ac    00000614     commands.obj (.text:vUARTTask)
                  010197c0    00000020     commands.obj (.text:check_button)
                  010197e0    00000078     main.obj (.text:watchdog_thread)
                  01019858    00000024     FreeRTOS.a : SEGGER_SYSVIEW.obj (.text:SEGGER_SYSVIEW_SendSysDesc)
                  0101987c    0000003d                : SEGGER_SYSVIEW_Config_FreeRTOS.obj (.text:_cbSendSystemDesc)
                  010198b9    00000003     --HOLE-- [fill = 0]
                  010198bc    00000024                : osi_freertos.obj (.text:vSimpleLinkSpawnTask)
                  010198e0    00000011     main.obj (.text:WatchdogIntHandler)
                  010198f1    00000003     --HOLE-- [fill = 0]
                  010198f4    00000010     main.obj (.text:vApplicationIdleHook)
                  01019904    0000000c     FreeRTOS.a : tasks.obj (.text:prvIdleTask)
                  01019910    00000006     led_cmd.obj (.text:_reset_animation_priority)
                  01019916    0000002c     led_cmd.obj (.text:_start_fade_out)
                  01019942    00000018     led_cmd.obj (.text:ledcpy)
                  0101995a    00000028     led_cmd.obj (.text:get_cycle_time)
                  01019982    0000001e     led_cmd.obj (.text:led_brightness_all)
                  010199a0    0000001e     led_cmd.obj (.text:_clamp)
                  010199be    0000004c     led_cmd.obj (.text:led_array)
                  01019a0a    00000014     led_cmd.obj (.text:ledset)
                  01019a1e    00000002     --HOLE-- [fill = 0]
                  01019a20    00000090     led_cmd.obj (.text:_hist_pop)
                  01019ab0    000003d9     led_cmd.obj (.text:led_task)
                  01019e89    00000001     --HOLE-- [fill = 0]
                  01019e8a    00000054     led_cmd.obj (.text:led_idle_task)
                  01019ede    00000002     --HOLE-- [fill = 0]
                  01019ee0    000003c4     uartstdio.obj (.text:UARTStdioIntHandler)
                  0101a2a4    00000020     driverlib.a : sdhost.obj (.text:SDHostIntDisable)
                  0101a2c4    00000044     diskio.obj (.text:SDHostIntHandler)
                  0101a308    0000002c     slip_packet.obj (.text:slip_reset)
                  0101a334    0000000c     top_hci.obj (.text:hci_init)
                  0101a340    0000001c     driverlib.a : uart.obj (.text:UARTDisable)
                  0101a35c    00000014                 : uart.obj (.text:UARTEnable)
                  0101a370    00000048                 : uart.obj (.text:UARTConfigSetExpClk)
                  0101a3b8    00000006                 : uart.obj (.text:UARTFIFOLevelSet)
                  0101a3be    00000008                 : uart.obj (.text:UARTIntEnable)
                  0101a3c6    00000010                 : uart.obj (.text:UARTCharGetNonBlocking)
                  0101a3d6    00000002     --HOLE-- [fill = 0]
                  0101a3d8    00000010     slip_packet.obj (.text:slip_handle_rx)
                  0101a3e8    0000000c     driverlib.a : uart.obj (.text:UARTCharsAvail)
                  0101a3f4    000000d0     top_board.obj (.text:top_board_task)
                  0101a4c4    00000080     spi_cmd.obj (.text:spi_write_step)
                  0101a544    00000068     spi_cmd.obj (.text:spi_read_step)
                  0101a5ac    000000c8     spi_cmd.obj (.text:spi_reset)
                  0101a674    00000108     spi_cmd.obj (.text:spi_read)
                  0101a77c    0000002a     hlo_async.obj (.text:hlo_future_create)
                  0101a7a6    00000014     hlo_async.obj (.text:hlo_future_free)
                  0101a7ba    00000002     --HOLE-- [fill = 0]
                  0101a7bc    000000a4     hlo_async.obj (.text:hlo_future_create_task_bg)
                  0101a860    00000028     hlo_proto_tools.obj (.text:MorpheusCommand_from_buffer)
                  0101a888    0000001c     hlo_async.obj (.text:do_read)
                  0101a8a4    00000040     hlo_async.obj (.text:hlo_future_read)
                  0101a8e4    00000130     rtsv7M4_T_le_eabi.lib : strtol.obj (.text)
                  0101aa14    00000100     simplelink.a : fs.obj (.text:sl_FsWrite)
                  0101ab14    00000108     fs_utils.obj (.text:fs_save)
                  0101ac1c    00000020     wifi_cmd.obj (.text:save_device_id)
                  0101ac3c    00000010     hlo_proto_tools.obj (.text:buffer_from_MorpheusCommand)
                  0101ac4c    0000007c     spi_cmd.obj (.text:spi_write)
                  0101acc8    00000018     hlo_async.obj (.text:hlo_future_destroy)
                  0101ace0    00000055     ble_cmd.obj (.text:ble_send_protobuf)
                  0101ad35    00000003     --HOLE-- [fill = 0]
                  0101ad38    0000003c     ble_proto.obj (.text:_ble_reply_command_with_type)
                  0101ad74    00000028     top_board.obj (.text:top_board_notify_boot_complete)
                  0101ad9c    00000030     rtsv7M4_T_le_eabi.lib : strncpy.obj (.text)
                  0101adcc    00000034     sys_time.obj (.text:has_good_time)
                  0101ae00    00000048     sys_time.obj (.text:get_time)
                  0101ae48    000000dc     ble_proto.obj (.text:_process_encrypted_pill_data)
                  0101af24    00000030     ble_cmd.obj (.text:ble_reply_protobuf_error)
                  0101af54    00000084     simplelink.a : wlan.obj (.text:sl_WlanSet)
                  0101afd8    00000030     sys_time.obj (.text:wait_for_time)
                  0101b008    0000000a     driverlib.a : adc.obj (.text:ADCEnable)
                  0101b012    0000000c                 : adc.obj (.text:ADCFIFOLvlGet)
                  0101b01e    00000006                 : adc.obj (.text:ADCFIFORead)
                  0101b024    0000000a                 : adc.obj (.text:ADCDisable)
                  0101b02e    00000002     --HOLE-- [fill = 0]
                  0101b030    000000e4     dust_cmd.obj (.text:get_dust)
                  0101b114    00000060     hlo_audio_tools.obj (.text:AudioTask_DumpOncePerMinuteStats)
                  0101b174    0000000a     i2c_cmd.obj (.text:get_le_short)
                  0101b17e    00000002     --HOLE-- [fill = 0]
                  0101b180    000000d8     i2c_cmd.obj (.text:get_rgb_prox)
                  0101b258    000000b8     i2c_cmd.obj (.text:get_ir)
                  0101b310    0000003c     i2c_cmd.obj (.text:BME280_compensate_T_int32)
                  0101b34c    00000018     rtsv7M4_T_le_eabi.lib : ll_mul_t2.obj (.text)
                  0101b364    00000220                           : ll_div_t2.obj (.text)
                  0101b584    00000168     i2c_cmd.obj (.text:BME280_compensate_P_int64)
                  0101b6ec    00000088     i2c_cmd.obj (.text:bme280_compensate_H_int32)
                  0101b774    00000190     i2c_cmd.obj (.text:get_temp_press_hum)
                  0101b904    00000254     i2c_cmd.obj (.text:get_tvoc)
                  0101bb58    00000030     gesture.obj (.text:gesture_get_wave_count)
                  0101bb88    00000030     gesture.obj (.text:gesture_get_hold_count)
                  0101bbb8    0000002c     gesture.obj (.text:gesture_counter_reset)
                  0101bbe4    0000045c     commands.obj (.text:sample_sensor_data)
                  0101c040    00000058     commands.obj (.text:force_data_push)
                  0101c098    00000018     rtsv7M4_T_le_eabi.lib : strcmp.obj (.text)
                  0101c0b0    000000c4     pill_settings.obj (.text:pill_settings_get_color)
                  0101c174    00000074     commands.obj (.text:get_ambient_light_level)
                  0101c1e8    000000a4     commands.obj (.text:get_alpha_from_light)
                  0101c28c    00000078     ble_proto.obj (.text:ble_proto_led_flash)
                  0101c304    000000b8     simplelink.a : wlan.obj (.text:sl_WlanGet)
                  0101c3bc    00000010     hlo_net_tools.obj (.text:prescan_wifi)
                  0101c3cc    00000018     hlo_async.obj (.text:hlo_future_read_once)
                  0101c3e4    000000d4     ble_proto.obj (.text:_reply_wifi_scan_result)
                  0101c4b8    00000028     ble_proto.obj (.text:get_ble_mode)
                  0101c4e0    00000023     wifi_cmd.obj (.text:save_default_antenna)
                  0101c503    00000001     --HOLE-- [fill = 0]
                  0101c504    000000f4     wifi_cmd.obj (.text:make_sec_params)
                  0101c5f8    00000274     simplelink.a : wlan.obj (.text:sl_WlanConnect)
                  0101c86c    000002b0                  : wlan.obj (.text:sl_WlanProfileAdd)
                  0101cb1c    00000038     ble_proto.obj (.text:ble_reply_wifi_status)
                  0101cb54    000000c4     wifi_cmd.obj (.text:connect_wifi)
                  0101cc18    00000038     wifi_cmd.obj (.text:wifi_status_get)
                  0101cc50    0000004c     simplelink.a : wlan.obj (.text:sl_WlanProfileDel)
                  0101cc9c    00000118                  : wlan.obj (.text:sl_WlanProfileGet)
                  0101cdb4    000002a0     ble_proto.obj (.text:_set_wifi)
                  0101d054    0000003d     led_cmd.obj (.text:_hist_flush)
                  0101d091    00000001     --HOLE-- [fill = 0]
                  0101d092    00000042     led_cmd.obj (.text:led_fade_current_animation)
                  0101d0d4    00000038     led_cmd.obj (.text:led_fade_all_animation)
                  0101d10c    0000002c     ble_proto.obj (.text:ble_proto_led_fade_out)
                  0101d138    00000020     led_cmd.obj (.text:flush_animation_history)
                  0101d158    0000000c     ble_proto.obj (.text:ble_proto_led_fade_in_trippy)
                  0101d164    00000058     ble_proto.obj (.text:ble_proto_led_busy_mode)
                  0101d1bc    00000048     simplelink.a : driver.obj (.text:_SlDrvBasicCmd)
                  0101d204    00000024                  : wlan.obj (.text:sl_WlanDisconnect)
                  0101d228    0000007c                  : fs.obj (.text:sl_FsDel)
                  0101d2a4    00000039     wifi_cmd.obj (.text:reset_default_antenna)
                  0101d2dd    00000003     --HOLE-- [fill = 0]
                  0101d2e0    0000010f     wifi_cmd.obj (.text:wifi_reset)
                  0101d3ef    00000001     --HOLE-- [fill = 0]
                  0101d3f0    00000019     commands.obj (.text:delete_alarms)
                  0101d409    00000003     --HOLE-- [fill = 0]
                  0101d40c    0000003c     pill_settings.obj (.text:pill_settings_reset_all)
                  0101d448    000000e4     hellofilesystem.obj (.text:deleteFilesInDir)
                  0101d52c    00000035     ble_proto.obj (.text:_factory_reset)
                  0101d561    00000003     --HOLE-- [fill = 0]
                  0101d564    000000f0     ble_proto.obj (.text:_process_pill_heartbeat)
                  0101d654    00000038     wifi_cmd.obj (.text:save_account_id)
                  0101d68c    00000040     ble_cmd.obj (.text:ble_proto_assign_encode_funcs)
                  0101d6cc    00000038     wifi_cmd.obj (.text:get_server)
                  0101d704    000001c0     networktask.obj (.text:NetworkTask_SendProtobuf)
                  0101d8c4    000000ec     ble_proto.obj (.text:_pair_device)
                  0101d9b0    00000028     wifi_cmd.obj (.text:wifi_get_connected_ssid)
                  0101d9d8    00000074     ble_proto.obj (.text:_ble_reply_wifi_info)
                  0101da4c    00000072     ble_cmd.obj (.text:ble_proto_free_command)
                  0101dabe    00000002     --HOLE-- [fill = 0]
                  0101dac0    000007de     ble_proto.obj (.text:on_ble_protobuf_command)
                  0101e29e    00000002     --HOLE-- [fill = 0]
                  0101e2a0    0000004d     ble_cmd.obj (.text:on_morpheus_protobuf_arrival)
                  0101e2ed    00000003     --HOLE-- [fill = 0]
                  0101e2f0    00000098     spi_cmd.obj (.text:Cmd_spi_read)
                  0101e388    00000014     top_board.obj (.text:is_top_in_dfu)
                  0101e39c    0000000c     driverlib.a : gpio.obj (.text:GPIOIntEnable)
                  0101e3a8    00000044     commands.obj (.text:thread_spi)
                  0101e3ec    00000040     uart_logger.obj (.text:send_log)
                  0101e42c    0000014e     fatfs.a : ff.obj (.text:f_read)
                  0101e57a    00000002     --HOLE-- [fill = 0]
                  0101e57c    00000044     hellofilesystem.obj (.text:hello_fs_read)
                  0101e5c0    00000048     uart_logger.obj (.text:_read_file)
                  0101e608    00000088     uart_logger.obj (.text:_read_oldest)
                  0101e690    00000188     uart_logger.obj (.text:uart_logger_task)
                  0101e818    0000001a     rtsv7M4_T_le_eabi.lib : strcat.obj (.text)
                  0101e832    00000002     --HOLE-- [fill = 0]
                  0101e834    00000150     uart_logger.obj (.text:analytics_event_task)
                  0101e984    00000024     commands.obj (.text:_is_file_exists)
                  0101e9a8    0000001c     hellofilesystem.obj (.text:fs_stream_open_media)
                  0101e9c4    00000088     led_animations.obj (.text:play_led_trippy)
                  0101ea4c    00000314     commands.obj (.text:thread_alarm)
                  0101ed60    00000104     cmdline.obj (.text:CmdLineProcess)
                  0101ee64    0000002c     uart_logger.obj (.text:_swap_and_upload)
                  0101ee90    000000f4     uart_logger.obj (.text:_logstr)
                  0101ef84    00000038     uart_logger.obj (.text:_logstr_wrapper)
                  0101efbc    00000014     FreeRTOS.a : SEGGER_SYSVIEW_FreeRTOS.obj (.text:_cbGetTime)
                  0101efd0    00000038                : SEGGER_SYSVIEW_FreeRTOS.obj (.text:_cbSendTaskList)
                  0101f008    0000002c                : osi_freertos.obj (.text:osi_SyncObjSignalFromISR)
                  0101f034    00000050     simplelink.a : driver.obj (.text:_SlDrvRxIrqHandler)
                  0101f084    00000012     sys_time.obj (.text:bcd_to_int)
                  0101f096    00000002     --HOLE-- [fill = 0]
                  0101f098    00000130     sys_time.obj (.text:get_rtc_time)
                  0101f1c8    0000002c     sys_time.obj (.text:get_unix_time)
                  0101f1f4    00000070     wifi_cmd.obj (.text:get_device_id)
                  0101f264    00000018     wifi_cmd.obj (.text:set_backup_dns)
                  0101f27c    00000078     simplelink.a : socket.obj (.text:sl_Socket)
                  0101f2f4    00000084                  : socket.obj (.text:sl_SetSockOpt)
                  0101f378    00000134                  : netapp.obj (.text:sl_NetAppDnsGetHostByName)
                  0101f4ac    000000c8                  : socket.obj (.text:sl_Close)
                  0101f574    00000049     wifi_cmd.obj (.text:stop_connection)
                  0101f5bd    00000001     --HOLE-- [fill = 0]
                  0101f5be    00000032     simplelink.a : socket.obj (.text:_SlSocketBuildAddress)
                  0101f5f0    00000170                  : socket.obj (.text:sl_Connect)
                  0101f760    00000040     ble_proto.obj (.text:ble_reply_socket_error)
                  0101f7a0    00000372     wifi_cmd.obj (.text:start_connection)
[...]
0101e9a9   fs_stream_open_media
0101e9c5   play_led_trippy
0101ea4d   thread_alarm
0101ed61   CmdLineProcess
0101ef85   _logstr_wrapper
0101f009   osi_SyncObjSignalFromISR
0101f035   _SlDrvRxIrqHandler
0101f1c9   get_unix_time
0101f1f5   get_device_id
0101f265   set_backup_dns
0101f27d   sl_Socket
0101f2f5   sl_SetSockOpt
0101f379   sl_NetAppDnsGetHostByName
0101f4ad   sl_Close
0101f575   stop_connection
0101f5f1   sl_Connect
0101f761   ble_reply_socket_error
0101f7a1   start_connection
0101fb13   _SlDrvObjLockWaitForever
0101fb35   _SlDrvObjUnLock
0101fb55   _SlDrvDataReadOp
0101fd45   sl_Recv
0101fdd1   get_top_version
0101fdd9   _SlDrvDataWriteOp
0101ff55   sl_Send
01020011   SHA1_Init
01020045   pb_ostream_from_sha_socket
0102007d   pb_field_iter_begin
010200f5   pb_write
01020149   pb_encode_varint
010201b7   pb_encode_tag
010201d1   pb_encode_tag_for_field
010204fd   pb_field_iter_next
010205a7   pb_encode
0102075d   SHA1_Update
01020799   send_chunk_len
0102098f   SHA1_Final
010209c9   srand
010209df   rand
01020a15   AES_set_key
01020b25   sl_Htonl
01020c9d   AES_cbc_encrypt
01020d65   WatchdogIntClear
01020d6b   strstr
01020ded   ble_reply_http_status
01020e41   matchstar
01020e77   matchhere
01020ee9   match
01020f21   http_response_ok
0102104d   atoi
01021099   AES_convert_key
01021299   AES_cbc_decrypt
01021371   pb_istream_from_buffer
01021539   pb_decode_tag
01021581   pb_field_iter_find
010215dd   pb_make_string_substream
0102162d   pb_close_string_substream
01021761   pb_read
01021829   pb_skip_field
01021a61   pb_decode_noinit
01021bb5   pb_decode
01021eed   send_data_pb
01022575   fetch_ntp_time_from_ntp
010227c9   set_unix_time
01022931   GPIOIntStatus
0102293f   GPIOIntClear
01022945   GPIOIntDisable
01022955   nordic_prox_int
010229d5   strncat
010229fd   open_serial_flash
01022b9d   hlo_stream_write
01022be7   hlo_stream_read
01022c3d   hlo_stream_transfer_until
01022ca3   hlo_stream_transfer_all
01022cb3   hlo_stream_close
01022d05   sf_sha1_verify
01022f0d   set_top_update_sha
01023079   free_download_info
010230c1   strcpy
010230d1   global_filename
01023499   hlo_sock_stream
0102350d   http_init
0102375d   hlo_http_get_opt
0102380d   hlo_stream_transfer_between_until
01023839   hlo_stream_transfer_between
01023849   hlo_filter_data_transfer
0102388d   update_file_download_status
010238e1   strspn
0102390b   strcspn
0102392d   strtok
01023c5d   update_sha_file
01023e29   cd
01023f15   file_download_task
0102452d   networktask_enter_critical_region
01024559   networktask_exit_critical_region
0102487d   pm_cancel
010248c1   pb_encode_string
01024915   encode_device_id_string
0102495d   Cmd_SyncID
01024989   gesture_init
010249a9   led_get_animation_id
010249b5   stop_led_animation
010249e5   play_led_progress_bar
01024a65   set_led_progress_bar
01024a95   reset_to_factory_fw
01024ab9   Cmd_factory_reset
01024ac3   median_filter
01024b25   AudioTask_StopPlayback
01024b5d   cancel_alarm
01024c0d   led_get_user_color
01024da1   ble_proto_start_hold
01024e79   ble_proto_end_hold
01025031   gesture_input
010251bd   thread_fast_i2c_poll
010255a5   Cmd_free
0102562d   usprintf
0102564d   Cmd_tasks
0102574d   thread_sensor_poll
010258ed   pack_batched_periodic_data
01025921   send_periodic_data
01025991   send_pill_data_generic
01025af1   thread_tx
01025d3d   DestroyCircularBuffer
01025d41   CreateCircularBuffer
01025da1   flush_audio_playback_buffer
01025dd5   set_isr_playback
01025de1   UDMAChannelSelect
01025e19   AudioCapturerGetDMADataPtr
01025e25   SetupPingPongDMATransferTx
01025ead   InitAudioCapture
01025f45   AudioRendererGetDMADataPtr
01025f4d   SetupPingPongDMATransferRx
01025fd5   InitAudioPlayback
0102607f   I2SEnable
010260e5   Audio_Start
010260f1   hlo_audio_open_mono
010262b9   AudioPlaybackTask
01026389   get_speech_server
010263c1   parse_url
01026441   hlo_http_post_opt
01026501   hlo_http_post
0102657d   init_background_energy
0102659d   tinytensor_create_fullyconnected_layer
0102661d   tinytensor_allocate_states
01026689   tinytensor_features_initialize
010266b5   get_aes
010266cd   hlo_hmac_stream
0102676d   ble_user_active
01026789   CountHighestMsb
010267c1   __aeabi_llsr
010267e1   FixedPointLog2Q10
01026ad1   set_background_energy
01026b5d   adpcm_coder
01026c41   pause_gestures
01026c51   resume_gestures
01026c61   light_sensor_power
01026cdd   keyword_net_pause_net_operation
01026ce9   set_modulation_intensity
01026cf5   play_modulation
01026db9   hlo_light_stream
01026e59   hlo_stream_bw_limited
01026ed9   hlo_pb_encode
01026f75   keyword_net_resume_net_operation
01026f81   get_hmac
01027001   tinytensor_free_states
01027031   hlo_filter_voice_command
0102739d   AudioControlTask
01027671   hci_decode
01027739   verify_top_update
01027761   hci_crc16_compute_cont
010278b9   hci_encode
010279a1   slip_write
01027a15   hci_free
01027a51   top_board_dfu_begin
01027d19   UARTIntClear
01027d59   uart_block_saver_task
01027d61   _encode_string_fields
01027e19   osi_MsgQWrite
01027e45   DmaSpiSwIntHandler
01027e7d   _SlDrvMsgReadSpawnCtx
01027fbd   get_messeji_server
0102823d   pb_encode_submessage
01028301   f_closedir
01028315   hello_fs_closedir
01028591   f_getfree
01028669   hello_fs_getfree
01028699   get_free_space
010289f9   GetBufferSize
01028a15   IsBufferSizeFilled
01028a29   Audio_Stop
01028a41   UpdateReadPtr
01028a65   ReadBuffer
01028b21   IsBufferVacant
01028b35   is_playback_active
01028b41   UpdateWritePtr
01028b65   FillBuffer
01028e49   _encode_wrapper
01029041   cmd_button
0102905d   set_system_volume
01029091   cmd_vol
010290a9   cmd_get_vol
010290c5   cmd_confidence
010290d9   cmd_codec
0102912d   codec_power_spkr
01029181   cmd_pwr_speaker
010291c1   Cmd_hwver
01029205   cmd_ch
01029221   Cmd_fault
01029239   Cmd_connect
010292b9   Cmd_disconnect
01029305   sl_NetAppPing
010294e5   Cmd_ping
0102952d   Cmd_time
010295ad   Cmd_status
010296cd   Cmd_readlight
01029735   Cmd_umnt
01029789   Cmd_ls
01029929   Cmd_cd
01029931   rm
0102994d   Cmd_rm
01029955   mkdir
01029971   Cmd_mkdir
01029979   Cmd_inttemp
01029a75   Cmd_read_temp_hum_press
01029aa9   strtoul
01029bb9   Cmd_meas_TVOC
01029c3d   Cmd_read_uv
01029dd1   Cmd_read_temp_humid_old
01029e71   Cmd_uvr
01029f1d   Cmd_uvw
01029f9d   Cmd_dusttest
01029fed   bit_array_resize
0102a02d   bit_array_init
0102a037   ack_set_init
0102a05f   bit_array_clz
0102a0bd   bit_array_get
0102a121   bit_array_count
0102a1cb   bit_array_put
0102a229   bit_array_rshift_bytes
0102a255   ack_set_remove
0102a2e9   ack_set_update
0102a3b1   hlo_output_pb_wto
0102a441   hlo_output_pb
0102a449   Cmd_pbstr
0102a541   fifo_stream_open
0102a571   Cmd_testhmac
0102a5c1   Cmd_audio_stop
0102a659   ustrtoul
0102a6f9   random_stream_open
0102a719   uart_stream
0102a739   mic_test_stream_open
0102a761   strchr
0102a777   strsep
0102a7b9   hlo_stream_en
0102a82d   hlo_http_get
0102a885   hlo_stream_sr_cnv
0102a8fd   open_stream_from_path
0102ab71   Cmd_stream_transfer
0102ac59   Cmd_AudioPlayback
0102acad   Cmd_get_octogram
0102ad3d   mic_test_deviation
0102ae0d   Cmd_mic_test
0102ae89   Cmd_antsel
0102aee1   factory_led_test_pattern
0102af25   Cmd_led
0102b109   Cmd_send_top
0102b169   Cmd_topdfu
0102b1b1   slip_dtm_mode
0102b1cd   Cmd_top_dtm
0102b275   Cmd_led_animate
0102b521   Cmd_log_setview
0102b545   Cmd_version
0102b585   RNG_custom_init
0102b5a5   RC4_setup
0102b5e7   RC4_crypt
0102b625   get_random
0102b6c5   get_random_NZ
0102b6ed   save_aes_in_memory
0102b705   save_aes
0102b72d   bi_depermanent
0102b745   bi_free
0102b771   bi_free_mod
0102b79d   bi_clear_cache
0102b7c5   bi_terminate
0102b7ef   RSA_free
0102b8d1   bi_permanent
0102b8e9   bi_initialize
0102b93b   bi_import
0102b999   __aeabi_uldivmod
0102bbe5   bi_set_mod
0102bc31   RSA_pub_key_new
0102bcc5   int_to_bi
0102bcd5   bi_clone
0102bd2d   bi_copy
0102bde7   bi_multiply
0102bdf3   bi_compare
0102be2d   bi_subtract
0102be99   bi_add
0102bf59   bi_divide
0102c1d9   bi_mod_power
0102c315   RSA_private
0102c325   RSA_public
0102c337   bi_export
0102c389   RSA_encrypt
0102c419   Cmd_generate_factory_data
0102c591   Cmd_test_key
0102c659   Cmd_test_3200_rtc
0102c6b9   Cmd_country
0102c74d   Cmd_uptime
0102c771   Cmd_sync
0102c77f   Cmd_led_clr
0102c795   Cmd_boot
0102c7b5   Cmd_get_gesture_count
0102c7dd   set_alarm
0102c9d5   set_test_alarm
0102ca69   cmd_set_time
0102cad9   sl_WlanGetNetworkList
0102cb6d   get_wifi_scan_result
0102cca9   Cmd_rssi
0102cd55   Cmd_setDev
0102ce55   Cmd_scan_wifi
0102cf51   Cmd_nwpinfo
0102cf61   Cmd_gesture
0102cfa9   cmd_file_sync_upload
0102cfe5   cmd_test_neural_net
0102d06d   pn_init_with_state
0102d08d   pn_init_with_mask_10
0102d09d   pn_stream_init
0102d139   pcm_set_ping_pong_incoming_stream_mode
0102d145   pn_read_stream_open
0102d159   pn_write_stream_open
0102d16d   cmd_audio_self_test
0102d4b1   cmd_tap
0102d4d9   cmd_flipped
0102d621   I2CMasterIntStatusEx
0102d703   http_free
0102d91d   _encode_read_id
0102dabd   encode_file_info
0102dbcd   _SlDeviceResetRequestInitCompletedCB
0102dbf1   pb_encode_delimited
0102dbf5   encode_all_periodic_data
0102dd4d   activate_top_ota
0102dd59   wait_for_top_boot
0102dd89   boot_commit_ota
0102df01   set_loglevel
0102df0d   led_set_user_color
0102e285   encode_all_pills
0102e28b   encode_all_prox
0102e2c1   hlo_future_write
0102e4fd   is_alarm_ringing
0102e531   tinytensor_features_force_voice_activity_detection
0102e5f9   get_audio_state
0102e69f   mad_decoder_init
0102e6cb   mad_bit_init
0102e6d7   mad_stream_init
0102e70d   mad_header_init
0102e735   mad_frame_mute
0102e78d   mad_frame_init
0102e7a7   mad_synth_mute
0102e7df   mad_synth_init
0102e7ff   mad_bit_nextbyte
0102e80f   mad_stream_sync
0102e851   mad_bit_skip
0102e883   mad_bit_read
0102e901   mad_bit_crc
0102ec89   mad_timer_set
0102ee95   mad_header_decode
0102f049   mad_bit_length
0102f05d   mad_frame_decode
0102f0dd   mad_synth_frame
0102f14d   mad_frame_finish
0102f163   mad_stream_finish
0102f2a9   mad_decoder_run
0102f2dd   mad_decoder_finish
0102f2e1   hlo_filter_mp3_decoder
0102f3b1   unblock_sync
0102f3d9   pingRes
0102f451   ack_set_yield
0102f471   get_ws_server
0102f4a1   hlo_ws_stream
0102f935   hlo_pb_decode
0102fb39   ble_proto_assign_decode_funcs
0102fb59   ble_proto_get_morpheus_command
0102fb99   ble_proto_free_morpheus_command
0102fbfd   pn_read_task
0102fc59   pn_get_next_bit
0102fc75   get_pn_sequence
0102fe37   pn_correlate_1x_soft
0102fe45   correlate
010300f9   pn_write_task
010303dd   _SlDeviceHandleAsync_InitComplete
01030489   _SlDeviceHandleAsync_Stop
010304f1   SimpleLinkGeneralEventHandler
010304fd   _SlDrvIsApiInProgress
0103051d   _SlDeviceHandleResetRequestInternally
01030589   _SlFlowContSet
010305b1   _SlDeviceEventHandler
010306b1   SimpleLinkWlanEventHandler
0103081d   SimpleLinkSockEventHandler
0103091d   PRCMSlowClkCtrGet
0103094d   SimpleLinkNetAppEventHandler
01030a01   _SlNetUtilHandleAsync_Cmd
01030abd   pb_ostream_from_buffer
01030d65   send_to_download_queue
01030d89   _on_file_update
01030ed5   _decode_string_field
01030ff9   hold_animate_progress_task
01031079   on_pill_settings
010311ed   _on_file_download
010312d5   itohexstring
0103143d   http_parse_chunked
010314dd   http_parse_header_char
01031599   tolower
010315a9   http_data
010317e5   http_iserror
01031975   tinytensor_create_new_tensor
01031a7d   tinytensor_eval_stateful_net
01031d95   mad_stream_errorstr
010320b9   mad_stream_buffer
01032261   hlo_stream_end
0103228d   frame_pipe_encode
01032445   thread_frame_pipe_encode
01032461   hlo_prep_for_pb
01032495   frame_pipe_decode
01032649   thread_frame_pipe_decode
0103266d   hlo_filter_throughput_test
010326f9   fxd_sqrt
010327f1   hlo_filter_modulate_led_with_sound
010328d1   adpcm_decoder
01032985   hlo_filter_adpcm_decoder
01032a49   hlo_filter_adpcm_encoder
01032ad9   hlo_filter_nn_keyword_recognition
01032b99   Octogram_Init
01032c41   Octogram_Update
01032c8d   __aeabi_llsl
01032cff   Octogram_GetResult
01032d65   hlo_filter_octogram
01032f45   get_unique_wifi_list
010330e5   _SlNetAppHandleAsync_DnsGetHostByName
01033171   _SlNetAppHandleAsync_DnsGetHostByService
01033259   _SlNetAppHandleAsync_PingResponse
010332e5   SimpleLinkHttpServerCallback
010332f1   _SlDrvDispatchHttpServerEvents
01033301   _SlDrvCmdSend_noLock
0103336d   _SlNetAppSendTokenValue
010333d9   _SlNetAppSendResponse
01033495   _SlNetAppEventHandler
01033b7d   _SlSocketHandleAsync_Accept
01033be5   _SlSocketHandleAsync_Connect
01033c69   _SlSocketHandleAsync_Select
01033ced   _SlNetAppHandleAsync_NetAppReceive
01033dc5   _SlSocketHandleAsync_Close
01034031   hlo_asm_accumulate
01034147   tiny_tensor_get_descaling
01034295   tinytensor_exp_q12
0103431d   tinytensor_vec_softmax_in_place
01034665   sl_Htons
010348f9   UARTTxBytesFree
01035adf   pb_encode_svarint
01035b3f   pb_encode_fixed32
01035b4b   pb_encode_fixed64
01035c2f   delete_tensor
01035c81   mad_layer_I
01035f25   mad_layer_II
01037fd1   mad_layer_III
01038291   pb_decode_varint
010383bf   pb_decode_svarint
01038453   pb_decode_fixed32
0103845f   pb_decode_fixed64
0104a36a   MorpheusCommand_fields
0104a4b4   periodic_data_fields
0104a72c   _ctypes_
0104ac30   mad_huff_pair_table
0104b3d0   SyncResponse_fields
0104b998   SyncResponse_FileDownload_fields
0104bba8   FileManifest_fields
0104bd80   AudioControl_fields
0104bf38   batched_periodic_data_fields
0104c23c   mad_huff_quad_table
0104c244   Message_fields
0104c334   periodic_data_light_data_fields
0104c3ac   pill_data_fields
0104c650   SpeechRequest_fields
0104c6ba   PlayAudio_fields
0104c723   SyncResponse_Alarm_fields
0104caf4   OpcodeTranslateTable
0104cbb4   FileManifest_FileDownload_fields
0104cd2c   FlagsTranslate
0104cd50   _SlFsFileSysControlCmdCtrl
0104cd54   _SlFsProgrammingCmdCtrl
0104cd58   _SlFsGetFileListCmdCtrl
0104cdc0   _SlActionLookupTable
0104ce10   hello_NTPDataPacket_fields
0104cea8   sense_log_fields
0104cef4   AudioState_fields
0104cf3f   wifi_endpoint_fields
0104d12c   AudioClassifierMessage_fields
0104d168   FileManifest_FileOperationError_fields
0104d1a4   FileManifest_File_fields
0104d1e0   FileManifest_MemoryInfo_fields
0104d21c   Preamble_fields
0104d258   SyncResponse_WhiteNoise_fields
0104d294   StopAudio_fields
0104d2b2   Volume_fields
0104d2d0   batched_periodic_data_wifi_access_point_fields
0104d30c   batched_pill_data_fields
0104d4e8   _SlNetAppSendTokenValueCmdCtrl
0104d4ec   _SlNetAppSendResponseCmdCtrl
0104d4f0   _SlNetAppReceiveCmdCtrl
0104d4f4   _SlNetAppSendCmdCtrl
0104d54c   _SlProvisioningCmdCtrl
0104d688   Ack_fields
0104d6b6   SenseState_fields
0104d6e4   FileManifest_LinkHealth_fields
0104d711   ReceiveMessageRequest_fields
0104d73e   SyncResponse_PillSettings_fields
0104daf4   SyncResponse_Alarm_ringtone_id_default
0104daf8   BatchedPillSettings_fields
0104db76   BatchMessage_fields
0104dcd4   SYSVIEW_X_OS_TraceAPI
0104dce4   SpeechRequest_eq_default
0104dce5   SpeechRequest_response_default
0104dce8   SpeechRequest_sampling_rate_default
0104dcec   mad_timer_zero
0104dd08   __TI_table_binit
0104dd08   __binit__
0104dd08   binit
0105f400   __TI_static_base__
010611d8   __TI_Handler_Table_Base
010611e4   __TI_Handler_Table_Limit
010611f8   __TI_CINIT_Base
01061210   __TI_CINIT_Limit
20035ffc   BME_i2c
20036000   gpCtlTbl
20036400   ping
20036800   ping_p
20036c00   pong
20037000   pong_p
200377c0   fsobj
20037da8   gfpAppCallbackHndl
200381d4   _SEGGER_RTT
200383b4   g_ucDinDout
20038454   xQueueRegistry
20038644   bme280_cal
20038668   fsdirobj
20038760   file_info
20038838   DeviceCB
20038870   top_device_id
20038880   DMAMsgQ
20038888   GlobalLockObj
200388e8   dust_smphr
200388f0   g_cDummy
20038908   g_xRxLineSemaphore
20038910   hlo_ack_queue
20038918   i2c_smphr
20038934   led_smphr
20038954   p1
20038958   p2
20038964   playback_isr_sem
2003897c   record_isr_sem
20038994   spi_smphr
2003899c   t_fine
200389a4   RxIrqCnt
200389a8   iDone
200389ad   xTaskGetCurrentTaskHandle
200389b9   xTaskGetSchedulerState
200389d9   vTaskSetTimeOutState
20038a09   vTaskSuspendAll
20038a19   xTaskCheckForTimeOut
20038aa1   uxListRemove
20038ac7   vListInsertEnd
20038ae1   xTaskRemoveFromEventList
20038b75   vTaskMissedYield
20038be5   xTaskIncrementTick
20038d29   xTaskResumeAll
20038e41   vTaskPriorityInherit
20038ed9   vListInsert
20038f69   vTaskPlaceOnEventList
20039005   pvTaskIncrementMutexHeldCount
2003901d   xQueueGenericReceive
2003925d   xQueueTakeMutexRecursive
200392a1   ulTaskNotifyTake
20039341   xTaskGetTickCount
20039359   vTaskDelay
200393f9   xTaskPriorityDisinherit
2003953d   xQueueGenericSend
20039779   xQueueGiveMutexRecursive
200397b5   uxQueueSpacesAvailable
200397dd   xTaskRemoveFromUnorderedEventList
20039891   xEventGroupSetBits
20039959   xPortGetFreeHeapSize
20039965   mem_Free
20039965   vPortFree
20039a69   vPortDefineHeapRegions
20039b81   pvPortMalloc
20039c51   vListInitialise
20039c69   xQueueGenericReset
20039cdd   xQueueGenericCreate
20039da5   vListInitialiseItem
20039df9   pxPortInitialiseStack
20039e7d   xTaskGenericCreate
2003a005   vQueueAddToRegistry
2003a0ad   xTimerCreateTimerTask
2003a0fd   vTaskSwitchContext
2003a1e5   xPortStartScheduler
2003a271   osi_start
2003a271   vTaskStartScheduler
2003a2e5   xEventGroupCreate
2003a2ff   xQueueCreateMutex
2003a34d   vQueueUnregisterQueue
2003a371   vQueueDelete
2003a3a1   xQueueGenericSendFromISR
2003a4ed   xTimerCreate
2003a54d   xEventGroupClearBits
2003a5c1   xTimerGenericCommand
2003a639   vTaskPlaceOnUnorderedEventList
2003a6e5   uxTaskResetEventItemValue
2003a6fd   xEventGroupWaitBits
2003a885   vTaskDelete
2003aa85   xQueueGiveFromISR
2003ab99   bitexp
2003abbd   vTaskDelayUntil
2003ac95   xTaskGetTickCountFromISR
2003ae11   vTaskPlaceOnEventListRestricted
2003ae91   vQueueWaitForMessageRestricted
2003b029   pvPortRealloc
2003b239   bitlog
2003b265   uxQueueMessagesWaiting
2003b329   uxTaskGetSystemState
2003b3c5   vTaskList
2003b489   tinytensor_create_lstm_layer
2003b4d5   keyword_net_initialize
2003b50d   keyword_net_register_callback
2003b531   keyword_net_register_speech_callback
2003b541   fxd_sin
2003b585   fft
2003b6bd   tinytensor_features_get_mel_bank
2003ba71   keyword_net_add_audio_samples
2003ba71   tinytensor_features_add_samples
2003bae9   keyword_net_deinitialize
2003bb01   vTaskNotifyGiveFromISR
2003bc05   DMAPingPongCompleteAppCB_opt
2003c22f   fix_window
2003c645   tinytensor_tanh
2003e69c   g_sCmdTable
2003ee48   pTxBuffer
2003ee4c   pRxBuffer
2003ee50   booted
2003ee51   use_dev_server
2003ee64   provisioning_mode
2003ee68   data_queue
2003ee6c   force_data_queue
2003ee70   pill_queue
2003ee74   pill_prox_queue
2003ee78   data_queue_batch_size
2003ee7c   pill_queue_batch_size
2003ee80   top_got_device_id
2003ef2c   folders
2003ef60   query_delay_ticks
2003ef64   pxCurrentTCB
2003ef98   sl_mode
2003ef9c   aes_key
2003f01c   subscriptions
2003f090   need_init_lights
2003f091   needs_startup_sound
2003f092   needs_pairing_animation
2003f093   top_version
2003f104   tvoc_wa
2003f108   sys_volume
2003f134   guiDMATransferCountTx
2003f138   guiDMATransferCountRx
2003f13c   _pcm_ping_pong_incoming_stream_mode
2003f144   ch
2003f15c   led_duration
2003f168   _tz
2003f17c   audio_sig_stop
2003f188   xHigherPriorityTaskWoken
2003f18c   xSimpleLinkSpawnQueue
2003f190   xSimpleLinkSpawnTaskHndl
2003f1ac   sync_fnc
2003f1b0   idlecnt
2003f1b4   last_upload_time
2003f1b8   gGlobalLockCntRequested
2003f1b9   gGlobalLockCntReleased
2003f1ba   g_SlDeviceStatus
2003f1bc   g_pCB
2003f1c0   pPingCallBackFunc
2003f1d0   g_SpiFd
2003f1d4   g_pHostIntHdl
2003f1d8   g_ucDMAEnabled
2003f1fc   _lock
2003f200   _unlock
2003f204   __TI_cleanup_ptr
2003f208   __TI_dtors_ptr
2003f20c   download_queue
2003f214   hw_ver
2003f218   _rx_queue
2003f220   _Errno
2003f228   main_func_sp
2003f400   ulRAMVectorTable
2003fa00   __stack
20040000   __STACK_END
ffffffff   __c_args__
UNDEFED    SHT$$INIT_ARRAY$$Base
UNDEFED    SHT$$INIT_ARRAY$$Limit

[1164 symbols]
